Component: ARM Compiler 5.06 update 7 (build 960) Tool: armlink [4d3601]

==============================================================================

Section Cross References

    startup_stm32f103xb.o(RESET) refers to startup_stm32f103xb.o(STACK) for __initial_sp
    startup_stm32f103xb.o(RESET) refers to startup_stm32f103xb.o(.text) for Reset_Handler
    startup_stm32f103xb.o(RESET) refers to stm32f1xx_it.o(i.NMI_Handler) for NMI_Handler
    startup_stm32f103xb.o(RESET) refers to stm32f1xx_it.o(i.HardFault_Handler) for HardFault_Handler
    startup_stm32f103xb.o(RESET) refers to stm32f1xx_it.o(i.MemManage_Handler) for MemManage_Handler
    startup_stm32f103xb.o(RESET) refers to stm32f1xx_it.o(i.BusFault_Handler) for BusFault_Handler
    startup_stm32f103xb.o(RESET) refers to stm32f1xx_it.o(i.UsageFault_Handler) for UsageFault_Handler
    startup_stm32f103xb.o(RESET) refers to stm32f1xx_it.o(i.SVC_Handler) for SVC_Handler
    startup_stm32f103xb.o(RESET) refers to stm32f1xx_it.o(i.DebugMon_Handler) for DebugMon_Handler
    startup_stm32f103xb.o(RESET) refers to stm32f1xx_it.o(i.PendSV_Handler) for PendSV_Handler
    startup_stm32f103xb.o(RESET) refers to stm32f1xx_it.o(i.SysTick_Handler) for SysTick_Handler
    startup_stm32f103xb.o(RESET) refers to stm32f1xx_it.o(i.ADC1_2_IRQHandler) for ADC1_2_IRQHandler
    startup_stm32f103xb.o(RESET) refers to stm32f1xx_it.o(i.USB_LP_CAN1_RX0_IRQHandler) for USB_LP_CAN1_RX0_IRQHandler
    startup_stm32f103xb.o(RESET) refers to stm32f1xx_it.o(i.SPI2_IRQHandler) for SPI2_IRQHandler
    startup_stm32f103xb.o(RESET) refers to stm32f1xx_it.o(i.USART1_IRQHandler) for USART1_IRQHandler
    startup_stm32f103xb.o(.text) refers to system_stm32f1xx.o(i.SystemInit) for SystemInit
    startup_stm32f103xb.o(.text) refers to entry.o(.ARM.Collect$$$$00000000) for __main
    nrf24l01.o(i.NRF24L01_Check) refers to nrf24l01.o(i.SPI2_SetSpeed) for SPI2_SetSpeed
    nrf24l01.o(i.NRF24L01_Check) refers to nrf24l01.o(i.NRF24L01_Write_Buf) for NRF24L01_Write_Buf
    nrf24l01.o(i.NRF24L01_Check) refers to nrf24l01.o(i.NRF24L01_Read_Buf) for NRF24L01_Read_Buf
    nrf24l01.o(i.NRF24L01_Init) refers to nrf24l01.o(i.NRF24L01_SPI_Init) for NRF24L01_SPI_Init
    nrf24l01.o(i.NRF24L01_Init) refers to stm32f1xx_hal_gpio.o(i.HAL_GPIO_WritePin) for HAL_GPIO_WritePin
    nrf24l01.o(i.NRF24L01_RX_Mode) refers to stm32f1xx_hal_gpio.o(i.HAL_GPIO_WritePin) for HAL_GPIO_WritePin
    nrf24l01.o(i.NRF24L01_RX_Mode) refers to nrf24l01.o(i.NRF24L01_Write_Reg) for NRF24L01_Write_Reg
    nrf24l01.o(i.NRF24L01_RX_Mode) refers to nrf24l01.o(i.NRF24L01_Write_Buf) for NRF24L01_Write_Buf
    nrf24l01.o(i.NRF24L01_RX_Mode) refers to nrf24l01.o(.constdata) for .constdata
    nrf24l01.o(i.NRF24L01_Read_Buf) refers to stm32f1xx_hal_gpio.o(i.HAL_GPIO_WritePin) for HAL_GPIO_WritePin
    nrf24l01.o(i.NRF24L01_Read_Buf) refers to nrf24l01.o(i.SPIx_ReadWriteByte) for SPIx_ReadWriteByte
    nrf24l01.o(i.NRF24L01_Read_Buf) refers to spi.o(.bss) for hspi2
    nrf24l01.o(i.NRF24L01_Read_Reg) refers to stm32f1xx_hal_gpio.o(i.HAL_GPIO_WritePin) for HAL_GPIO_WritePin
    nrf24l01.o(i.NRF24L01_Read_Reg) refers to nrf24l01.o(i.SPIx_ReadWriteByte) for SPIx_ReadWriteByte
    nrf24l01.o(i.NRF24L01_Read_Reg) refers to spi.o(.bss) for hspi2
    nrf24l01.o(i.NRF24L01_RxPacket) refers to nrf24l01.o(i.SPI2_SetSpeed) for SPI2_SetSpeed
    nrf24l01.o(i.NRF24L01_RxPacket) refers to nrf24l01.o(i.NRF24L01_Read_Reg) for NRF24L01_Read_Reg
    nrf24l01.o(i.NRF24L01_RxPacket) refers to nrf24l01.o(i.NRF24L01_Write_Reg) for NRF24L01_Write_Reg
    nrf24l01.o(i.NRF24L01_RxPacket) refers to nrf24l01.o(i.NRF24L01_Read_Buf) for NRF24L01_Read_Buf
    nrf24l01.o(i.NRF24L01_SPI_Init) refers to stm32f1xx_hal_spi.o(i.HAL_SPI_Init) for HAL_SPI_Init
    nrf24l01.o(i.NRF24L01_SPI_Init) refers to spi.o(.bss) for hspi2
    nrf24l01.o(i.NRF24L01_TX_Mode) refers to stm32f1xx_hal_gpio.o(i.HAL_GPIO_WritePin) for HAL_GPIO_WritePin
    nrf24l01.o(i.NRF24L01_TX_Mode) refers to nrf24l01.o(i.NRF24L01_Write_Buf) for NRF24L01_Write_Buf
    nrf24l01.o(i.NRF24L01_TX_Mode) refers to nrf24l01.o(i.NRF24L01_Write_Reg) for NRF24L01_Write_Reg
    nrf24l01.o(i.NRF24L01_TX_Mode) refers to nrf24l01.o(.constdata) for .constdata
    nrf24l01.o(i.NRF24L01_TxPacket) refers to nrf24l01.o(i.SPI2_SetSpeed) for SPI2_SetSpeed
    nrf24l01.o(i.NRF24L01_TxPacket) refers to stm32f1xx_hal_gpio.o(i.HAL_GPIO_WritePin) for HAL_GPIO_WritePin
    nrf24l01.o(i.NRF24L01_TxPacket) refers to nrf24l01.o(i.NRF24L01_Write_Buf) for NRF24L01_Write_Buf
    nrf24l01.o(i.NRF24L01_TxPacket) refers to stm32f1xx_hal_gpio.o(i.HAL_GPIO_ReadPin) for HAL_GPIO_ReadPin
    nrf24l01.o(i.NRF24L01_TxPacket) refers to nrf24l01.o(i.NRF24L01_Read_Reg) for NRF24L01_Read_Reg
    nrf24l01.o(i.NRF24L01_TxPacket) refers to nrf24l01.o(i.NRF24L01_Write_Reg) for NRF24L01_Write_Reg
    nrf24l01.o(i.NRF24L01_Write_Buf) refers to stm32f1xx_hal_gpio.o(i.HAL_GPIO_WritePin) for HAL_GPIO_WritePin
[...]
    ../fplib/microlib/fpfix.c                0x00000000   Number         0  dfixul.o ABSOLUTE
    ../fplib/microlib/fpmul.c                0x00000000   Number         0  dmul.o ABSOLUTE
    ..\Core\Src\adc.c                        0x00000000   Number         0  adc.o ABSOLUTE
    ..\Core\Src\gpio.c                       0x00000000   Number         0  gpio.o ABSOLUTE
    ..\Core\Src\main.c                       0x00000000   Number         0  main.o ABSOLUTE
    ..\Core\Src\spi.c                        0x00000000   Number         0  spi.o ABSOLUTE
    ..\Core\Src\stm32f1xx_hal_msp.c          0x00000000   Number         0  stm32f1xx_hal_msp.o ABSOLUTE
    ..\Core\Src\stm32f1xx_it.c               0x00000000   Number         0  stm32f1xx_it.o ABSOLUTE
    ..\Core\Src\system_stm32f1xx.c           0x00000000   Number         0  system_stm32f1xx.o ABSOLUTE
    ..\Core\Src\usart.c                      0x00000000   Number         0  usart.o ABSOLUTE
    ..\Drivers\STM32F1xx_HAL_Driver\Src\stm32f1xx_hal.c 0x00000000   Number         0  stm32f1xx_hal.o ABSOLUTE
    ..\Drivers\STM32F1xx_HAL_Driver\Src\stm32f1xx_hal_adc.c 0x00000000   Number         0  stm32f1xx_hal_adc.o ABSOLUTE
    ..\Drivers\STM32F1xx_HAL_Driver\Src\stm32f1xx_hal_adc_ex.c 0x00000000   Number         0  stm32f1xx_hal_adc_ex.o ABSOLUTE
    ..\Drivers\STM32F1xx_HAL_Driver\Src\stm32f1xx_hal_cortex.c 0x00000000   Number         0  stm32f1xx_hal_cortex.o ABSOLUTE
    ..\Drivers\STM32F1xx_HAL_Driver\Src\stm32f1xx_hal_dma.c 0x00000000   Number         0  stm32f1xx_hal_dma.o ABSOLUTE
    ..\Drivers\STM32F1xx_HAL_Driver\Src\stm32f1xx_hal_exti.c 0x00000000   Number         0  stm32f1xx_hal_exti.o ABSOLUTE
    ..\Drivers\STM32F1xx_HAL_Driver\Src\stm32f1xx_hal_flash.c 0x00000000   Number         0  stm32f1xx_hal_flash.o ABSOLUTE
    ..\Drivers\STM32F1xx_HAL_Driver\Src\stm32f1xx_hal_flash_ex.c 0x00000000   Number         0  stm32f1xx_hal_flash_ex.o ABSOLUTE
    ..\Drivers\STM32F1xx_HAL_Driver\Src\stm32f1xx_hal_gpio.c 0x00000000   Number         0  stm32f1xx_hal_gpio.o ABSOLUTE
    ..\Drivers\STM32F1xx_HAL_Driver\Src\stm32f1xx_hal_gpio_ex.c 0x00000000   Number         0  stm32f1xx_hal_gpio_ex.o ABSOLUTE
    ..\Drivers\STM32F1xx_HAL_Driver\Src\stm32f1xx_hal_pcd.c 0x00000000   Number         0  stm32f1xx_hal_pcd.o ABSOLUTE
    ..\Drivers\STM32F1xx_HAL_Driver\Src\stm32f1xx_hal_pcd_ex.c 0x00000000   Number         0  stm32f1xx_hal_pcd_ex.o ABSOLUTE
    ..\Drivers\STM32F1xx_HAL_Driver\Src\stm32f1xx_hal_pwr.c 0x00000000   Number         0  stm32f1xx_hal_pwr.o ABSOLUTE
    ..\Drivers\STM32F1xx_HAL_Driver\Src\stm32f1xx_hal_rcc.c 0x00000000   Number         0  stm32f1xx_hal_rcc.o ABSOLUTE
    ..\Drivers\STM32F1xx_HAL_Driver\Src\stm32f1xx_hal_rcc_ex.c 0x00000000   Number         0  stm32f1xx_hal_rcc_ex.o ABSOLUTE
    ..\Drivers\STM32F1xx_HAL_Driver\Src\stm32f1xx_hal_spi.c 0x00000000   Number         0  stm32f1xx_hal_spi.o ABSOLUTE
    ..\Drivers\STM32F1xx_HAL_Driver\Src\stm32f1xx_hal_tim.c 0x00000000   Number         0  stm32f1xx_hal_tim.o ABSOLUTE
    ..\Drivers\STM32F1xx_HAL_Driver\Src\stm32f1xx_hal_tim_ex.c 0x00000000   Number         0  stm32f1xx_hal_tim_ex.o ABSOLUTE
    ..\Drivers\STM32F1xx_HAL_Driver\Src\stm32f1xx_hal_uart.c 0x00000000   Number         0  stm32f1xx_hal_uart.o ABSOLUTE
    ..\Drivers\STM32F1xx_HAL_Driver\Src\stm32f1xx_ll_usb.c 0x00000000   Number         0  stm32f1xx_ll_usb.o ABSOLUTE
    ..\Middlewares\ST\STM32_USB_Device_Library\Class\HID\Src\usbd_hid.c 0x00000000   Number         0  usbd_hid.o ABSOLUTE
    ..\Middlewares\ST\STM32_USB_Device_Library\Core\Src\usbd_core.c 0x00000000   Number         0  usbd_core.o ABSOLUTE
    ..\Middlewares\ST\STM32_USB_Device_Library\Core\Src\usbd_ctlreq.c 0x00000000   Number         0  usbd_ctlreq.o ABSOLUTE
    ..\Middlewares\ST\STM32_USB_Device_Library\Core\Src\usbd_ioreq.c 0x00000000   Number         0  usbd_ioreq.o ABSOLUTE
    ..\USB_DEVICE\App\usb_device.c           0x00000000   Number         0  usb_device.o ABSOLUTE
    ..\USB_DEVICE\App\usbd_desc.c            0x00000000   Number         0  usbd_desc.o ABSOLUTE
    ..\USB_DEVICE\Target\usbd_conf.c         0x00000000   Number         0  usbd_conf.o ABSOLUTE
    DEVICE\NRF24L01.c                        0x00000000   Number         0  nrf24l01.o ABSOLUTE
    DEVICE\USB.c                             0x00000000   Number         0  usb.o ABSOLUTE
    DEVICE\\NRF24L01.c                       0x00000000   Number         0  nrf24l01.o ABSOLUTE
    DEVICE\\USB.c                            0x00000000   Number         0  usb.o ABSOLUTE
    cdrcmple.s                               0x00000000   Number         0  cdrcmple.o ABSOLUTE
    dc.s                                     0x00000000   Number         0  dc.o ABSOLUTE
    handlers.s                               0x00000000   Number         0  handlers.o ABSOLUTE
    init.s                                   0x00000000   Number         0  init.o ABSOLUTE
    startup_stm32f103xb.s                    0x00000000   Number         0  startup_stm32f103xb.o ABSOLUTE
    RESET                                    0x08000000   Section      236  startup_stm32f103xb.o(RESET)
    .ARM.Collect$$$$00000000                 0x080000ec   Section        0  entry.o(.ARM.Collect$$$$00000000)
    .ARM.Collect$$$$00000001                 0x080000ec   Section        4  entry2.o(.ARM.Collect$$$$00000001)
    .ARM.Collect$$$$00000004                 0x080000f0   Section        4  entry5.o(.ARM.Collect$$$$00000004)
    .ARM.Collect$$$$00000008                 0x080000f4   Section        0  entry7b.o(.ARM.Collect$$$$00000008)
    .ARM.Collect$$$$0000000A                 0x080000f4   Section        0  entry8b.o(.ARM.Collect$$$$0000000A)
    .ARM.Collect$$$$0000000B                 0x080000f4   Section        8  entry9a.o(.ARM.Collect$$$$0000000B)
    .ARM.Collect$$$$0000000E                 0x080000fc   Section        4  entry12b.o(.ARM.Collect$$$$0000000E)
    .ARM.Collect$$$$0000000F                 0x08000100   Section        0  entry10a.o(.ARM.Collect$$$$0000000F)
    .ARM.Collect$$$$00000011                 0x08000100   Section        0  entry11a.o(.ARM.Collect$$$$00000011)
    .ARM.Collect$$$$00002712                 0x08000100   Section        4  entry2.o(.ARM.Collect$$$$00002712)
    __lit__00000000                          0x08000100   Data           4  entry2.o(.ARM.Collect$$$$00002712)
    .text                                    0x08000104   Section       36  startup_stm32f103xb.o(.text)
    .text                                    0x08000128   Section        0  memseta.o(.text)
    .text                                    0x0800014c   Section       36  init.o(.text)
    .text                                    0x08000170   Section        0  __dczerorl2.o(.text)
    i.ADC1_2_IRQHandler                      0x080001c8   Section        0  stm32f1xx_it.o(i.ADC1_2_IRQHandler)
    i.ADC_ConversionStop_Disable             0x080001e4   Section        0  stm32f1xx_hal_adc.o(i.ADC_ConversionStop_Disable)
    i.BusFault_Handler                       0x0800023a   Section        0  stm32f1xx_it.o(i.BusFault_Handler)
    i.Click_L                                0x0800023c   Section        0  usb.o(i.Click_L)
    i.Click_M                                0x08000254   Section        0  usb.o(i.Click_M)
    i.Click_R                                0x0800026c   Section        0  usb.o(i.Click_R)
    i.DebugMon_Handler                       0x08000284   Section        0  stm32f1xx_it.o(i.DebugMon_Handler)
    i.Error_Handler                          0x08000286   Section        0  main.o(i.Error_Handler)
    i.HAL_ADCEx_InjectedConvCpltCallback     0x0800028a   Section        0  stm32f1xx_hal_adc_ex.o(i.HAL_ADCEx_InjectedConvCpltCallback)
    i.HAL_ADC_ConfigChannel                  0x0800028c   Section        0  stm32f1xx_hal_adc.o(i.HAL_ADC_ConfigChannel)
    i.HAL_ADC_ConvCpltCallback               0x08000388   Section        0  stm32f1xx_hal_adc.o(i.HAL_ADC_ConvCpltCallback)
    i.HAL_ADC_IRQHandler                     0x0800038a   Section        0  stm32f1xx_hal_adc.o(i.HAL_ADC_IRQHandler)
    i.HAL_ADC_Init                           0x08000468   Section        0  stm32f1xx_hal_adc.o(i.HAL_ADC_Init)
    i.HAL_ADC_LevelOutOfWindowCallback       0x08000584   Section        0  stm32f1xx_hal_adc.o(i.HAL_ADC_LevelOutOfWindowCallback)
    i.HAL_ADC_MspInit                        0x08000588   Section        0  adc.o(i.HAL_ADC_MspInit)
    i.HAL_DMA_Abort                          0x08000620   Section        0  stm32f1xx_hal_dma.o(i.HAL_DMA_Abort)
    i.HAL_DMA_Abort_IT                       0x08000668   Section        0  stm32f1xx_hal_dma.o(i.HAL_DMA_Abort_IT)
    i.HAL_Delay                              0x08000700   Section        0  stm32f1xx_hal.o(i.HAL_Delay)
    i.HAL_GPIO_Init                          0x08000724   Section        0  stm32f1xx_hal_gpio.o(i.HAL_GPIO_Init)
    i.HAL_GPIO_TogglePin                     0x08000904   Section        0  stm32f1xx_hal_gpio.o(i.HAL_GPIO_TogglePin)
    i.HAL_GPIO_WritePin                      0x08000914   Section        0  stm32f1xx_hal_gpio.o(i.HAL_GPIO_WritePin)
    i.HAL_GetTick                            0x08000920   Section        0  stm32f1xx_hal.o(i.HAL_GetTick)
    i.HAL_IncTick                            0x0800092c   Section        0  stm32f1xx_hal.o(i.HAL_IncTick)
    i.HAL_Init                               0x0800093c   Section        0  stm32f1xx_hal.o(i.HAL_Init)
    i.HAL_InitTick                           0x08000960   Section        0  stm32f1xx_hal.o(i.HAL_InitTick)
    i.HAL_MspInit                            0x080009a0   Section        0  stm32f1xx_hal_msp.o(i.HAL_MspInit)
    i.HAL_NVIC_EnableIRQ                     0x080009dc   Section        0  stm32f1xx_hal_cortex.o(i.HAL_NVIC_EnableIRQ)
    i.HAL_NVIC_SetPriority                   0x080009f8   Section        0  stm32f1xx_hal_cortex.o(i.HAL_NVIC_SetPriority)
    i.HAL_NVIC_SetPriorityGrouping           0x08000a38   Section        0  stm32f1xx_hal_cortex.o(i.HAL_NVIC_SetPriorityGrouping)
    i.HAL_PCDEx_PMAConfig                    0x08000a5c   Section        0  stm32f1xx_hal_pcd_ex.o(i.HAL_PCDEx_PMAConfig)
    i.HAL_PCDEx_SetConnectionState           0x08000a98   Section        0  usbd_conf.o(i.HAL_PCDEx_SetConnectionState)
    i.HAL_PCD_DataInStageCallback            0x08000a9a   Section        0  usbd_conf.o(i.HAL_PCD_DataInStageCallback)
    i.HAL_PCD_DataOutStageCallback           0x08000aac   Section        0  usbd_conf.o(i.HAL_PCD_DataOutStageCallback)
    i.HAL_PCD_EP_Close                       0x08000ac0   Section        0  stm32f1xx_hal_pcd.o(i.HAL_PCD_EP_Close)
    i.HAL_PCD_EP_ClrStall                    0x08000b0a   Section        0  stm32f1xx_hal_pcd.o(i.HAL_PCD_EP_ClrStall)
    i.HAL_PCD_EP_DB_Receive                  0x08000b64   Section        0  stm32f1xx_hal_pcd.o(i.HAL_PCD_EP_DB_Receive)
    HAL_PCD_EP_DB_Receive                    0x08000b65   Thumb Code   230  stm32f1xx_hal_pcd.o(i.HAL_PCD_EP_DB_Receive)
    i.HAL_PCD_EP_DB_Transmit                 0x08000c4a   Section        0  stm32f1xx_hal_pcd.o(i.HAL_PCD_EP_DB_Transmit)
    HAL_PCD_EP_DB_Transmit                   0x08000c4b   Thumb Code   824  stm32f1xx_hal_pcd.o(i.HAL_PCD_EP_DB_Transmit)
    i.HAL_PCD_EP_Open                        0x08000f82   Section        0  stm32f1xx_hal_pcd.o(i.HAL_PCD_EP_Open)
    i.HAL_PCD_EP_Receive                     0x08000fda   Section        0  stm32f1xx_hal_pcd.o(i.HAL_PCD_EP_Receive)
    i.HAL_PCD_EP_SetStall                    0x08001008   Section        0  stm32f1xx_hal_pcd.o(i.HAL_PCD_EP_SetStall)
    i.HAL_PCD_EP_Transmit                    0x08001078   Section        0  stm32f1xx_hal_pcd.o(i.HAL_PCD_EP_Transmit)
    i.HAL_PCD_IRQHandler                     0x080010a8   Section        0  stm32f1xx_hal_pcd.o(i.HAL_PCD_IRQHandler)
    i.HAL_PCD_Init                           0x080011dc   Section        0  stm32f1xx_hal_pcd.o(i.HAL_PCD_Init)
    i.HAL_PCD_MspInit                        0x08001298   Section        0  usbd_conf.o(i.HAL_PCD_MspInit)
    i.HAL_PCD_ResetCallback                  0x080012d4   Section        0  usbd_conf.o(i.HAL_PCD_ResetCallback)
    i.HAL_PCD_ResumeCallback                 0x080012fa   Section        0  usbd_conf.o(i.HAL_PCD_ResumeCallback)
    i.HAL_PCD_SOFCallback                    0x08001302   Section        0  usbd_conf.o(i.HAL_PCD_SOFCallback)
    i.HAL_PCD_SetAddress                     0x0800130a   Section        0  stm32f1xx_hal_pcd.o(i.HAL_PCD_SetAddress)
    i.HAL_PCD_SetupStageCallback             0x08001330   Section        0  usbd_conf.o(i.HAL_PCD_SetupStageCallback)
    i.HAL_PCD_Start                          0x0800133e   Section        0  stm32f1xx_hal_pcd.o(i.HAL_PCD_Start)
    i.HAL_PCD_SuspendCallback                0x08001370   Section        0  usbd_conf.o(i.HAL_PCD_SuspendCallback)
    i.HAL_RCCEx_PeriphCLKConfig              0x08001394   Section        0  stm32f1xx_hal_rcc_ex.o(i.HAL_RCCEx_PeriphCLKConfig)
    i.HAL_RCC_ClockConfig                    0x08001480   Section        0  stm32f1xx_hal_rcc.o(i.HAL_RCC_ClockConfig)
    i.HAL_RCC_GetPCLK1Freq                   0x080015ac   Section        0  stm32f1xx_hal_rcc.o(i.HAL_RCC_GetPCLK1Freq)
    i.HAL_RCC_GetPCLK2Freq                   0x080015cc   Section        0  stm32f1xx_hal_rcc.o(i.HAL_RCC_GetPCLK2Freq)
    i.HAL_RCC_GetSysClockFreq                0x080015ec   Section        0  stm32f1xx_hal_rcc.o(i.HAL_RCC_GetSysClockFreq)
    i.HAL_RCC_OscConfig                      0x08001638   Section        0  stm32f1xx_hal_rcc.o(i.HAL_RCC_OscConfig)
    i.HAL_SPI_ErrorCallback                  0x08001958   Section        0  stm32f1xx_hal_spi.o(i.HAL_SPI_ErrorCallback)
    i.HAL_SPI_IRQHandler                     0x0800195c   Section        0  stm32f1xx_hal_spi.o(i.HAL_SPI_IRQHandler)
    i.HAL_SPI_Init                           0x08001a3c   Section        0  stm32f1xx_hal_spi.o(i.HAL_SPI_Init)
    i.HAL_SPI_MspInit                        0x08001af0   Section        0  spi.o(i.HAL_SPI_MspInit)
    i.HAL_SPI_TransmitReceive                0x08001b74   Section        0  stm32f1xx_hal_spi.o(i.HAL_SPI_TransmitReceive)
    i.HAL_SYSTICK_Config                     0x08001d64   Section        0  stm32f1xx_hal_cortex.o(i.HAL_SYSTICK_Config)
    i.HAL_UARTEx_RxEventCallback             0x08001d8c   Section        0  stm32f1xx_hal_uart.o(i.HAL_UARTEx_RxEventCallback)
    i.HAL_UART_ErrorCallback                 0x08001d8e   Section        0  stm32f1xx_hal_uart.o(i.HAL_UART_ErrorCallback)
    i.HAL_UART_IRQHandler                    0x08001d90   Section        0  stm32f1xx_hal_uart.o(i.HAL_UART_IRQHandler)
    i.HAL_UART_Init                          0x08001ffc   Section        0  stm32f1xx_hal_uart.o(i.HAL_UART_Init)
    i.HAL_UART_MspInit                       0x08002060   Section        0  usart.o(i.HAL_UART_MspInit)
    i.HAL_UART_RxCpltCallback                0x080020e0   Section        0  stm32f1xx_hal_uart.o(i.HAL_UART_RxCpltCallback)
    i.HAL_UART_Transmit                      0x080020e2   Section        0  stm32f1xx_hal_uart.o(i.HAL_UART_Transmit)
    i.HAL_UART_TxCpltCallback                0x08002182   Section        0  stm32f1xx_hal_uart.o(i.HAL_UART_TxCpltCallback)
    i.HardFault_Handler                      0x08002184   Section        0  stm32f1xx_it.o(i.HardFault_Handler)
    i.IntToUnicode                           0x08002188   Section        0  usbd_desc.o(i.IntToUnicode)
    IntToUnicode                             0x08002189   Thumb Code    56  usbd_desc.o(i.IntToUnicode)
    i.MX_ADC1_Init                           0x080021c0   Section        0  adc.o(i.MX_ADC1_Init)
    i.MX_ADC2_Init                           0x0800220c   Section        0  adc.o(i.MX_ADC2_Init)
    i.MX_GPIO_Init                           0x08002258   Section        0  gpio.o(i.MX_GPIO_Init)
    i.MX_SPI2_Init                           0x08002318   Section        0  spi.o(i.MX_SPI2_Init)
    i.MX_USART1_UART_Init                    0x08002360   Section        0  usart.o(i.MX_USART1_UART_Init)
    i.MX_USB_DEVICE_Init                     0x08002398   Section        0  usb_device.o(i.MX_USB_DEVICE_Init)
    i.MemManage_Handler                      0x080023d8   Section        0  stm32f1xx_it.o(i.MemManage_Handler)
    i.Move                                   0x080023dc   Section        0  usb.o(i.Move)
    i.MoveAccordingToBuffer                  0x08002400   Section        0  usb.o(i.MoveAccordingToBuffer)
    i.NMI_Handler                            0x0800242c   Section        0  stm32f1xx_it.o(i.NMI_Handler)
    i.NRF24L01_Check                         0x08002430   Section        0  nrf24l01.o(i.NRF24L01_Check)
    i.NRF24L01_RX_Mode                       0x0800247c   Section        0  nrf24l01.o(i.NRF24L01_RX_Mode)
    i.NRF24L01_Read_Buf                      0x080024dc   Section        0  nrf24l01.o(i.NRF24L01_Read_Buf)
    i.NRF24L01_Read_Reg                      0x0800252c   Section        0  nrf24l01.o(i.NRF24L01_Read_Reg)
    i.NRF24L01_RxPacket                      0x08002564   Section        0  nrf24l01.o(i.NRF24L01_RxPacket)
    i.NRF24L01_Write_Buf                     0x0800259c   Section        0  nrf24l01.o(i.NRF24L01_Write_Buf)
    i.NRF24L01_Write_Reg                     0x080025f0   Section        0  nrf24l01.o(i.NRF24L01_Write_Reg)
    i.PCD_EP_ISR_Handler                     0x0800262c   Section        0  stm32f1xx_hal_pcd.o(i.PCD_EP_ISR_Handler)
    PCD_EP_ISR_Handler                       0x0800262d   Thumb Code   934  stm32f1xx_hal_pcd.o(i.PCD_EP_ISR_Handler)
    i.PendSV_Handler                         0x080029d2   Section        0  stm32f1xx_it.o(i.PendSV_Handler)
    i.SPI2_IRQHandler                        0x080029d4   Section        0  stm32f1xx_it.o(i.SPI2_IRQHandler)
    i.SPI2_SetSpeed                          0x080029e0   Section        0  nrf24l01.o(i.SPI2_SetSpeed)
    SPI2_SetSpeed                            0x080029e1   Thumb Code    46  nrf24l01.o(i.SPI2_SetSpeed)
    i.SPI_DMAAbortOnError                    0x08002a14   Section        0  stm32f1xx_hal_spi.o(i.SPI_DMAAbortOnError)
    SPI_DMAAbortOnError                      0x08002a15   Thumb Code    16  stm32f1xx_hal_spi.o(i.SPI_DMAAbortOnError)
    i.SPI_EndRxTxTransaction                 0x08002a24   Section        0  stm32f1xx_hal_spi.o(i.SPI_EndRxTxTransaction)
    SPI_EndRxTxTransaction                   0x08002a25   Thumb Code    52  stm32f1xx_hal_spi.o(i.SPI_EndRxTxTransaction)
    i.SPI_WaitFlagStateUntilTimeout          0x08002a58   Section        0  stm32f1xx_hal_spi.o(i.SPI_WaitFlagStateUntilTimeout)
    SPI_WaitFlagStateUntilTimeout            0x08002a59   Thumb Code   180  stm32f1xx_hal_spi.o(i.SPI_WaitFlagStateUntilTimeout)
    i.SPIx_ReadWriteByte                     0x08002b10   Section        0  nrf24l01.o(i.SPIx_ReadWriteByte)
    i.SVC_Handler                            0x08002b30   Section        0  stm32f1xx_it.o(i.SVC_Handler)
    i.SysTick_Handler                        0x08002b32   Section        0  stm32f1xx_it.o(i.SysTick_Handler)
    i.SystemClock_Config                     0x08002b36   Section        0  main.o(i.SystemClock_Config)
    i.SystemInit                             0x08002bb2   Section        0  system_stm32f1xx.o(i.SystemInit)
    i.UART_DMAAbortOnError                   0x08002bb4   Section        0  stm32f1xx_hal_uart.o(i.UART_DMAAbortOnError)
    UART_DMAAbortOnError                     0x08002bb5   Thumb Code    16  stm32f1xx_hal_uart.o(i.UART_DMAAbortOnError)
    i.UART_EndRxTransfer                     0x08002bc4   Section        0  stm32f1xx_hal_uart.o(i.UART_EndRxTransfer)
    UART_EndRxTransfer                       0x08002bc5   Thumb Code    78  stm32f1xx_hal_uart.o(i.UART_EndRxTransfer)
    i.UART_Receive_IT                        0x08002c12   Section        0  stm32f1xx_hal_uart.o(i.UART_Receive_IT)
    UART_Receive_IT                          0x08002c13   Thumb Code   194  stm32f1xx_hal_uart.o(i.UART_Receive_IT)
    i.UART_SetConfig                         0x08002cd4   Section        0  stm32f1xx_hal_uart.o(i.UART_SetConfig)
    UART_SetConfig                           0x08002cd5   Thumb Code   178  stm32f1xx_hal_uart.o(i.UART_SetConfig)
    i.UART_WaitOnFlagUntilTimeout            0x08002d8c   Section        0  stm32f1xx_hal_uart.o(i.UART_WaitOnFlagUntilTimeout)
    UART_WaitOnFlagUntilTimeout              0x08002d8d   Thumb Code   114  stm32f1xx_hal_uart.o(i.UART_WaitOnFlagUntilTimeout)
    i.USART1_IRQHandler                      0x08002e00   Section        0  stm32f1xx_it.o(i.USART1_IRQHandler)
    i.USBD_ClrClassConfig                    0x08002e0c   Section        0  usbd_core.o(i.USBD_ClrClassConfig)
    i.USBD_CtlContinueRx                     0x08002e1a   Section        0  usbd_ioreq.o(i.USBD_CtlContinueRx)
    i.USBD_CtlContinueSendData               0x08002e2a   Section        0  usbd_ioreq.o(i.USBD_CtlContinueSendData)
    i.USBD_CtlError                          0x08002e3a   Section        0  usbd_ctlreq.o(i.USBD_CtlError)
    i.USBD_CtlReceiveStatus                  0x08002e50   Section        0  usbd_ioreq.o(i.USBD_CtlReceiveStatus)
    i.USBD_CtlSendData                       0x08002e66   Section        0  usbd_ioreq.o(i.USBD_CtlSendData)
    i.USBD_CtlSendStatus                     0x08002e80   Section        0  usbd_ioreq.o(i.USBD_CtlSendStatus)
    i.USBD_FS_ConfigStrDescriptor            0x08002e98   Section        0  usbd_desc.o(i.USBD_FS_ConfigStrDescriptor)
    i.USBD_FS_DeviceDescriptor               0x08002eb8   Section        0  usbd_desc.o(i.USBD_FS_DeviceDescriptor)
    i.USBD_FS_InterfaceStrDescriptor         0x08002ec4   Section        0  usbd_desc.o(i.USBD_FS_InterfaceStrDescriptor)
    i.USBD_FS_LangIDStrDescriptor            0x08002ee8   Section        0  usbd_desc.o(i.USBD_FS_LangIDStrDescriptor)
    i.USBD_FS_ManufacturerStrDescriptor      0x08002ef4   Section        0  usbd_desc.o(i.USBD_FS_ManufacturerStrDescriptor)
    i.USBD_FS_ProductStrDescriptor           0x08002f1c   Section        0  usbd_desc.o(i.USBD_FS_ProductStrDescriptor)
    i.USBD_FS_SerialStrDescriptor            0x08002f48   Section        0  usbd_desc.o(i.USBD_FS_SerialStrDescriptor)
    i.USBD_GetDescriptor                     0x08002f80   Section        0  usbd_ctlreq.o(i.USBD_GetDescriptor)
    USBD_GetDescriptor                       0x08002f81   Thumb Code   232  usbd_ctlreq.o(i.USBD_GetDescriptor)
    i.USBD_GetString                         0x08003068   Section        0  usbd_ctlreq.o(i.USBD_GetString)
    i.USBD_Get_USB_Status                    0x080030b0   Section        0  usbd_conf.o(i.USBD_Get_USB_Status)
    USBD_Get_USB_Status                      0x080030b1   Thumb Code    24  usbd_conf.o(i.USBD_Get_USB_Status)
    i.USBD_HID_DataIn                        0x080030c8   Section        0  usbd_hid.o(i.USBD_HID_DataIn)
    USBD_HID_DataIn                          0x080030c9   Thumb Code    12  usbd_hid.o(i.USBD_HID_DataIn)
    i.USBD_HID_DeInit                        0x080030d4   Section        0  usbd_hid.o(i.USBD_HID_DeInit)
    USBD_HID_DeInit                          0x080030d5   Thumb Code    32  usbd_hid.o(i.USBD_HID_DeInit)
    i.USBD_HID_GetDeviceQualifierDesc        0x080030f4   Section        0  usbd_hid.o(i.USBD_HID_GetDeviceQualifierDesc)
    USBD_HID_GetDeviceQualifierDesc          0x080030f5   Thumb Code     8  usbd_hid.o(i.USBD_HID_GetDeviceQualifierDesc)
    i.USBD_HID_GetFSCfgDesc                  0x08003100   Section        0  usbd_hid.o(i.USBD_HID_GetFSCfgDesc)
    USBD_HID_GetFSCfgDesc                    0x08003101   Thumb Code     8  usbd_hid.o(i.USBD_HID_GetFSCfgDesc)
    i.USBD_HID_GetHSCfgDesc                  0x0800310c   Section        0  usbd_hid.o(i.USBD_HID_GetHSCfgDesc)
    USBD_HID_GetHSCfgDesc                    0x0800310d   Thumb Code     8  usbd_hid.o(i.USBD_HID_GetHSCfgDesc)
    i.USBD_HID_GetOtherSpeedCfgDesc          0x08003118   Section        0  usbd_hid.o(i.USBD_HID_GetOtherSpeedCfgDesc)
    USBD_HID_GetOtherSpeedCfgDesc            0x08003119   Thumb Code     8  usbd_hid.o(i.USBD_HID_GetOtherSpeedCfgDesc)
    i.USBD_HID_Init                          0x08003124   Section        0  usbd_hid.o(i.USBD_HID_Init)
    USBD_HID_Init                            0x08003125   Thumb Code    42  usbd_hid.o(i.USBD_HID_Init)
    i.USBD_HID_SendReport                    0x0800314e   Section        0  usbd_hid.o(i.USBD_HID_SendReport)
    i.USBD_HID_Setup                         0x08003174   Section        0  usbd_hid.o(i.USBD_HID_Setup)
    USBD_HID_Setup                           0x08003175   Thumb Code   196  usbd_hid.o(i.USBD_HID_Setup)
    i.USBD_Init                              0x0800323c   Section        0  usbd_core.o(i.USBD_Init)
    i.USBD_LL_ClearStallEP                   0x08003266   Section        0  usbd_conf.o(i.USBD_LL_ClearStallEP)
    i.USBD_LL_CloseEP                        0x08003278   Section        0  usbd_conf.o(i.USBD_LL_CloseEP)
    i.USBD_LL_DataInStage                    0x0800328a   Section        0  usbd_core.o(i.USBD_LL_DataInStage)
    i.USBD_LL_DataOutStage                   0x08003350   Section        0  usbd_core.o(i.USBD_LL_DataOutStage)
    i.USBD_LL_Init                           0x080033d4   Section        0  usbd_conf.o(i.USBD_LL_Init)
    i.USBD_LL_IsStallEP                      0x0800343c   Section        0  usbd_conf.o(i.USBD_LL_IsStallEP)
    i.USBD_LL_OpenEP                         0x0800345a   Section        0  usbd_conf.o(i.USBD_LL_OpenEP)
    i.USBD_LL_PrepareReceive                 0x08003472   Section        0  usbd_conf.o(i.USBD_LL_PrepareReceive)
    i.USBD_LL_Reset                          0x08003484   Section        0  usbd_core.o(i.USBD_LL_Reset)
    i.USBD_LL_Resume                         0x080034d4   Section        0  usbd_core.o(i.USBD_LL_Resume)
    i.USBD_LL_SOF                            0x080034e8   Section        0  usbd_core.o(i.USBD_LL_SOF)
    i.USBD_LL_SetSpeed                       0x08003500   Section        0  usbd_core.o(i.USBD_LL_SetSpeed)
    i.USBD_LL_SetUSBAddress                  0x08003506   Section        0  usbd_conf.o(i.USBD_LL_SetUSBAddress)
    i.USBD_LL_SetupStage                     0x08003518   Section        0  usbd_core.o(i.USBD_LL_SetupStage)
    i.USBD_LL_StallEP                        0x08003572   Section        0  usbd_conf.o(i.USBD_LL_StallEP)
    i.USBD_LL_Start                          0x08003584   Section        0  usbd_conf.o(i.USBD_LL_Start)
    i.USBD_LL_Suspend                        0x08003596   Section        0  usbd_core.o(i.USBD_LL_Suspend)
    i.USBD_LL_Transmit                       0x080035a8   Section        0  usbd_conf.o(i.USBD_LL_Transmit)
    i.USBD_ParseSetupRequest                 0x080035ba   Section        0  usbd_ctlreq.o(i.USBD_ParseSetupRequest)
    i.USBD_RegisterClass                     0x080035e2   Section        0  usbd_core.o(i.USBD_RegisterClass)
    i.USBD_SetClassConfig                    0x080035f2   Section        0  usbd_core.o(i.USBD_SetClassConfig)
    i.USBD_SetConfig                         0x08003608   Section        0  usbd_ctlreq.o(i.USBD_SetConfig)
    USBD_SetConfig                           0x08003609   Thumb Code   128  usbd_ctlreq.o(i.USBD_SetConfig)
    i.USBD_Start                             0x0800368c   Section        0  usbd_core.o(i.USBD_Start)
    i.USBD_StdDevReq                         0x08003696   Section        0  usbd_ctlreq.o(i.USBD_StdDevReq)
    i.USBD_StdEPReq                          0x080037a8   Section        0  usbd_ctlreq.o(i.USBD_StdEPReq)
    i.USBD_StdItfReq                         0x080038f8   Section        0  usbd_ctlreq.o(i.USBD_StdItfReq)
    i.USBD_static_free                       0x08003946   Section        0  usbd_conf.o(i.USBD_static_free)
    i.USBD_static_malloc                     0x08003948   Section        0  usbd_conf.o(i.USBD_static_malloc)
    i.USB_ActivateEndpoint                   0x08003950   Section        0  stm32f1xx_ll_usb.o(i.USB_ActivateEndpoint)
    i.USB_CoreInit                           0x08003bec   Section        0  stm32f1xx_ll_usb.o(i.USB_CoreInit)
    i.USB_DeactivateEndpoint                 0x08003bf0   Section        0  stm32f1xx_ll_usb.o(i.USB_DeactivateEndpoint)
    i.USB_DevConnect                         0x08003cfe   Section        0  stm32f1xx_ll_usb.o(i.USB_DevConnect)
    i.USB_DevDisconnect                      0x08003d02   Section        0  stm32f1xx_ll_usb.o(i.USB_DevDisconnect)
    i.USB_DevInit                            0x08003d06   Section        0  stm32f1xx_ll_usb.o(i.USB_DevInit)
    i.USB_DisableGlobalInt                   0x08003d18   Section        0  stm32f1xx_ll_usb.o(i.USB_DisableGlobalInt)
    i.USB_EP0_OutStart                       0x08003d26   Section        0  stm32f1xx_ll_usb.o(i.USB_EP0_OutStart)
    i.USB_EPClearStall                       0x08003d2a   Section        0  stm32f1xx_ll_usb.o(i.USB_EPClearStall)
    i.USB_EPSetStall                         0x08003da2   Section        0  stm32f1xx_ll_usb.o(i.USB_EPSetStall)
    i.USB_EPStartXfer                        0x08003dd4   Section        0  stm32f1xx_ll_usb.o(i.USB_EPStartXfer)
    i.USB_EnableGlobalInt                    0x080042b6   Section        0  stm32f1xx_ll_usb.o(i.USB_EnableGlobalInt)
    i.USB_LP_CAN1_RX0_IRQHandler             0x080042c8   Section        0  stm32f1xx_it.o(i.USB_LP_CAN1_RX0_IRQHandler)
    i.USB_ReadInterrupts                     0x080042d4   Section        0  stm32f1xx_ll_usb.o(i.USB_ReadInterrupts)
    i.USB_ReadPMA                            0x080042dc   Section        0  stm32f1xx_ll_usb.o(i.USB_ReadPMA)
    i.USB_SetCurrentMode                     0x08004308   Section        0  stm32f1xx_ll_usb.o(i.USB_SetCurrentMode)
    i.USB_SetDevAddress                      0x0800430c   Section        0  stm32f1xx_ll_usb.o(i.USB_SetDevAddress)
    i.USB_WritePMA                           0x08004318   Section        0  stm32f1xx_ll_usb.o(i.USB_WritePMA)
    i.UsageFault_Handler                     0x0800433e   Section        0  stm32f1xx_it.o(i.UsageFault_Handler)
    i.__0printf$bare                         0x08004340   Section        0  printfb.o(i.__0printf$bare)
    i.__NVIC_SetPriority                     0x08004350   Section        0  stm32f1xx_hal_cortex.o(i.__NVIC_SetPriority)
    __NVIC_SetPriority                       0x08004351   Thumb Code    32  stm32f1xx_hal_cortex.o(i.__NVIC_SetPriority)
    i.__scatterload_copy                     0x08004370   Section       14  handlers.o(i.__scatterload_copy)
    i.__scatterload_null                     0x0800437e   Section        2  handlers.o(i.__scatterload_null)
    i.__scatterload_zeroinit                 0x08004380   Section       14  handlers.o(i.__scatterload_zeroinit)
    i._printf_core                           0x0800438e   Section        0  printfb.o(i._printf_core)
    _printf_core                             0x0800438f   Thumb Code    34  printfb.o(i._printf_core)
    i.fputc                                  0x080043b0   Section        0  main.o(i.fputc)
    i.key_callback                           0x080043cc   Section        0  usb.o(i.key_callback)
    i.main                                   0x08004404   Section        0  main.o(i.main)
    .constdata                               0x080044e8   Section       10  nrf24l01.o(.constdata)
    .constdata                               0x080044f2   Section       18  stm32f1xx_hal_rcc.o(.constdata)
    aPredivFactorTable                       0x080044f2   Data           2  stm32f1xx_hal_rcc.o(.constdata)
    aPLLMULFactorTable                       0x080044f4   Data          16  stm32f1xx_hal_rcc.o(.constdata)
    .constdata                               0x08004504   Section       16  system_stm32f1xx.o(.constdata)
    .constdata                               0x08004514   Section        8  system_stm32f1xx.o(.constdata)
    .data                                    0x20000000   Section        7  usb.o(.data)
    .data                                    0x20000008   Section       28  usbd_desc.o(.data)
    .data                                    0x20000024   Section       50  usbd_desc.o(.data)
    .data                                    0x20000058   Section       12  stm32f1xx_hal.o(.data)
    .data                                    0x20000064   Section        4  system_stm32f1xx.o(.data)
    .data                                    0x20000068   Section        1  usbd_ctlreq.o(.data)
    cfgidx                                   0x20000068   Data           1  usbd_ctlreq.o(.data)
    .data                                    0x2000006c   Section       56  usbd_hid.o(.data)
    .data                                    0x200000a4   Section      206  usbd_hid.o(.data)
    USBD_HID_CfgFSDesc                       0x200000a4   Data          34  usbd_hid.o(.data)
    USBD_HID_CfgHSDesc                       0x200000c8   Data          34  usbd_hid.o(.data)
    USBD_HID_OtherSpeedCfgDesc               0x200000ec   Data          34  usbd_hid.o(.data)
    USBD_HID_Desc                            0x20000110   Data           9  usbd_hid.o(.data)
    USBD_HID_DeviceQualifierDesc             0x2000011c   Data          10  usbd_hid.o(.data)
    HID_MOUSE_ReportDesc                     0x20000128   Data          74  usbd_hid.o(.data)
    .data                                    0x20000174   Section        4  stdout.o(.data)
    .bss                                     0x20000178   Section       96  adc.o(.bss)
    .bss                                     0x200001d8   Section       88  spi.o(.bss)
    .bss                                     0x20000230   Section       72  usart.o(.bss)
    .bss                                     0x20000278   Section      708  usb_device.o(.bss)
    .bss                                     0x2000053c   Section      512  usbd_desc.o(.bss)
    .bss                                     0x2000073c   Section      748  usbd_conf.o(.bss)
    mem                                      0x2000073c   Data          20  usbd_conf.o(.bss)
    STACK                                    0x20000a28   Section     1024  startup_stm32f103xb.o(STACK)

    Global Symbols

    Symbol Name                              Value     Ov Type        Size  Object(Section)

    BuildAttributes$$THM_ISAv4$P$D$K$B$S$PE$A:L22UL41UL21$X:L11$S22US41US21$IEEE1$IW$USESV6$~STKCKD$USESV7$~SHL$OSPACE$ROPI$EBA8$MICROLIB$REQ8$PRES8$EABIv2 0x00000000   Number         0  anon$$obj.o ABSOLUTE
    __ARM_use_no_argv                        0x00000000   Number         0  main.o ABSOLUTE
    __arm_fini_                               - Undefined Weak Reference
    __cpp_initialize__aeabi_                  - Undefined Weak Reference
    __cxa_finalize                            - Undefined Weak Reference
    _clock_init                               - Undefined Weak Reference
    _microlib_exit                            - Undefined Weak Reference
    __Vectors_Size                           0x000000ec   Number         0  startup_stm32f103xb.o ABSOLUTE
    __Vectors                                0x08000000   Data           4  startup_stm32f103xb.o(RESET)
    __Vectors_End                            0x080000ec   Data           0  startup_stm32f103xb.o(RESET)
    __main                                   0x080000ed   Thumb Code     0  entry.o(.ARM.Collect$$$$00000000)
    _main_stk                                0x080000ed   Thumb Code     0  entry2.o(.ARM.Collect$$$$00000001)
    _main_scatterload                        0x080000f1   Thumb Code     0  entry5.o(.ARM.Collect$$$$00000004)
    __main_after_scatterload                 0x080000f5   Thumb Code     0  entry5.o(.ARM.Collect$$$$00000004)
    _main_clock                              0x080000f5   Thumb Code     0  entry7b.o(.ARM.Collect$$$$00000008)
    _main_cpp_init                           0x080000f5   Thumb Code     0  entry8b.o(.ARM.Collect$$$$0000000A)
    _main_init                               0x080000f5   Thumb Code     0  entry9a.o(.ARM.Collect$$$$0000000B)
    __rt_lib_shutdown_fini                   0x080000fd   Thumb Code     0  entry12b.o(.ARM.Collect$$$$0000000E)
    __rt_final_cpp                           0x08000101   Thumb Code     0  entry10a.o(.ARM.Collect$$$$0000000F)
    __rt_final_exit                          0x08000101   Thumb Code     0  entry11a.o(.ARM.Collect$$$$00000011)
    Reset_Handler                            0x08000105   Thumb Code     8  startup_stm32f103xb.o(.text)
    CAN1_RX1_IRQHandler                      0x0800011f   Thumb Code     0  startup_stm32f103xb.o(.text)
    CAN1_SCE_IRQHandler                      0x0800011f   Thumb Code     0  startup_stm32f103xb.o(.text)
    DMA1_Channel1_IRQHandler                 0x0800011f   Thumb Code     0  startup_stm32f103xb.o(.text)
    DMA1_Channel2_IRQHandler                 0x0800011f   Thumb Code     0  startup_stm32f103xb.o(.text)
    DMA1_Channel3_IRQHandler                 0x0800011f   Thumb Code     0  startup_stm32f103xb.o(.text)
    DMA1_Channel4_IRQHandler                 0x0800011f   Thumb Code     0  startup_stm32f103xb.o(.text)
    DMA1_Channel5_IRQHandler                 0x0800011f   Thumb Code     0  startup_stm32f103xb.o(.text)
    DMA1_Channel6_IRQHandler                 0x0800011f   Thumb Code     0  startup_stm32f103xb.o(.text)
    DMA1_Channel7_IRQHandler                 0x0800011f   Thumb Code     0  startup_stm32f103xb.o(.text)
    EXTI0_IRQHandler                         0x0800011f   Thumb Code     0  startup_stm32f103xb.o(.text)
    EXTI15_10_IRQHandler                     0x0800011f   Thumb Code     0  startup_stm32f103xb.o(.text)
    EXTI1_IRQHandler                         0x0800011f   Thumb Code     0  startup_stm32f103xb.o(.text)
    EXTI2_IRQHandler                         0x0800011f   Thumb Code     0  startup_stm32f103xb.o(.text)
    EXTI3_IRQHandler                         0x0800011f   Thumb Code     0  startup_stm32f103xb.o(.text)
    EXTI4_IRQHandler                         0x0800011f   Thumb Code     0  startup_stm32f103xb.o(.text)
    EXTI9_5_IRQHandler                       0x0800011f   Thumb Code     0  startup_stm32f103xb.o(.text)
    FLASH_IRQHandler                         0x0800011f   Thumb Code     0  startup_stm32f103xb.o(.text)
    I2C1_ER_IRQHandler                       0x0800011f   Thumb Code     0  startup_stm32f103xb.o(.text)
    I2C1_EV_IRQHandler                       0x0800011f   Thumb Code     0  startup_stm32f103xb.o(.text)
    I2C2_ER_IRQHandler                       0x0800011f   Thumb Code     0  startup_stm32f103xb.o(.text)
    I2C2_EV_IRQHandler                       0x0800011f   Thumb Code     0  startup_stm32f103xb.o(.text)
    PVD_IRQHandler                           0x0800011f   Thumb Code     0  startup_stm32f103xb.o(.text)
    RCC_IRQHandler                           0x0800011f   Thumb Code     0  startup_stm32f103xb.o(.text)
    RTC_Alarm_IRQHandler                     0x0800011f   Thumb Code     0  startup_stm32f103xb.o(.text)
    RTC_IRQHandler                           0x0800011f   Thumb Code     0  startup_stm32f103xb.o(.text)
    SPI1_IRQHandler                          0x0800011f   Thumb Code     0  startup_stm32f103xb.o(.text)
    TAMPER_IRQHandler                        0x0800011f   Thumb Code     0  startup_stm32f103xb.o(.text)
    TIM1_BRK_IRQHandler                      0x0800011f   Thumb Code     0  startup_stm32f103xb.o(.text)
    TIM1_CC_IRQHandler                       0x0800011f   Thumb Code     0  startup_stm32f103xb.o(.text)
    TIM1_TRG_COM_IRQHandler                  0x0800011f   Thumb Code     0  startup_stm32f103xb.o(.text)
    TIM1_UP_IRQHandler                       0x0800011f   Thumb Code     0  startup_stm32f103xb.o(.text)
    TIM2_IRQHandler                          0x0800011f   Thumb Code     0  startup_stm32f103xb.o(.text)
    TIM3_IRQHandler                          0x0800011f   Thumb Code     0  startup_stm32f103xb.o(.text)
    TIM4_IRQHandler                          0x0800011f   Thumb Code     0  startup_stm32f103xb.o(.text)
    USART2_IRQHandler                        0x0800011f   Thumb Code     0  startup_stm32f103xb.o(.text)
    USART3_IRQHandler                        0x0800011f   Thumb Code     0  startup_stm32f103xb.o(.text)
    USBWakeUp_IRQHandler                     0x0800011f   Thumb Code     0  startup_stm32f103xb.o(.text)
    USB_HP_CAN1_TX_IRQHandler                0x0800011f   Thumb Code     0  startup_stm32f103xb.o(.text)
    WWDG_IRQHandler                          0x0800011f   Thumb Code     0  startup_stm32f103xb.o(.text)
    __aeabi_memset                           0x08000129   Thumb Code    14  memseta.o(.text)
    __aeabi_memset4                          0x08000129   Thumb Code     0  memseta.o(.text)
    __aeabi_memset8                          0x08000129   Thumb Code     0  memseta.o(.text)
    __aeabi_memclr                           0x08000137   Thumb Code     4  memseta.o(.text)
    __aeabi_memclr4                          0x08000137   Thumb Code     0  memseta.o(.text)
    __aeabi_memclr8                          0x08000137   Thumb Code     0  memseta.o(.text)
    _memset$wrapper                          0x0800013b   Thumb Code    18  memseta.o(.text)
    __scatterload                            0x0800014d   Thumb Code    28  init.o(.text)
    __scatterload_rt2                        0x0800014d   Thumb Code     0  init.o(.text)
    __decompress                             0x08000171   Thumb Code     0  __dczerorl2.o(.text)
    __decompress1                            0x08000171   Thumb Code    86  __dczerorl2.o(.text)
    ADC1_2_IRQHandler                        0x080001c9   Thumb Code    18  stm32f1xx_it.o(i.ADC1_2_IRQHandler)
    ADC_ConversionStop_Disable               0x080001e5   Thumb Code    86  stm32f1xx_hal_adc.o(i.ADC_ConversionStop_Disable)
    BusFault_Handler                         0x0800023b   Thumb Code     2  stm32f1xx_it.o(i.BusFault_Handler)
    Click_L                                  0x0800023d   Thumb Code    18  usb.o(i.Click_L)
    Click_M                                  0x08000255   Thumb Code    18  usb.o(i.Click_M)
    Click_R                                  0x0800026d   Thumb Code    18  usb.o(i.Click_R)
    DebugMon_Handler                         0x08000285   Thumb Code     2  stm32f1xx_it.o(i.DebugMon_Handler)
    Error_Handler                            0x08000287   Thumb Code     4  main.o(i.Error_Handler)
    HAL_ADCEx_InjectedConvCpltCallback       0x0800028b   Thumb Code     2  stm32f1xx_hal_adc_ex.o(i.HAL_ADCEx_InjectedConvCpltCallback)
    HAL_ADC_ConfigChannel                    0x0800028d   Thumb Code   240  stm32f1xx_hal_adc.o(i.HAL_ADC_ConfigChannel)
    HAL_ADC_ConvCpltCallback                 0x08000389   Thumb Code     2  stm32f1xx_hal_adc.o(i.HAL_ADC_ConvCpltCallback)
    HAL_ADC_IRQHandler                       0x0800038b   Thumb Code   220  stm32f1xx_hal_adc.o(i.HAL_ADC_IRQHandler)
    HAL_ADC_Init                             0x08000469   Thumb Code   272  stm32f1xx_hal_adc.o(i.HAL_ADC_Init)
    HAL_ADC_LevelOutOfWindowCallback         0x08000585   Thumb Code     2  stm32f1xx_hal_adc.o(i.HAL_ADC_LevelOutOfWindowCallback)
    HAL_ADC_MspInit                          0x08000589   Thumb Code   134  adc.o(i.HAL_ADC_MspInit)
    HAL_DMA_Abort                            0x08000621   Thumb Code    70  stm32f1xx_hal_dma.o(i.HAL_DMA_Abort)
    HAL_DMA_Abort_IT                         0x08000669   Thumb Code   148  stm32f1xx_hal_dma.o(i.HAL_DMA_Abort_IT)
    HAL_Delay                                0x08000701   Thumb Code    32  stm32f1xx_hal.o(i.HAL_Delay)
    HAL_GPIO_Init                            0x08000725   Thumb Code   446  stm32f1xx_hal_gpio.o(i.HAL_GPIO_Init)
    HAL_GPIO_TogglePin                       0x08000905   Thumb Code    16  stm32f1xx_hal_gpio.o(i.HAL_GPIO_TogglePin)
    HAL_GPIO_WritePin                        0x08000915   Thumb Code    10  stm32f1xx_hal_gpio.o(i.HAL_GPIO_WritePin)
    HAL_GetTick                              0x08000921   Thumb Code     6  stm32f1xx_hal.o(i.HAL_GetTick)
    HAL_IncTick                              0x0800092d   Thumb Code    12  stm32f1xx_hal.o(i.HAL_IncTick)
    HAL_Init                                 0x0800093d   Thumb Code    32  stm32f1xx_hal.o(i.HAL_Init)
    HAL_InitTick                             0x08000961   Thumb Code    54  stm32f1xx_hal.o(i.HAL_InitTick)
    HAL_MspInit                              0x080009a1   Thumb Code    52  stm32f1xx_hal_msp.o(i.HAL_MspInit)
    HAL_NVIC_EnableIRQ                       0x080009dd   Thumb Code    26  stm32f1xx_hal_cortex.o(i.HAL_NVIC_EnableIRQ)
    HAL_NVIC_SetPriority                     0x080009f9   Thumb Code    60  stm32f1xx_hal_cortex.o(i.HAL_NVIC_SetPriority)
    HAL_NVIC_SetPriorityGrouping             0x08000a39   Thumb Code    26  stm32f1xx_hal_cortex.o(i.HAL_NVIC_SetPriorityGrouping)
    HAL_PCDEx_PMAConfig                      0x08000a5d   Thumb Code    60  stm32f1xx_hal_pcd_ex.o(i.HAL_PCDEx_PMAConfig)
    HAL_PCDEx_SetConnectionState             0x08000a99   Thumb Code     2  usbd_conf.o(i.HAL_PCDEx_SetConnectionState)
    HAL_PCD_DataInStageCallback              0x08000a9b   Thumb Code    18  usbd_conf.o(i.HAL_PCD_DataInStageCallback)
    HAL_PCD_DataOutStageCallback             0x08000aad   Thumb Code    20  usbd_conf.o(i.HAL_PCD_DataOutStageCallback)
    HAL_PCD_EP_Close                         0x08000ac1   Thumb Code    74  stm32f1xx_hal_pcd.o(i.HAL_PCD_EP_Close)
    HAL_PCD_EP_ClrStall                      0x08000b0b   Thumb Code    90  stm32f1xx_hal_pcd.o(i.HAL_PCD_EP_ClrStall)
    HAL_PCD_EP_Open                          0x08000f83   Thumb Code    88  stm32f1xx_hal_pcd.o(i.HAL_PCD_EP_Open)
    HAL_PCD_EP_Receive                       0x08000fdb   Thumb Code    46  stm32f1xx_hal_pcd.o(i.HAL_PCD_EP_Receive)
    HAL_PCD_EP_SetStall                      0x08001009   Thumb Code   112  stm32f1xx_hal_pcd.o(i.HAL_PCD_EP_SetStall)
    HAL_PCD_EP_Transmit                      0x08001079   Thumb Code    46  stm32f1xx_hal_pcd.o(i.HAL_PCD_EP_Transmit)
    HAL_PCD_IRQHandler                       0x080010a9   Thumb Code   308  stm32f1xx_hal_pcd.o(i.HAL_PCD_IRQHandler)
    HAL_PCD_Init                             0x080011dd   Thumb Code   186  stm32f1xx_hal_pcd.o(i.HAL_PCD_Init)
    HAL_PCD_MspInit                          0x08001299   Thumb Code    50  usbd_conf.o(i.HAL_PCD_MspInit)
    HAL_PCD_ResetCallback                    0x080012d5   Thumb Code    38  usbd_conf.o(i.HAL_PCD_ResetCallback)
    HAL_PCD_ResumeCallback                   0x080012fb   Thumb Code     8  usbd_conf.o(i.HAL_PCD_ResumeCallback)
    HAL_PCD_SOFCallback                      0x08001303   Thumb Code     8  usbd_conf.o(i.HAL_PCD_SOFCallback)
    HAL_PCD_SetAddress                       0x0800130b   Thumb Code    38  stm32f1xx_hal_pcd.o(i.HAL_PCD_SetAddress)
    HAL_PCD_SetupStageCallback               0x08001331   Thumb Code    14  usbd_conf.o(i.HAL_PCD_SetupStageCallback)
    HAL_PCD_Start                            0x0800133f   Thumb Code    50  stm32f1xx_hal_pcd.o(i.HAL_PCD_Start)
    HAL_PCD_SuspendCallback                  0x08001371   Thumb Code    30  usbd_conf.o(i.HAL_PCD_SuspendCallback)
    HAL_RCCEx_PeriphCLKConfig                0x08001395   Thumb Code   224  stm32f1xx_hal_rcc_ex.o(i.HAL_RCCEx_PeriphCLKConfig)
    HAL_RCC_ClockConfig                      0x08001481   Thumb Code   280  stm32f1xx_hal_rcc.o(i.HAL_RCC_ClockConfig)
    HAL_RCC_GetPCLK1Freq                     0x080015ad   Thumb Code    20  stm32f1xx_hal_rcc.o(i.HAL_RCC_GetPCLK1Freq)
    HAL_RCC_GetPCLK2Freq                     0x080015cd   Thumb Code    20  stm32f1xx_hal_rcc.o(i.HAL_RCC_GetPCLK2Freq)
    HAL_RCC_GetSysClockFreq                  0x080015ed   Thumb Code    58  stm32f1xx_hal_rcc.o(i.HAL_RCC_GetSysClockFreq)
    HAL_RCC_OscConfig                        0x08001639   Thumb Code   778  stm32f1xx_hal_rcc.o(i.HAL_RCC_OscConfig)
    HAL_SPI_ErrorCallback                    0x08001959   Thumb Code     2  stm32f1xx_hal_spi.o(i.HAL_SPI_ErrorCallback)
    HAL_SPI_IRQHandler                       0x0800195d   Thumb Code   220  stm32f1xx_hal_spi.o(i.HAL_SPI_IRQHandler)
    HAL_SPI_Init                             0x08001a3d   Thumb Code   178  stm32f1xx_hal_spi.o(i.HAL_SPI_Init)
    HAL_SPI_MspInit                          0x08001af1   Thumb Code   118  spi.o(i.HAL_SPI_MspInit)
    HAL_SPI_TransmitReceive                  0x08001b75   Thumb Code   496  stm32f1xx_hal_spi.o(i.HAL_SPI_TransmitReceive)
    HAL_SYSTICK_Config                       0x08001d65   Thumb Code    40  stm32f1xx_hal_cortex.o(i.HAL_SYSTICK_Config)
    HAL_UARTEx_RxEventCallback               0x08001d8d   Thumb Code     2  stm32f1xx_hal_uart.o(i.HAL_UARTEx_RxEventCallback)
    HAL_UART_ErrorCallback                   0x08001d8f   Thumb Code     2  stm32f1xx_hal_uart.o(i.HAL_UART_ErrorCallback)
    HAL_UART_IRQHandler                      0x08001d91   Thumb Code   616  stm32f1xx_hal_uart.o(i.HAL_UART_IRQHandler)
    HAL_UART_Init                            0x08001ffd   Thumb Code   100  stm32f1xx_hal_uart.o(i.HAL_UART_Init)
    HAL_UART_MspInit                         0x08002061   Thumb Code   116  usart.o(i.HAL_UART_MspInit)
    HAL_UART_RxCpltCallback                  0x080020e1   Thumb Code     2  stm32f1xx_hal_uart.o(i.HAL_UART_RxCpltCallback)
    HAL_UART_Transmit                        0x080020e3   Thumb Code   160  stm32f1xx_hal_uart.o(i.HAL_UART_Transmit)
    HAL_UART_TxCpltCallback                  0x08002183   Thumb Code     2  stm32f1xx_hal_uart.o(i.HAL_UART_TxCpltCallback)
    HardFault_Handler                        0x08002185   Thumb Code     2  stm32f1xx_it.o(i.HardFault_Handler)
    MX_ADC1_Init                             0x080021c1   Thumb Code    68  adc.o(i.MX_ADC1_Init)
    MX_ADC2_Init                             0x0800220d   Thumb Code    68  adc.o(i.MX_ADC2_Init)
    MX_GPIO_Init                             0x08002259   Thumb Code   176  gpio.o(i.MX_GPIO_Init)
    MX_SPI2_Init                             0x08002319   Thumb Code    62  spi.o(i.MX_SPI2_Init)
    MX_USART1_UART_Init                      0x08002361   Thumb Code    48  usart.o(i.MX_USART1_UART_Init)
    MX_USB_DEVICE_Init                       0x08002399   Thumb Code    52  usb_device.o(i.MX_USB_DEVICE_Init)
    MemManage_Handler                        0x080023d9   Thumb Code     2  stm32f1xx_it.o(i.MemManage_Handler)
    Move                                     0x080023dd   Thumb Code    28  usb.o(i.Move)
    MoveAccordingToBuffer                    0x08002401   Thumb Code    38  usb.o(i.MoveAccordingToBuffer)
    NMI_Handler                              0x0800242d   Thumb Code     2  stm32f1xx_it.o(i.NMI_Handler)
    NRF24L01_Check                           0x08002431   Thumb Code    68  nrf24l01.o(i.NRF24L01_Check)
    NRF24L01_RX_Mode                         0x0800247d   Thumb Code    86  nrf24l01.o(i.NRF24L01_RX_Mode)
    NRF24L01_Read_Buf                        0x080024dd   Thumb Code    72  nrf24l01.o(i.NRF24L01_Read_Buf)
    NRF24L01_Read_Reg                        0x0800252d   Thumb Code    48  nrf24l01.o(i.NRF24L01_Read_Reg)
    NRF24L01_RxPacket                        0x08002565   Thumb Code    56  nrf24l01.o(i.NRF24L01_RxPacket)
    NRF24L01_Write_Buf                       0x0800259d   Thumb Code    74  nrf24l01.o(i.NRF24L01_Write_Buf)
    NRF24L01_Write_Reg                       0x080025f1   Thumb Code    50  nrf24l01.o(i.NRF24L01_Write_Reg)
    PendSV_Handler                           0x080029d3   Thumb Code     2  stm32f1xx_it.o(i.PendSV_Handler)
    SPI2_IRQHandler                          0x080029d5   Thumb Code     6  stm32f1xx_it.o(i.SPI2_IRQHandler)
    SPIx_ReadWriteByte                       0x08002b11   Thumb Code    32  nrf24l01.o(i.SPIx_ReadWriteByte)
    SVC_Handler                              0x08002b31   Thumb Code     2  stm32f1xx_it.o(i.SVC_Handler)
    SysTick_Handler                          0x08002b33   Thumb Code     4  stm32f1xx_it.o(i.SysTick_Handler)
    SystemClock_Config                       0x08002b37   Thumb Code   124  main.o(i.SystemClock_Config)
    SystemInit                               0x08002bb3   Thumb Code     2  system_stm32f1xx.o(i.SystemInit)
    USART1_IRQHandler                        0x08002e01   Thumb Code     6  stm32f1xx_it.o(i.USART1_IRQHandler)
    USBD_ClrClassConfig                      0x08002e0d   Thumb Code    14  usbd_core.o(i.USBD_ClrClassConfig)
    USBD_CtlContinueRx                       0x08002e1b   Thumb Code    16  usbd_ioreq.o(i.USBD_CtlContinueRx)
    USBD_CtlContinueSendData                 0x08002e2b   Thumb Code    16  usbd_ioreq.o(i.USBD_CtlContinueSendData)
    USBD_CtlError                            0x08002e3b   Thumb Code    22  usbd_ctlreq.o(i.USBD_CtlError)
    USBD_CtlReceiveStatus                    0x08002e51   Thumb Code    22  usbd_ioreq.o(i.USBD_CtlReceiveStatus)
    USBD_CtlSendData                         0x08002e67   Thumb Code    26  usbd_ioreq.o(i.USBD_CtlSendData)
    USBD_CtlSendStatus                       0x08002e81   Thumb Code    22  usbd_ioreq.o(i.USBD_CtlSendStatus)
    USBD_FS_ConfigStrDescriptor              0x08002e99   Thumb Code    16  usbd_desc.o(i.USBD_FS_ConfigStrDescriptor)
    USBD_FS_DeviceDescriptor                 0x08002eb9   Thumb Code     8  usbd_desc.o(i.USBD_FS_DeviceDescriptor)
    USBD_FS_InterfaceStrDescriptor           0x08002ec5   Thumb Code    16  usbd_desc.o(i.USBD_FS_InterfaceStrDescriptor)
    USBD_FS_LangIDStrDescriptor              0x08002ee9   Thumb Code     8  usbd_desc.o(i.USBD_FS_LangIDStrDescriptor)
    USBD_FS_ManufacturerStrDescriptor        0x08002ef5   Thumb Code    16  usbd_desc.o(i.USBD_FS_ManufacturerStrDescriptor)
    USBD_FS_ProductStrDescriptor             0x08002f1d   Thumb Code    16  usbd_desc.o(i.USBD_FS_ProductStrDescriptor)
    USBD_FS_SerialStrDescriptor              0x08002f49   Thumb Code    48  usbd_desc.o(i.USBD_FS_SerialStrDescriptor)
    USBD_GetString                           0x08003069   Thumb Code    72  usbd_ctlreq.o(i.USBD_GetString)
    USBD_HID_SendReport                      0x0800314f   Thumb Code    36  usbd_hid.o(i.USBD_HID_SendReport)
    USBD_Init                                0x0800323d   Thumb Code    42  usbd_core.o(i.USBD_Init)
    USBD_LL_ClearStallEP                     0x08003267   Thumb Code    18  usbd_conf.o(i.USBD_LL_ClearStallEP)
    USBD_LL_CloseEP                          0x08003279   Thumb Code    18  usbd_conf.o(i.USBD_LL_CloseEP)
    USBD_LL_DataInStage                      0x0800328b   Thumb Code   198  usbd_core.o(i.USBD_LL_DataInStage)
    USBD_LL_DataOutStage                     0x08003351   Thumb Code   130  usbd_core.o(i.USBD_LL_DataOutStage)
    USBD_LL_Init                             0x080033d5   Thumb Code    94  usbd_conf.o(i.USBD_LL_Init)
    USBD_LL_IsStallEP                        0x0800343d   Thumb Code    30  usbd_conf.o(i.USBD_LL_IsStallEP)
    USBD_LL_OpenEP                           0x0800345b   Thumb Code    24  usbd_conf.o(i.USBD_LL_OpenEP)
    USBD_LL_PrepareReceive                   0x08003473   Thumb Code    18  usbd_conf.o(i.USBD_LL_PrepareReceive)
    USBD_LL_Reset                            0x08003485   Thumb Code    80  usbd_core.o(i.USBD_LL_Reset)
    USBD_LL_Resume                           0x080034d5   Thumb Code    20  usbd_core.o(i.USBD_LL_Resume)
    USBD_LL_SOF                              0x080034e9   Thumb Code    24  usbd_core.o(i.USBD_LL_SOF)
    USBD_LL_SetSpeed                         0x08003501   Thumb Code     6  usbd_core.o(i.USBD_LL_SetSpeed)
    USBD_LL_SetUSBAddress                    0x08003507   Thumb Code    18  usbd_conf.o(i.USBD_LL_SetUSBAddress)
    USBD_LL_SetupStage                       0x08003519   Thumb Code    90  usbd_core.o(i.USBD_LL_SetupStage)
    USBD_LL_StallEP                          0x08003573   Thumb Code    18  usbd_conf.o(i.USBD_LL_StallEP)
    USBD_LL_Start                            0x08003585   Thumb Code    18  usbd_conf.o(i.USBD_LL_Start)
    USBD_LL_Suspend                          0x08003597   Thumb Code    18  usbd_core.o(i.USBD_LL_Suspend)
    USBD_LL_Transmit                         0x080035a9   Thumb Code    18  usbd_conf.o(i.USBD_LL_Transmit)
    USBD_ParseSetupRequest                   0x080035bb   Thumb Code    40  usbd_ctlreq.o(i.USBD_ParseSetupRequest)
    USBD_RegisterClass                       0x080035e3   Thumb Code    16  usbd_core.o(i.USBD_RegisterClass)
    USBD_SetClassConfig                      0x080035f3   Thumb Code    22  usbd_core.o(i.USBD_SetClassConfig)
    USBD_Start                               0x0800368d   Thumb Code    10  usbd_core.o(i.USBD_Start)
    USBD_StdDevReq                           0x08003697   Thumb Code   274  usbd_ctlreq.o(i.USBD_StdDevReq)
    USBD_StdEPReq                            0x080037a9   Thumb Code   336  usbd_ctlreq.o(i.USBD_StdEPReq)
    USBD_StdItfReq                           0x080038f9   Thumb Code    78  usbd_ctlreq.o(i.USBD_StdItfReq)
    USBD_static_free                         0x08003947   Thumb Code     2  usbd_conf.o(i.USBD_static_free)
    USBD_static_malloc                       0x08003949   Thumb Code     4  usbd_conf.o(i.USBD_static_malloc)
    USB_ActivateEndpoint                     0x08003951   Thumb Code   668  stm32f1xx_ll_usb.o(i.USB_ActivateEndpoint)
    USB_CoreInit                             0x08003bed   Thumb Code     4  stm32f1xx_ll_usb.o(i.USB_CoreInit)
    USB_DeactivateEndpoint                   0x08003bf1   Thumb Code   270  stm32f1xx_ll_usb.o(i.USB_DeactivateEndpoint)
    USB_DevConnect                           0x08003cff   Thumb Code     4  stm32f1xx_ll_usb.o(i.USB_DevConnect)
    USB_DevDisconnect                        0x08003d03   Thumb Code     4  stm32f1xx_ll_usb.o(i.USB_DevDisconnect)
    USB_DevInit                              0x08003d07   Thumb Code    18  stm32f1xx_ll_usb.o(i.USB_DevInit)
    USB_DisableGlobalInt                     0x08003d19   Thumb Code    14  stm32f1xx_ll_usb.o(i.USB_DisableGlobalInt)
    USB_EP0_OutStart                         0x08003d27   Thumb Code     4  stm32f1xx_ll_usb.o(i.USB_EP0_OutStart)
    USB_EPClearStall                         0x08003d2b   Thumb Code   120  stm32f1xx_ll_usb.o(i.USB_EPClearStall)
    USB_EPSetStall                           0x08003da3   Thumb Code    50  stm32f1xx_ll_usb.o(i.USB_EPSetStall)
    USB_EPStartXfer                          0x08003dd5   Thumb Code  1250  stm32f1xx_ll_usb.o(i.USB_EPStartXfer)
    USB_EnableGlobalInt                      0x080042b7   Thumb Code    18  stm32f1xx_ll_usb.o(i.USB_EnableGlobalInt)
    USB_LP_CAN1_RX0_IRQHandler               0x080042c9   Thumb Code     6  stm32f1xx_it.o(i.USB_LP_CAN1_RX0_IRQHandler)
    USB_ReadInterrupts                       0x080042d5   Thumb Code     6  stm32f1xx_ll_usb.o(i.USB_ReadInterrupts)
    USB_ReadPMA                              0x080042dd   Thumb Code    44  stm32f1xx_ll_usb.o(i.USB_ReadPMA)
    USB_SetCurrentMode                       0x08004309   Thumb Code     4  stm32f1xx_ll_usb.o(i.USB_SetCurrentMode)
    USB_SetDevAddress                        0x0800430d   Thumb Code    12  stm32f1xx_ll_usb.o(i.USB_SetDevAddress)
    USB_WritePMA                             0x08004319   Thumb Code    38  stm32f1xx_ll_usb.o(i.USB_WritePMA)
    UsageFault_Handler                       0x0800433f   Thumb Code     2  stm32f1xx_it.o(i.UsageFault_Handler)
    __0printf$bare                           0x08004341   Thumb Code     8  printfb.o(i.__0printf$bare)
    __1printf$bare                           0x08004341   Thumb Code     0  printfb.o(i.__0printf$bare)
    __2printf                                0x08004341   Thumb Code     0  printfb.o(i.__0printf$bare)
    __scatterload_copy                       0x08004371   Thumb Code    14  handlers.o(i.__scatterload_copy)
    __scatterload_null                       0x0800437f   Thumb Code     2  handlers.o(i.__scatterload_null)
    __scatterload_zeroinit                   0x08004381   Thumb Code    14  handlers.o(i.__scatterload_zeroinit)
    fputc                                    0x080043b1   Thumb Code    24  main.o(i.fputc)
    key_callback                             0x080043cd   Thumb Code    52  usb.o(i.key_callback)
    main                                     0x08004405   Thumb Code   130  main.o(i.main)
    TX_ADDRESS                               0x080044e8   Data           5  nrf24l01.o(.constdata)
    RX_ADDRESS                               0x080044ed   Data           5  nrf24l01.o(.constdata)
    AHBPrescTable                            0x08004504   Data          16  system_stm32f1xx.o(.constdata)
    APBPrescTable                            0x08004514   Data           8  system_stm32f1xx.o(.constdata)
    Region$$Table$$Base                      0x0800451c   Number         0  anon$$obj.o(Region$$Table)
    Region$$Table$$Limit                     0x0800453c   Number         0  anon$$obj.o(Region$$Table)
    last_BUTTON                              0x20000000   Data           1  usb.o(.data)
    x_step                                   0x20000001   Data           1  usb.o(.data)
    y_step                                   0x20000002   Data           1  usb.o(.data)
    buffer                                   0x20000003   Data           4  usb.o(.data)
    FS_Desc                                  0x20000008   Data          28  usbd_desc.o(.data)
    USBD_LangIDDesc                          0x20000024   Data           4  usbd_desc.o(.data)
    USBD_FS_DeviceDesc                       0x20000028   Data          18  usbd_desc.o(.data)
    USBD_StringSerial                        0x2000003c   Data          26  usbd_desc.o(.data)
    uwTickFreq                               0x20000058   Data           1  stm32f1xx_hal.o(.data)
    uwTickPrio                               0x2000005c   Data           4  stm32f1xx_hal.o(.data)
    uwTick                                   0x20000060   Data           4  stm32f1xx_hal.o(.data)
    SystemCoreClock                          0x20000064   Data           4  system_stm32f1xx.o(.data)
    USBD_HID                                 0x2000006c   Data          56  usbd_hid.o(.data)
    __stdout                                 0x20000174   Data           4  stdout.o(.data)
    hadc1                                    0x20000178   Data          48  adc.o(.bss)
    hadc2                                    0x200001a8   Data          48  adc.o(.bss)
    hspi2                                    0x200001d8   Data          88  spi.o(.bss)
    huart1                                   0x20000230   Data          72  usart.o(.bss)
    hUsbDeviceFS                             0x20000278   Data         708  usb_device.o(.bss)
    USBD_StrDesc                             0x2000053c   Data         512  usbd_desc.o(.bss)
    hpcd_USB_FS                              0x20000750   Data         728  usbd_conf.o(.bss)
    __initial_sp                             0x20000e28   Data           0  startup_stm32f103xb.o(STACK)



==============================================================================

Memory Map of the image

  Image Entry point : 0x080000ed

  Load Region LR_IROM1 (Base: 0x08000000, Size: 0x000046b4, Max: 0x00010000, ABSOLUTE, COMPRESSED[0x00004614])

    Execution Region ER_IROM1 (Exec base: 0x08000000, Load base: 0x08000000, Size: 0x0000453c, Max: 0x00010000, ABSOLUTE)

    Exec Addr    Load Addr    Size         Type   Attr      Idx    E Section Name        Object

    0x08000000   0x08000000   0x000000ec   Data   RO            3    RESET               startup_stm32f103xb.o
    0x080000ec   0x080000ec   0x00000000   Code   RO         4549  * .ARM.Collect$$$$00000000  mc_w.l(entry.o)
    0x080000ec   0x080000ec   0x00000004   Code   RO         4816    .ARM.Collect$$$$00000001  mc_w.l(entry2.o)
    0x080000f0   0x080000f0   0x00000004   Code   RO         4819    .ARM.Collect$$$$00000004  mc_w.l(entry5.o)
    0x080000f4   0x080000f4   0x00000000   Code   RO         4821    .ARM.Collect$$$$00000008  mc_w.l(entry7b.o)
    0x080000f4   0x080000f4   0x00000000   Code   RO         4823    .ARM.Collect$$$$0000000A  mc_w.l(entry8b.o)
    0x080000f4   0x080000f4   0x00000008   Code   RO         4824    .ARM.Collect$$$$0000000B  mc_w.l(entry9a.o)
    0x080000fc   0x080000fc   0x00000004   Code   RO         4831    .ARM.Collect$$$$0000000E  mc_w.l(entry12b.o)
    0x08000100   0x08000100   0x00000000   Code   RO         4826    .ARM.Collect$$$$0000000F  mc_w.l(entry10a.o)
    0x08000100   0x08000100   0x00000000   Code   RO         4828    .ARM.Collect$$$$00000011  mc_w.l(entry11a.o)
    0x08000100   0x08000100   0x00000004   Code   RO         4817    .ARM.Collect$$$$00002712  mc_w.l(entry2.o)
    0x08000104   0x08000104   0x00000024   Code   RO            4    .text               startup_stm32f103xb.o
    0x08000128   0x08000128   0x00000024   Code   RO         4554    .text               mc_w.l(memseta.o)
    0x0800014c   0x0800014c   0x00000024   Code   RO         4848    .text               mc_w.l(init.o)
    0x08000170   0x08000170   0x00000056   Code   RO         4864    .text               mc_w.l(__dczerorl2.o)
    0x080001c6   0x080001c6   0x00000002   PAD
    0x080001c8   0x080001c8   0x0000001c   Code   RO         1259    i.ADC1_2_IRQHandler  stm32f1xx_it.o
    0x080001e4   0x080001e4   0x00000056   Code   RO         3177    i.ADC_ConversionStop_Disable  stm32f1xx_hal_adc.o
    0x0800023a   0x0800023a   0x00000002   Code   RO         1260    i.BusFault_Handler  stm32f1xx_it.o
    0x0800023c   0x0800023c   0x00000018   Code   RO          224    i.Click_L           usb.o
    0x08000254   0x08000254   0x00000018   Code   RO          225    i.Click_M           usb.o
    0x0800026c   0x0800026c   0x00000018   Code   RO          226    i.Click_R           usb.o
    0x08000284   0x08000284   0x00000002   Code   RO         1261    i.DebugMon_Handler  stm32f1xx_it.o
    0x08000286   0x08000286   0x00000004   Code   RO          324    i.Error_Handler     main.o
    0x0800028a   0x0800028a   0x00000002   Code   RO         3359    i.HAL_ADCEx_InjectedConvCpltCallback  stm32f1xx_hal_adc_ex.o
    0x0800028c   0x0800028c   0x000000fc   Code   RO         3183    i.HAL_ADC_ConfigChannel  stm32f1xx_hal_adc.o
    0x08000388   0x08000388   0x00000002   Code   RO         3184    i.HAL_ADC_ConvCpltCallback  stm32f1xx_hal_adc.o
    0x0800038a   0x0800038a   0x000000dc   Code   RO         3191    i.HAL_ADC_IRQHandler  stm32f1xx_hal_adc.o
    0x08000466   0x08000466   0x00000002   PAD
    0x08000468   0x08000468   0x0000011c   Code   RO         3192    i.HAL_ADC_Init      stm32f1xx_hal_adc.o
    0x08000584   0x08000584   0x00000002   Code   RO         3193    i.HAL_ADC_LevelOutOfWindowCallback  stm32f1xx_hal_adc.o
    0x08000586   0x08000586   0x00000002   PAD
    0x08000588   0x08000588   0x00000098   Code   RO         1128    i.HAL_ADC_MspInit   adc.o
    0x08000620   0x08000620   0x00000046   Code   RO         2581    i.HAL_DMA_Abort     stm32f1xx_hal_dma.o
    0x08000666   0x08000666   0x00000002   PAD
    0x08000668   0x08000668   0x00000098   Code   RO         2582    i.HAL_DMA_Abort_IT  stm32f1xx_hal_dma.o
    0x08000700   0x08000700   0x00000024   Code   RO         2207    i.HAL_Delay         stm32f1xx_hal.o
    0x08000724   0x08000724   0x000001e0   Code   RO         2517    i.HAL_GPIO_Init     stm32f1xx_hal_gpio.o
    0x08000904   0x08000904   0x00000010   Code   RO         2520    i.HAL_GPIO_TogglePin  stm32f1xx_hal_gpio.o
    0x08000914   0x08000914   0x0000000a   Code   RO         2521    i.HAL_GPIO_WritePin  stm32f1xx_hal_gpio.o
    0x0800091e   0x0800091e   0x00000002   PAD
    0x08000920   0x08000920   0x0000000c   Code   RO         2211    i.HAL_GetTick       stm32f1xx_hal.o
    0x0800092c   0x0800092c   0x00000010   Code   RO         2217    i.HAL_IncTick       stm32f1xx_hal.o
    0x0800093c   0x0800093c   0x00000024   Code   RO         2218    i.HAL_Init          stm32f1xx_hal.o
    0x08000960   0x08000960   0x00000040   Code   RO         2219    i.HAL_InitTick      stm32f1xx_hal.o
    0x080009a0   0x080009a0   0x0000003c   Code   RO         1359    i.HAL_MspInit       stm32f1xx_hal_msp.o
    0x080009dc   0x080009dc   0x0000001a   Code   RO         2677    i.HAL_NVIC_EnableIRQ  stm32f1xx_hal_cortex.o
    0x080009f6   0x080009f6   0x00000002   PAD
    0x080009f8   0x080009f8   0x00000040   Code   RO         2683    i.HAL_NVIC_SetPriority  stm32f1xx_hal_cortex.o
    0x08000a38   0x08000a38   0x00000024   Code   RO         2684    i.HAL_NVIC_SetPriorityGrouping  stm32f1xx_hal_cortex.o
    0x08000a5c   0x08000a5c   0x0000003c   Code   RO         1974    i.HAL_PCDEx_PMAConfig  stm32f1xx_hal_pcd_ex.o
    0x08000a98   0x08000a98   0x00000002   Code   RO         1487    i.HAL_PCDEx_SetConnectionState  usbd_conf.o
    0x08000a9a   0x08000a9a   0x00000012   Code   RO         1489    i.HAL_PCD_DataInStageCallback  usbd_conf.o
    0x08000aac   0x08000aac   0x00000014   Code   RO         1490    i.HAL_PCD_DataOutStageCallback  usbd_conf.o
    0x08000ac0   0x08000ac0   0x0000004a   Code   RO         1745    i.HAL_PCD_EP_Close  stm32f1xx_hal_pcd.o
    0x08000b0a   0x08000b0a   0x0000005a   Code   RO         1746    i.HAL_PCD_EP_ClrStall  stm32f1xx_hal_pcd.o
    0x08000b64   0x08000b64   0x000000e6   Code   RO         1747    i.HAL_PCD_EP_DB_Receive  stm32f1xx_hal_pcd.o
    0x08000c4a   0x08000c4a   0x00000338   Code   RO         1748    i.HAL_PCD_EP_DB_Transmit  stm32f1xx_hal_pcd.o
    0x08000f82   0x08000f82   0x00000058   Code   RO         1751    i.HAL_PCD_EP_Open   stm32f1xx_hal_pcd.o
    0x08000fda   0x08000fda   0x0000002e   Code   RO         1752    i.HAL_PCD_EP_Receive  stm32f1xx_hal_pcd.o
    0x08001008   0x08001008   0x00000070   Code   RO         1753    i.HAL_PCD_EP_SetStall  stm32f1xx_hal_pcd.o
    0x08001078   0x08001078   0x0000002e   Code   RO         1754    i.HAL_PCD_EP_Transmit  stm32f1xx_hal_pcd.o
    0x080010a6   0x080010a6   0x00000002   PAD
    0x080010a8   0x080010a8   0x00000134   Code   RO         1756    i.HAL_PCD_IRQHandler  stm32f1xx_hal_pcd.o
    0x080011dc   0x080011dc   0x000000ba   Code   RO         1759    i.HAL_PCD_Init      stm32f1xx_hal_pcd.o
    0x08001296   0x08001296   0x00000002   PAD
    0x08001298   0x08001298   0x0000003c   Code   RO         1495    i.HAL_PCD_MspInit   usbd_conf.o
    0x080012d4   0x080012d4   0x00000026   Code   RO         1496    i.HAL_PCD_ResetCallback  usbd_conf.o
    0x080012fa   0x080012fa   0x00000008   Code   RO         1497    i.HAL_PCD_ResumeCallback  usbd_conf.o
    0x08001302   0x08001302   0x00000008   Code   RO         1498    i.HAL_PCD_SOFCallback  usbd_conf.o
    0x0800130a   0x0800130a   0x00000026   Code   RO         1765    i.HAL_PCD_SetAddress  stm32f1xx_hal_pcd.o
    0x08001330   0x08001330   0x0000000e   Code   RO         1499    i.HAL_PCD_SetupStageCallback  usbd_conf.o
    0x0800133e   0x0800133e   0x00000032   Code   RO         1767    i.HAL_PCD_Start     stm32f1xx_hal_pcd.o
    0x08001370   0x08001370   0x00000024   Code   RO         1500    i.HAL_PCD_SuspendCallback  usbd_conf.o
    0x08001394   0x08001394   0x000000ec   Code   RO         2479    i.HAL_RCCEx_PeriphCLKConfig  stm32f1xx_hal_rcc_ex.o
    0x08001480   0x08001480   0x0000012c   Code   RO         2375    i.HAL_RCC_ClockConfig  stm32f1xx_hal_rcc.o
    0x080015ac   0x080015ac   0x00000020   Code   RO         2382    i.HAL_RCC_GetPCLK1Freq  stm32f1xx_hal_rcc.o
    0x080015cc   0x080015cc   0x00000020   Code   RO         2383    i.HAL_RCC_GetPCLK2Freq  stm32f1xx_hal_rcc.o
    0x080015ec   0x080015ec   0x0000004c   Code   RO         2384    i.HAL_RCC_GetSysClockFreq  stm32f1xx_hal_rcc.o
    0x08001638   0x08001638   0x00000320   Code   RO         2387    i.HAL_RCC_OscConfig  stm32f1xx_hal_rcc.o
    0x08001958   0x08001958   0x00000002   Code   RO         3460    i.HAL_SPI_ErrorCallback  stm32f1xx_hal_spi.o
    0x0800195a   0x0800195a   0x00000002   PAD
    0x0800195c   0x0800195c   0x000000e0   Code   RO         3463    i.HAL_SPI_IRQHandler  stm32f1xx_hal_spi.o
    0x08001a3c   0x08001a3c   0x000000b2   Code   RO         3464    i.HAL_SPI_Init      stm32f1xx_hal_spi.o
    0x08001aee   0x08001aee   0x00000002   PAD
    0x08001af0   0x08001af0   0x00000084   Code   RO         1176    i.HAL_SPI_MspInit   spi.o
    0x08001b74   0x08001b74   0x000001f0   Code   RO         3473    i.HAL_SPI_TransmitReceive  stm32f1xx_hal_spi.o
    0x08001d64   0x08001d64   0x00000028   Code   RO         2688    i.HAL_SYSTICK_Config  stm32f1xx_hal_cortex.o
    0x08001d8c   0x08001d8c   0x00000002   Code   RO         3823    i.HAL_UARTEx_RxEventCallback  stm32f1xx_hal_uart.o
    0x08001d8e   0x08001d8e   0x00000002   Code   RO         3837    i.HAL_UART_ErrorCallback  stm32f1xx_hal_uart.o
    0x08001d90   0x08001d90   0x0000026c   Code   RO         3840    i.HAL_UART_IRQHandler  stm32f1xx_hal_uart.o
    0x08001ffc   0x08001ffc   0x00000064   Code   RO         3841    i.HAL_UART_Init     stm32f1xx_hal_uart.o
    0x08002060   0x08002060   0x00000080   Code   RO         1218    i.HAL_UART_MspInit  usart.o
    0x080020e0   0x080020e0   0x00000002   Code   RO         3847    i.HAL_UART_RxCpltCallback  stm32f1xx_hal_uart.o
    0x080020e2   0x080020e2   0x000000a0   Code   RO         3849    i.HAL_UART_Transmit  stm32f1xx_hal_uart.o
    0x08002182   0x08002182   0x00000002   Code   RO         3852    i.HAL_UART_TxCpltCallback  stm32f1xx_hal_uart.o
    0x08002184   0x08002184   0x00000002   Code   RO         1262    i.HardFault_Handler  stm32f1xx_it.o
    0x08002186   0x08002186   0x00000002   PAD
    0x08002188   0x08002188   0x00000038   Code   RO         1414    i.IntToUnicode      usbd_desc.o
    0x080021c0   0x080021c0   0x0000004c   Code   RO         1129    i.MX_ADC1_Init      adc.o
    0x0800220c   0x0800220c   0x0000004c   Code   RO         1130    i.MX_ADC2_Init      adc.o
    0x08002258   0x08002258   0x000000c0   Code   RO         1103    i.MX_GPIO_Init      gpio.o
    0x08002318   0x08002318   0x00000048   Code   RO         1177    i.MX_SPI2_Init      spi.o
    0x08002360   0x08002360   0x00000038   Code   RO         1219    i.MX_USART1_UART_Init  usart.o
    0x08002398   0x08002398   0x00000040   Code   RO         1383    i.MX_USB_DEVICE_Init  usb_device.o
    0x080023d8   0x080023d8   0x00000002   Code   RO         1263    i.MemManage_Handler  stm32f1xx_it.o
    0x080023da   0x080023da   0x00000002   PAD
    0x080023dc   0x080023dc   0x00000024   Code   RO          227    i.Move              usb.o
    0x08002400   0x08002400   0x0000002c   Code   RO          228    i.MoveAccordingToBuffer  usb.o
    0x0800242c   0x0800242c   0x00000002   Code   RO         1264    i.NMI_Handler       stm32f1xx_it.o
    0x0800242e   0x0800242e   0x00000002   PAD
    0x08002430   0x08002430   0x0000004c   Code   RO           13    i.NRF24L01_Check    nrf24l01.o
    0x0800247c   0x0800247c   0x00000060   Code   RO           15    i.NRF24L01_RX_Mode  nrf24l01.o
    0x080024dc   0x080024dc   0x00000050   Code   RO           16    i.NRF24L01_Read_Buf  nrf24l01.o
    0x0800252c   0x0800252c   0x00000038   Code   RO           17    i.NRF24L01_Read_Reg  nrf24l01.o
    0x08002564   0x08002564   0x00000038   Code   RO           18    i.NRF24L01_RxPacket  nrf24l01.o
    0x0800259c   0x0800259c   0x00000054   Code   RO           22    i.NRF24L01_Write_Buf  nrf24l01.o
    0x080025f0   0x080025f0   0x0000003c   Code   RO           23    i.NRF24L01_Write_Reg  nrf24l01.o
    0x0800262c   0x0800262c   0x000003a6   Code   RO         1771    i.PCD_EP_ISR_Handler  stm32f1xx_hal_pcd.o
    0x080029d2   0x080029d2   0x00000002   Code   RO         1265    i.PendSV_Handler    stm32f1xx_it.o
    0x080029d4   0x080029d4   0x0000000c   Code   RO         1266    i.SPI2_IRQHandler   stm32f1xx_it.o
    0x080029e0   0x080029e0   0x00000034   Code   RO           25    i.SPI2_SetSpeed     nrf24l01.o
    0x08002a14   0x08002a14   0x00000010   Code   RO         3491    i.SPI_DMAAbortOnError  stm32f1xx_hal_spi.o
    0x08002a24   0x08002a24   0x00000034   Code   RO         3502    i.SPI_EndRxTxTransaction  stm32f1xx_hal_spi.o
    0x08002a58   0x08002a58   0x000000b8   Code   RO         3507    i.SPI_WaitFlagStateUntilTimeout  stm32f1xx_hal_spi.o
    0x08002b10   0x08002b10   0x00000020   Code   RO           26    i.SPIx_ReadWriteByte  nrf24l01.o
    0x08002b30   0x08002b30   0x00000002   Code   RO         1267    i.SVC_Handler       stm32f1xx_it.o
    0x08002b32   0x08002b32   0x00000004   Code   RO         1268    i.SysTick_Handler   stm32f1xx_it.o
    0x08002b36   0x08002b36   0x0000007c   Code   RO          325    i.SystemClock_Config  main.o
    0x08002bb2   0x08002bb2   0x00000002   Code   RO         4175    i.SystemInit        system_stm32f1xx.o
    0x08002bb4   0x08002bb4   0x00000010   Code   RO         3854    i.UART_DMAAbortOnError  stm32f1xx_hal_uart.o
    0x08002bc4   0x08002bc4   0x0000004e   Code   RO         3864    i.UART_EndRxTransfer  stm32f1xx_hal_uart.o
    0x08002c12   0x08002c12   0x000000c2   Code   RO         3866    i.UART_Receive_IT   stm32f1xx_hal_uart.o
    0x08002cd4   0x08002cd4   0x000000b8   Code   RO         3867    i.UART_SetConfig    stm32f1xx_hal_uart.o
    0x08002d8c   0x08002d8c   0x00000072   Code   RO         3870    i.UART_WaitOnFlagUntilTimeout  stm32f1xx_hal_uart.o
    0x08002dfe   0x08002dfe   0x00000002   PAD
    0x08002e00   0x08002e00   0x0000000c   Code   RO         1269    i.USART1_IRQHandler  stm32f1xx_it.o
    0x08002e0c   0x08002e0c   0x0000000e   Code   RO         4212    i.USBD_ClrClassConfig  usbd_core.o
    0x08002e1a   0x08002e1a   0x00000010   Code   RO         4415    i.USBD_CtlContinueRx  usbd_ioreq.o
    0x08002e2a   0x08002e2a   0x00000010   Code   RO         4416    i.USBD_CtlContinueSendData  usbd_ioreq.o
    0x08002e3a   0x08002e3a   0x00000016   Code   RO         4350    i.USBD_CtlError     usbd_ctlreq.o
    0x08002e50   0x08002e50   0x00000016   Code   RO         4418    i.USBD_CtlReceiveStatus  usbd_ioreq.o
    0x08002e66   0x08002e66   0x0000001a   Code   RO         4419    i.USBD_CtlSendData  usbd_ioreq.o
    0x08002e80   0x08002e80   0x00000016   Code   RO         4420    i.USBD_CtlSendStatus  usbd_ioreq.o
    0x08002e96   0x08002e96   0x00000002   PAD
    0x08002e98   0x08002e98   0x00000020   Code   RO         1415    i.USBD_FS_ConfigStrDescriptor  usbd_desc.o
    0x08002eb8   0x08002eb8   0x0000000c   Code   RO         1416    i.USBD_FS_DeviceDescriptor  usbd_desc.o
    0x08002ec4   0x08002ec4   0x00000024   Code   RO         1417    i.USBD_FS_InterfaceStrDescriptor  usbd_desc.o
    0x08002ee8   0x08002ee8   0x0000000c   Code   RO         1418    i.USBD_FS_LangIDStrDescriptor  usbd_desc.o
    0x08002ef4   0x08002ef4   0x00000028   Code   RO         1419    i.USBD_FS_ManufacturerStrDescriptor  usbd_desc.o
    0x08002f1c   0x08002f1c   0x0000002c   Code   RO         1420    i.USBD_FS_ProductStrDescriptor  usbd_desc.o
    0x08002f48   0x08002f48   0x00000038   Code   RO         1421    i.USBD_FS_SerialStrDescriptor  usbd_desc.o
    0x08002f80   0x08002f80   0x000000e8   Code   RO         4351    i.USBD_GetDescriptor  usbd_ctlreq.o
    0x08003068   0x08003068   0x00000048   Code   RO         4352    i.USBD_GetString    usbd_ctlreq.o
    0x080030b0   0x080030b0   0x00000018   Code   RO         1501    i.USBD_Get_USB_Status  usbd_conf.o
    0x080030c8   0x080030c8   0x0000000c   Code   RO         4475    i.USBD_HID_DataIn   usbd_hid.o
    0x080030d4   0x080030d4   0x00000020   Code   RO         4476    i.USBD_HID_DeInit   usbd_hid.o
    0x080030f4   0x080030f4   0x0000000c   Code   RO         4477    i.USBD_HID_GetDeviceQualifierDesc  usbd_hid.o
    0x08003100   0x08003100   0x0000000c   Code   RO         4478    i.USBD_HID_GetFSCfgDesc  usbd_hid.o
    0x0800310c   0x0800310c   0x0000000c   Code   RO         4479    i.USBD_HID_GetHSCfgDesc  usbd_hid.o
    0x08003118   0x08003118   0x0000000c   Code   RO         4480    i.USBD_HID_GetOtherSpeedCfgDesc  usbd_hid.o
    0x08003124   0x08003124   0x0000002a   Code   RO         4482    i.USBD_HID_Init     usbd_hid.o
    0x0800314e   0x0800314e   0x00000024   Code   RO         4483    i.USBD_HID_SendReport  usbd_hid.o
    0x08003172   0x08003172   0x00000002   PAD
    0x08003174   0x08003174   0x000000c8   Code   RO         4484    i.USBD_HID_Setup    usbd_hid.o
    0x0800323c   0x0800323c   0x0000002a   Code   RO         4214    i.USBD_Init         usbd_core.o
    0x08003266   0x08003266   0x00000012   Code   RO         1502    i.USBD_LL_ClearStallEP  usbd_conf.o
    0x08003278   0x08003278   0x00000012   Code   RO         1503    i.USBD_LL_CloseEP   usbd_conf.o
    0x0800328a   0x0800328a   0x000000c6   Code   RO         4215    i.USBD_LL_DataInStage  usbd_core.o
    0x08003350   0x08003350   0x00000082   Code   RO         4216    i.USBD_LL_DataOutStage  usbd_core.o
    0x080033d2   0x080033d2   0x00000002   PAD
    0x080033d4   0x080033d4   0x00000068   Code   RO         1508    i.USBD_LL_Init      usbd_conf.o
    0x0800343c   0x0800343c   0x0000001e   Code   RO         1509    i.USBD_LL_IsStallEP  usbd_conf.o
    0x0800345a   0x0800345a   0x00000018   Code   RO         1510    i.USBD_LL_OpenEP    usbd_conf.o
    0x08003472   0x08003472   0x00000012   Code   RO         1511    i.USBD_LL_PrepareReceive  usbd_conf.o
    0x08003484   0x08003484   0x00000050   Code   RO         4221    i.USBD_LL_Reset     usbd_core.o
    0x080034d4   0x080034d4   0x00000014   Code   RO         4222    i.USBD_LL_Resume    usbd_core.o
    0x080034e8   0x080034e8   0x00000018   Code   RO         4223    i.USBD_LL_SOF       usbd_core.o
    0x08003500   0x08003500   0x00000006   Code   RO         4224    i.USBD_LL_SetSpeed  usbd_core.o
    0x08003506   0x08003506   0x00000012   Code   RO         1512    i.USBD_LL_SetUSBAddress  usbd_conf.o
    0x08003518   0x08003518   0x0000005a   Code   RO         4225    i.USBD_LL_SetupStage  usbd_core.o
    0x08003572   0x08003572   0x00000012   Code   RO         1513    i.USBD_LL_StallEP   usbd_conf.o
    0x08003584   0x08003584   0x00000012   Code   RO         1514    i.USBD_LL_Start     usbd_conf.o
    0x08003596   0x08003596   0x00000012   Code   RO         4226    i.USBD_LL_Suspend   usbd_core.o
    0x080035a8   0x080035a8   0x00000012   Code   RO         1516    i.USBD_LL_Transmit  usbd_conf.o
    0x080035ba   0x080035ba   0x00000028   Code   RO         4353    i.USBD_ParseSetupRequest  usbd_ctlreq.o
    0x080035e2   0x080035e2   0x00000010   Code   RO         4227    i.USBD_RegisterClass  usbd_core.o
    0x080035f2   0x080035f2   0x00000016   Code   RO         4229    i.USBD_SetClassConfig  usbd_core.o
    0x08003608   0x08003608   0x00000084   Code   RO         4354    i.USBD_SetConfig    usbd_ctlreq.o
    0x0800368c   0x0800368c   0x0000000a   Code   RO         4230    i.USBD_Start        usbd_core.o
    0x08003696   0x08003696   0x00000112   Code   RO         4355    i.USBD_StdDevReq    usbd_ctlreq.o
    0x080037a8   0x080037a8   0x00000150   Code   RO         4356    i.USBD_StdEPReq     usbd_ctlreq.o
    0x080038f8   0x080038f8   0x0000004e   Code   RO         4357    i.USBD_StdItfReq    usbd_ctlreq.o
    0x08003946   0x08003946   0x00000002   Code   RO         1517    i.USBD_static_free  usbd_conf.o
    0x08003948   0x08003948   0x00000008   Code   RO         1518    i.USBD_static_malloc  usbd_conf.o
    0x08003950   0x08003950   0x0000029c   Code   RO         2014    i.USB_ActivateEndpoint  stm32f1xx_ll_usb.o
    0x08003bec   0x08003bec   0x00000004   Code   RO         2017    i.USB_CoreInit      stm32f1xx_ll_usb.o
    0x08003bf0   0x08003bf0   0x0000010e   Code   RO         2019    i.USB_DeactivateEndpoint  stm32f1xx_ll_usb.o
    0x08003cfe   0x08003cfe   0x00000004   Code   RO         2020    i.USB_DevConnect    stm32f1xx_ll_usb.o
    0x08003d02   0x08003d02   0x00000004   Code   RO         2021    i.USB_DevDisconnect  stm32f1xx_ll_usb.o
    0x08003d06   0x08003d06   0x00000012   Code   RO         2022    i.USB_DevInit       stm32f1xx_ll_usb.o
    0x08003d18   0x08003d18   0x0000000e   Code   RO         2023    i.USB_DisableGlobalInt  stm32f1xx_ll_usb.o
    0x08003d26   0x08003d26   0x00000004   Code   RO         2024    i.USB_EP0_OutStart  stm32f1xx_ll_usb.o
    0x08003d2a   0x08003d2a   0x00000078   Code   RO         2025    i.USB_EPClearStall  stm32f1xx_ll_usb.o
    0x08003da2   0x08003da2   0x00000032   Code   RO         2026    i.USB_EPSetStall    stm32f1xx_ll_usb.o
    0x08003dd4   0x08003dd4   0x000004e2   Code   RO         2027    i.USB_EPStartXfer   stm32f1xx_ll_usb.o
    0x080042b6   0x080042b6   0x00000012   Code   RO         2029    i.USB_EnableGlobalInt  stm32f1xx_ll_usb.o
    0x080042c8   0x080042c8   0x0000000c   Code   RO         1270    i.USB_LP_CAN1_RX0_IRQHandler  stm32f1xx_it.o
    0x080042d4   0x080042d4   0x00000006   Code   RO         2036    i.USB_ReadInterrupts  stm32f1xx_ll_usb.o
    0x080042da   0x080042da   0x00000002   PAD
    0x080042dc   0x080042dc   0x0000002c   Code   RO         2037    i.USB_ReadPMA       stm32f1xx_ll_usb.o
    0x08004308   0x08004308   0x00000004   Code   RO         2038    i.USB_SetCurrentMode  stm32f1xx_ll_usb.o
    0x0800430c   0x0800430c   0x0000000c   Code   RO         2039    i.USB_SetDevAddress  stm32f1xx_ll_usb.o
    0x08004318   0x08004318   0x00000026   Code   RO         2041    i.USB_WritePMA      stm32f1xx_ll_usb.o
    0x0800433e   0x0800433e   0x00000002   Code   RO         1271    i.UsageFault_Handler  stm32f1xx_it.o
    0x08004340   0x08004340   0x00000010   Code   RO         4557    i.__0printf$bare    mc_w.l(printfb.o)
    0x08004350   0x08004350   0x00000020   Code   RO         2690    i.__NVIC_SetPriority  stm32f1xx_hal_cortex.o
    0x08004370   0x08004370   0x0000000e   Code   RO         4858    i.__scatterload_copy  mc_w.l(handlers.o)
    0x0800437e   0x0800437e   0x00000002   Code   RO         4859    i.__scatterload_null  mc_w.l(handlers.o)
    0x08004380   0x08004380   0x0000000e   Code   RO         4860    i.__scatterload_zeroinit  mc_w.l(handlers.o)
    0x0800438e   0x0800438e   0x00000022   Code   RO         4564    i._printf_core      mc_w.l(printfb.o)
    0x080043b0   0x080043b0   0x0000001c   Code   RO          326    i.fputc             main.o
    0x080043cc   0x080043cc   0x00000038   Code   RO          230    i.key_callback      usb.o
    0x08004404   0x08004404   0x000000e4   Code   RO          327    i.main              main.o
    0x080044e8   0x080044e8   0x0000000a   Data   RO           27    .constdata          nrf24l01.o
    0x080044f2   0x080044f2   0x00000012   Data   RO         2388    .constdata          stm32f1xx_hal_rcc.o
    0x08004504   0x08004504   0x00000010   Data   RO         4176    .constdata          system_stm32f1xx.o
    0x08004514   0x08004514   0x00000008   Data   RO         4177    .constdata          system_stm32f1xx.o
    0x0800451c   0x0800451c   0x00000020   Data   RO         4856    Region$$Table       anon$$obj.o


    Execution Region RW_IRAM1 (Exec base: 0x20000000, Load base: 0x0800453c, Size: 0x00000e28, Max: 0x00005000, ABSOLUTE, COMPRESSED[0x000000d8])

    Exec Addr    Load Addr    Size         Type   Attr      Idx    E Section Name        Object

    0x20000000   COMPRESSED   0x00000007   Data   RW          231    .data               usb.o
    0x20000007   COMPRESSED   0x00000001   PAD
    0x20000008   COMPRESSED   0x0000001c   Data   RW         1423    .data               usbd_desc.o
    0x20000024   COMPRESSED   0x00000032   Data   RW         1424    .data               usbd_desc.o
    0x20000056   COMPRESSED   0x00000002   PAD
    0x20000058   COMPRESSED   0x0000000c   Data   RW         2225    .data               stm32f1xx_hal.o
    0x20000064   COMPRESSED   0x00000004   Data   RW         4178    .data               system_stm32f1xx.o
    0x20000068   COMPRESSED   0x00000001   Data   RW         4358    .data               usbd_ctlreq.o
    0x20000069   COMPRESSED   0x00000003   PAD
    0x2000006c   COMPRESSED   0x00000038   Data   RW         4485    .data               usbd_hid.o
    0x200000a4   COMPRESSED   0x000000ce   Data   RW         4486    .data               usbd_hid.o
    0x20000172   COMPRESSED   0x00000002   PAD
    0x20000174   COMPRESSED   0x00000004   Data   RW         4832    .data               mc_w.l(stdout.o)
    0x20000178        -       0x00000060   Zero   RW         1131    .bss                adc.o
    0x200001d8        -       0x00000058   Zero   RW         1178    .bss                spi.o
    0x20000230        -       0x00000048   Zero   RW         1220    .bss                usart.o
    0x20000278        -       0x000002c4   Zero   RW         1384    .bss                usb_device.o
    0x2000053c        -       0x00000200   Zero   RW         1422    .bss                usbd_desc.o
    0x2000073c        -       0x000002ec   Zero   RW         1519    .bss                usbd_conf.o
    0x20000a28        -       0x00000400   Zero   RW            1    STACK               startup_stm32f103xb.o


==============================================================================

Image component sizes


      Code (inc. data)   RO Data    RW Data    ZI Data      Debug   Object Name

       304         34          0          0         96       2350   adc.o
       192         16          0          0          0        995   gpio.o
       384        102          0          0          0       4212   main.o
       592         60         10          0          0     441251   nrf24l01.o
       204         24          0          0         88       1697   spi.o
        36          8        236          0       1024        808   startup_stm32f103xb.o
       164         28          0         12          0       5985   stm32f1xx_hal.o
       846         24          0          0          0       5259   stm32f1xx_hal_adc.o
         2          0          0          0          0       1077   stm32f1xx_hal_adc_ex.o
       198         14          0          0          0      29003   stm32f1xx_hal_cortex.o
       222          4          0          0          0       1799   stm32f1xx_hal_dma.o
       506         34          0          0          0       3537   stm32f1xx_hal_gpio.o
        60          8          0          0          0        894   stm32f1xx_hal_msp.o
      3026          0          0          0          0      13785   stm32f1xx_hal_pcd.o
        60          0          0          0          0       1194   stm32f1xx_hal_pcd_ex.o
      1240         84         18          0          0       5172   stm32f1xx_hal_rcc.o
       236         12          0          0          0       1404   stm32f1xx_hal_rcc_ex.o
      1152          8          0          0          0       6802   stm32f1xx_hal_spi.o
      1474         10          0          0          0      10220   stm32f1xx_hal_uart.o
        84         28          0          0          0       5797   stm32f1xx_it.o
      2528          0          0          0          0      16299   stm32f1xx_ll_usb.o
         2          0         24          4          0       1143   system_stm32f1xx.o
       184         20          0          0         72       1730   usart.o
       208         36          0          7          0       8159   usb.o
        64         12          0          0        708        800   usb_device.o
       522         30          0          0        748      13885   usbd_conf.o
       670          0          0          0          0       9599   usbd_core.o
      1186         28          0          1          0       8012   usbd_ctlreq.o
       288        104          0         78        512       6025   usbd_desc.o
       370         20          0        262          0       7901   usbd_hid.o
       102          0          0          0          0       3712   usbd_ioreq.o

    ----------------------------------------------------------------------
     17140        748        320        372       3248     620506   Object Totals
         0          0         32          0          0          0   (incl. Generated)
        34          0          0          8          0          0   (incl. Padding)

    ----------------------------------------------------------------------

      Code (inc. data)   RO Data    RW Data    ZI Data      Debug   Library Member Name

        86          0          0          0          0          0   __dczerorl2.o
         0          0          0          0          0          0   entry.o
         0          0          0          0          0          0   entry10a.o
         0          0          0          0          0          0   entry11a.o
         4          0          0          0          0          0   entry12b.o
         8          4          0          0          0          0   entry2.o
         4          0          0          0          0          0   entry5.o
         0          0          0          0          0          0   entry7b.o
         0          0          0          0          0          0   entry8b.o
         8          4          0          0          0          0   entry9a.o
        30          0          0          0          0          0   handlers.o
        36          8          0          0          0         68   init.o
        36          0          0          0          0        108   memseta.o
        50          8          0          0          0        152   printfb.o
         0          0          0          4          0          0   stdout.o

    ----------------------------------------------------------------------
       264         24          0          4          0        328   Library Totals
         2          0          0          0          0          0   (incl. Padding)

    ----------------------------------------------------------------------

      Code (inc. data)   RO Data    RW Data    ZI Data      Debug   Library Name

       262         24          0          4          0        328   mc_w.l

    ----------------------------------------------------------------------
       264         24          0          4          0        328   Library Totals

    ----------------------------------------------------------------------

==============================================================================


      Code (inc. data)   RO Data    RW Data    ZI Data      Debug   

     17404        772        320        376       3248     611654   Grand Totals
     17404        772        320        216       3248     611654   ELF Image Totals (compressed)
     17404        772        320        216          0          0   ROM Totals

==============================================================================

    Total RO  Size (Code + RO Data)                17724 (  17.31kB)
    Total RW  Size (RW Data + ZI Data)              3624 (   3.54kB)
    Total ROM Size (Code + RO Data + RW Data)      17940 (  17.52kB)

==============================================================================

