Component: ARM Compiler 5.06 update 7 (build 960) Tool: armlink [4d3601]

==============================================================================

Section Cross References

    startup_stm32f103xb.o(RESET) refers to startup_stm32f103xb.o(STACK) for __initial_sp
    startup_stm32f103xb.o(RESET) refers to startup_stm32f103xb.o(.text) for Reset_Handler
    startup_stm32f103xb.o(RESET) refers to stm32f1xx_it.o(i.NMI_Handler) for NMI_Handler
    startup_stm32f103xb.o(RESET) refers to stm32f1xx_it.o(i.HardFault_Handler) for HardFault_Handler
    startup_stm32f103xb.o(RESET) refers to stm32f1xx_it.o(i.MemManage_Handler) for MemManage_Handler
    startup_stm32f103xb.o(RESET) refers to stm32f1xx_it.o(i.BusFault_Handler) for BusFault_Handler
    startup_stm32f103xb.o(RESET) refers to stm32f1xx_it.o(i.UsageFault_Handler) for UsageFault_Handler
    startup_stm32f103xb.o(RESET) refers to stm32f1xx_it.o(i.SVC_Handler) for SVC_Handler
    startup_stm32f103xb.o(RESET) refers to stm32f1xx_it.o(i.DebugMon_Handler) for DebugMon_Handler
    startup_stm32f103xb.o(RESET) refers to stm32f1xx_it.o(i.PendSV_Handler) for PendSV_Handler
    startup_stm32f103xb.o(RESET) refers to stm32f1xx_it.o(i.SysTick_Handler) for SysTick_Handler
    startup_stm32f103xb.o(RESET) refers to stm32f1xx_it.o(i.TIM2_IRQHandler) for TIM2_IRQHandler
    startup_stm32f103xb.o(RESET) refers to stm32f1xx_it.o(i.SPI2_IRQHandler) for SPI2_IRQHandler
    startup_stm32f103xb.o(RESET) refers to stm32f1xx_it.o(i.USART1_IRQHandler) for USART1_IRQHandler
    startup_stm32f103xb.o(.text) refers to system_stm32f1xx.o(i.SystemInit) for SystemInit
    startup_stm32f103xb.o(.text) refers to entry.o(.ARM.Collect$$$$00000000) for __main
    main.o(i.HAL_TIM_PeriodElapsedCallback) refers to mahony.o(i.imuCalculateEstimatedAttitude) for imuCalculateEstimatedAttitude
    main.o(i.HAL_TIM_PeriodElapsedCallback) refers to led.o(i.LED_Callback) for LED_Callback
    main.o(i.HAL_TIM_PeriodElapsedCallback) refers to main.o(.data) for .data
    main.o(i.SystemClock_Config) refers to memseta.o(.text) for __aeabi_memclr4
    main.o(i.SystemClock_Config) refers to stm32f1xx_hal_rcc.o(i.HAL_RCC_OscConfig) for HAL_RCC_OscConfig
    main.o(i.SystemClock_Config) refers to stm32f1xx_hal_rcc.o(i.HAL_RCC_ClockConfig) for HAL_RCC_ClockConfig
    main.o(i.fputc) refers to stm32f1xx_hal_uart.o(i.HAL_UART_Transmit) for HAL_UART_Transmit
    main.o(i.fputc) refers to usart.o(.bss) for huart1
    main.o(i.main) refers to stm32f1xx_hal.o(i.HAL_Init) for HAL_Init
    main.o(i.main) refers to main.o(i.SystemClock_Config) for SystemClock_Config
    main.o(i.main) refers to gpio.o(i.MX_GPIO_Init) for MX_GPIO_Init
    main.o(i.main) refers to i2c.o(i.MX_I2C2_Init) for MX_I2C2_Init
    main.o(i.main) refers to usart.o(i.MX_USART1_UART_Init) for MX_USART1_UART_Init
    main.o(i.main) refers to tim.o(i.MX_TIM2_Init) for MX_TIM2_Init
    main.o(i.main) refers to spi.o(i.MX_SPI2_Init) for MX_SPI2_Init
    main.o(i.main) refers to tim.o(i.MX_TIM1_Init) for MX_TIM1_Init
    main.o(i.main) refers to tim.o(i.MX_TIM4_Init) for MX_TIM4_Init
    main.o(i.main) refers to imu_data.o(i.Filter_init) for Filter_init
    main.o(i.main) refers to oled.o(i.OLED_Init) for OLED_Init
    main.o(i.main) refers to stm32f1xx_hal.o(i.HAL_Delay) for HAL_Delay
    main.o(i.main) refers to mpu6050driver.o(i.MPU_Init) for MPU_Init
    main.o(i.main) refers to fusionahrs.o(i.FusionAhrsInitialise) for FusionAhrsInitialise
    main.o(i.main) refers to stm32f1xx_hal_tim.o(i.HAL_TIM_Base_Start_IT) for HAL_TIM_Base_Start_IT
    main.o(i.main) refers to printf6.o(i.__0printf$6) for __2printf
    main.o(i.main) refers to nrf24l01.o(i.NRF24L01_Check) for NRF24L01_Check
    main.o(i.main) refers to nrf24l01.o(i.NRF24L01_TX_Mode) for NRF24L01_TX_Mode
    main.o(i.main) refers to stm32f1xx_hal_tim.o(i.HAL_TIM_PWM_Start) for HAL_TIM_PWM_Start
    main.o(i.main) refers to led.o(i.KEY_Scan) for KEY_Scan
    main.o(i.main) refers to commu.o(i.sent_data) for sent_data
    main.o(i.main) refers to oled.o(i.OLED_ShowString) for OLED_ShowString
    main.o(i.main) refers to fflti.o(.text) for __aeabi_i2f
    main.o(i.main) refers to fdiv.o(.text) for __aeabi_fdiv
    main.o(i.main) refers to oled.o(i.OLED_ShowFNum) for OLED_ShowFNum
    main.o(i.main) refers to ahrs.o(.bss) for ahrs
    main.o(i.main) refers to tim.o(.bss) for htim2
    main.o(i.main) refers to imu_data.o(.data) for imu_offset_flag
    main.o(i.main) refers to main.o(.data) for .data
    main.o(i.main) refers to imu_data.o(.data) for attitude_roll
    main.o(i.main) refers to imu_data.o(.data) for attitude_pitch
    main.o(i.main) refers to imu_data.o(.data) for attitude_yaw
    gpio.o(i.MX_GPIO_Init) refers to stm32f1xx_hal_gpio.o(i.HAL_GPIO_WritePin) for HAL_GPIO_WritePin
    gpio.o(i.MX_GPIO_Init) refers to stm32f1xx_hal_gpio.o(i.HAL_GPIO_Init) for HAL_GPIO_Init
    i2c.o(i.HAL_I2C_MspDeInit) refers to stm32f1xx_hal_gpio.o(i.HAL_GPIO_DeInit) for HAL_GPIO_DeInit
[...]
    I2C_WaitOnRXNEFlagUntilTimeout           0x08002be9   Thumb Code   112  stm32f1xx_hal_i2c.o(i.I2C_WaitOnRXNEFlagUntilTimeout)
    i.I2C_WaitOnTXEFlagUntilTimeout          0x08002c58   Section        0  stm32f1xx_hal_i2c.o(i.I2C_WaitOnTXEFlagUntilTimeout)
    I2C_WaitOnTXEFlagUntilTimeout            0x08002c59   Thumb Code    86  stm32f1xx_hal_i2c.o(i.I2C_WaitOnTXEFlagUntilTimeout)
    i.KEY_Scan                               0x08002cb0   Section        0  led.o(i.KEY_Scan)
    i.LED_Callback                           0x08002d64   Section        0  led.o(i.LED_Callback)
    i.MPU_Get_Accelerometer                  0x08002e60   Section        0  mpu6050driver.o(i.MPU_Get_Accelerometer)
    i.MPU_Get_Gyroscope                      0x08002e90   Section        0  mpu6050driver.o(i.MPU_Get_Gyroscope)
    i.MPU_Init                               0x08002ec0   Section        0  mpu6050driver.o(i.MPU_Init)
    i.MPU_Read_Byte                          0x08002f3c   Section        0  mpu6050driver.o(i.MPU_Read_Byte)
    i.MPU_Read_Len                           0x08002f70   Section        0  mpu6050driver.o(i.MPU_Read_Len)
    i.MPU_Set_Accel_Fsr                      0x08002f90   Section        0  mpu6050driver.o(i.MPU_Set_Accel_Fsr)
    i.MPU_Set_Gyro_Fsr                       0x08002f9a   Section        0  mpu6050driver.o(i.MPU_Set_Gyro_Fsr)
    i.MPU_Set_LPF                            0x08002fa4   Section        0  mpu6050driver.o(i.MPU_Set_LPF)
    i.MPU_Set_Rate                           0x08002fd4   Section        0  mpu6050driver.o(i.MPU_Set_Rate)
    i.MPU_Write_Byte                         0x08003004   Section        0  mpu6050driver.o(i.MPU_Write_Byte)
    i.MX_GPIO_Init                           0x08003034   Section        0  gpio.o(i.MX_GPIO_Init)
    i.MX_I2C2_Init                           0x080030ec   Section        0  i2c.o(i.MX_I2C2_Init)
    i.MX_SPI2_Init                           0x0800312c   Section        0  spi.o(i.MX_SPI2_Init)
    i.MX_TIM1_Init                           0x08003174   Section        0  tim.o(i.MX_TIM1_Init)
    i.MX_TIM2_Init                           0x08003214   Section        0  tim.o(i.MX_TIM2_Init)
    i.MX_TIM4_Init                           0x08003278   Section        0  tim.o(i.MX_TIM4_Init)
    i.MX_USART1_UART_Init                    0x080032f8   Section        0  usart.o(i.MX_USART1_UART_Init)
    i.MemManage_Handler                      0x08003330   Section        0  stm32f1xx_it.o(i.MemManage_Handler)
    i.NMI_Handler                            0x08003332   Section        0  stm32f1xx_it.o(i.NMI_Handler)
    i.NRF24L01_Check                         0x08003334   Section        0  nrf24l01.o(i.NRF24L01_Check)
    i.NRF24L01_Read_Buf                      0x08003380   Section        0  nrf24l01.o(i.NRF24L01_Read_Buf)
    i.NRF24L01_Read_Reg                      0x080033d0   Section        0  nrf24l01.o(i.NRF24L01_Read_Reg)
    i.NRF24L01_TX_Mode                       0x08003408   Section        0  nrf24l01.o(i.NRF24L01_TX_Mode)
    i.NRF24L01_TxPacket                      0x08003474   Section        0  nrf24l01.o(i.NRF24L01_TxPacket)
    i.NRF24L01_Write_Buf                     0x080034e0   Section        0  nrf24l01.o(i.NRF24L01_Write_Buf)
    i.NRF24L01_Write_Reg                     0x08003534   Section        0  nrf24l01.o(i.NRF24L01_Write_Reg)
    i.OLED_Clear                             0x08003570   Section        0  oled.o(i.OLED_Clear)
    i.OLED_I2C_SendByte                      0x08003598   Section        0  oled.o(i.OLED_I2C_SendByte)
    i.OLED_I2C_Start                         0x080035f4   Section        0  oled.o(i.OLED_I2C_Start)
    i.OLED_I2C_Stop                          0x08003628   Section        0  oled.o(i.OLED_I2C_Stop)
    i.OLED_Init                              0x08003654   Section        0  oled.o(i.OLED_Init)
    i.OLED_Pow                               0x080036fc   Section        0  oled.o(i.OLED_Pow)
    i.OLED_SetCursor                         0x0800370a   Section        0  oled.o(i.OLED_SetCursor)
    i.OLED_ShowChar                          0x0800372c   Section        0  oled.o(i.OLED_ShowChar)
    i.OLED_ShowFNum                          0x08003794   Section        0  oled.o(i.OLED_ShowFNum)
    i.OLED_ShowString                        0x08003846   Section        0  oled.o(i.OLED_ShowString)
    i.OLED_WriteCommand                      0x0800386c   Section        0  oled.o(i.OLED_WriteCommand)
    i.OLED_WriteData                         0x0800388e   Section        0  oled.o(i.OLED_WriteData)
    i.PendSV_Handler                         0x080038b0   Section        0  stm32f1xx_it.o(i.PendSV_Handler)
    i.SPI2_IRQHandler                        0x080038b4   Section        0  stm32f1xx_it.o(i.SPI2_IRQHandler)
    i.SPI2_SetSpeed                          0x080038c0   Section        0  nrf24l01.o(i.SPI2_SetSpeed)
    SPI2_SetSpeed                            0x080038c1   Thumb Code    46  nrf24l01.o(i.SPI2_SetSpeed)
    i.SPI_DMAAbortOnError                    0x080038f4   Section        0  stm32f1xx_hal_spi.o(i.SPI_DMAAbortOnError)
    SPI_DMAAbortOnError                      0x080038f5   Thumb Code    16  stm32f1xx_hal_spi.o(i.SPI_DMAAbortOnError)
    i.SPI_EndRxTxTransaction                 0x08003904   Section        0  stm32f1xx_hal_spi.o(i.SPI_EndRxTxTransaction)
    SPI_EndRxTxTransaction                   0x08003905   Thumb Code    52  stm32f1xx_hal_spi.o(i.SPI_EndRxTxTransaction)
    i.SPI_WaitFlagStateUntilTimeout          0x08003938   Section        0  stm32f1xx_hal_spi.o(i.SPI_WaitFlagStateUntilTimeout)
    SPI_WaitFlagStateUntilTimeout            0x08003939   Thumb Code   180  stm32f1xx_hal_spi.o(i.SPI_WaitFlagStateUntilTimeout)
    i.SPIx_ReadWriteByte                     0x080039f0   Section        0  nrf24l01.o(i.SPIx_ReadWriteByte)
    i.SVC_Handler                            0x08003a10   Section        0  stm32f1xx_it.o(i.SVC_Handler)
    i.SysTick_Handler                        0x08003a12   Section        0  stm32f1xx_it.o(i.SysTick_Handler)
    i.SystemClock_Config                     0x08003a16   Section        0  main.o(i.SystemClock_Config)
    i.SystemInit                             0x08003a74   Section        0  system_stm32f1xx.o(i.SystemInit)
    i.TIM2_IRQHandler                        0x08003a78   Section        0  stm32f1xx_it.o(i.TIM2_IRQHandler)
    i.TIM_Base_SetConfig                     0x08003a84   Section        0  stm32f1xx_hal_tim.o(i.TIM_Base_SetConfig)
    i.TIM_CCxChannelCmd                      0x08003afc   Section        0  stm32f1xx_hal_tim.o(i.TIM_CCxChannelCmd)
    i.TIM_ETR_SetConfig                      0x08003b16   Section        0  stm32f1xx_hal_tim.o(i.TIM_ETR_SetConfig)
    i.TIM_ITRx_SetConfig                     0x08003b2a   Section        0  stm32f1xx_hal_tim.o(i.TIM_ITRx_SetConfig)
    TIM_ITRx_SetConfig                       0x08003b2b   Thumb Code    16  stm32f1xx_hal_tim.o(i.TIM_ITRx_SetConfig)
    i.TIM_OC1_SetConfig                      0x08003b3c   Section        0  stm32f1xx_hal_tim.o(i.TIM_OC1_SetConfig)
    TIM_OC1_SetConfig                        0x08003b3d   Thumb Code    74  stm32f1xx_hal_tim.o(i.TIM_OC1_SetConfig)
    i.TIM_OC2_SetConfig                      0x08003b8c   Section        0  stm32f1xx_hal_tim.o(i.TIM_OC2_SetConfig)
    i.TIM_OC3_SetConfig                      0x08003be4   Section        0  stm32f1xx_hal_tim.o(i.TIM_OC3_SetConfig)
    TIM_OC3_SetConfig                        0x08003be5   Thumb Code    82  stm32f1xx_hal_tim.o(i.TIM_OC3_SetConfig)
    i.TIM_OC4_SetConfig                      0x08003c3c   Section        0  stm32f1xx_hal_tim.o(i.TIM_OC4_SetConfig)
    TIM_OC4_SetConfig                        0x08003c3d   Thumb Code    64  stm32f1xx_hal_tim.o(i.TIM_OC4_SetConfig)
    i.TIM_TI1_ConfigInputStage               0x08003c80   Section        0  stm32f1xx_hal_tim.o(i.TIM_TI1_ConfigInputStage)
    TIM_TI1_ConfigInputStage                 0x08003c81   Thumb Code    34  stm32f1xx_hal_tim.o(i.TIM_TI1_ConfigInputStage)
    i.TIM_TI2_ConfigInputStage               0x08003ca2   Section        0  stm32f1xx_hal_tim.o(i.TIM_TI2_ConfigInputStage)
    TIM_TI2_ConfigInputStage                 0x08003ca3   Thumb Code    36  stm32f1xx_hal_tim.o(i.TIM_TI2_ConfigInputStage)
    i.UART_DMAAbortOnError                   0x08003cc6   Section        0  stm32f1xx_hal_uart.o(i.UART_DMAAbortOnError)
    UART_DMAAbortOnError                     0x08003cc7   Thumb Code    16  stm32f1xx_hal_uart.o(i.UART_DMAAbortOnError)
    i.UART_EndRxTransfer                     0x08003cd6   Section        0  stm32f1xx_hal_uart.o(i.UART_EndRxTransfer)
    UART_EndRxTransfer                       0x08003cd7   Thumb Code    78  stm32f1xx_hal_uart.o(i.UART_EndRxTransfer)
    i.UART_Receive_IT                        0x08003d24   Section        0  stm32f1xx_hal_uart.o(i.UART_Receive_IT)
    UART_Receive_IT                          0x08003d25   Thumb Code   194  stm32f1xx_hal_uart.o(i.UART_Receive_IT)
    i.UART_SetConfig                         0x08003de8   Section        0  stm32f1xx_hal_uart.o(i.UART_SetConfig)
    UART_SetConfig                           0x08003de9   Thumb Code   178  stm32f1xx_hal_uart.o(i.UART_SetConfig)
    i.UART_WaitOnFlagUntilTimeout            0x08003ea0   Section        0  stm32f1xx_hal_uart.o(i.UART_WaitOnFlagUntilTimeout)
    UART_WaitOnFlagUntilTimeout              0x08003ea1   Thumb Code   114  stm32f1xx_hal_uart.o(i.UART_WaitOnFlagUntilTimeout)
    i.USART1_IRQHandler                      0x08003f14   Section        0  stm32f1xx_it.o(i.USART1_IRQHandler)
    i.UsageFault_Handler                     0x08003f20   Section        0  stm32f1xx_it.o(i.UsageFault_Handler)
    i.__0printf$6                            0x08003f24   Section        0  printf6.o(i.__0printf$6)
    i.__ARM_fpclassifyf                      0x08003f44   Section        0  fpclassifyf.o(i.__ARM_fpclassifyf)
    i.__NVIC_SetPriority                     0x08003f6a   Section        0  stm32f1xx_hal_cortex.o(i.__NVIC_SetPriority)
    __NVIC_SetPriority                       0x08003f6b   Thumb Code    32  stm32f1xx_hal_cortex.o(i.__NVIC_SetPriority)
    i.__mathlib_flt_divzero                  0x08003f8a   Section        0  funder.o(i.__mathlib_flt_divzero)
    i.__mathlib_flt_infnan                   0x08003f94   Section        0  funder.o(i.__mathlib_flt_infnan)
    i.__mathlib_flt_infnan2                  0x08003f9a   Section        0  funder.o(i.__mathlib_flt_infnan2)
    i.__mathlib_flt_invalid                  0x08003f9e   Section        0  funder.o(i.__mathlib_flt_invalid)
    i.__mathlib_flt_overflow                 0x08003fa6   Section        0  funder.o(i.__mathlib_flt_overflow)
    i.__mathlib_flt_underflow                0x08003fb0   Section        0  funder.o(i.__mathlib_flt_underflow)
    i.__mathlib_rredf2                       0x08003fbc   Section        0  rredf.o(i.__mathlib_rredf2)
    i.__scatterload_copy                     0x08004124   Section       14  handlers.o(i.__scatterload_copy)
    i.__scatterload_null                     0x08004132   Section        2  handlers.o(i.__scatterload_null)
    i.__scatterload_zeroinit                 0x08004134   Section       14  handlers.o(i.__scatterload_zeroinit)
    i.__set_errno                            0x08004144   Section        0  errno.o(i.__set_errno)
    i._printf_core                           0x08004150   Section        0  printf6.o(i._printf_core)
    _printf_core                             0x08004151   Thumb Code   748  printf6.o(i._printf_core)
    i._printf_post_padding                   0x08004440   Section        0  printf6.o(i._printf_post_padding)
    _printf_post_padding                     0x08004441   Thumb Code    36  printf6.o(i._printf_post_padding)
    i._printf_pre_padding                    0x08004464   Section        0  printf6.o(i._printf_pre_padding)
    _printf_pre_padding                      0x08004465   Thumb Code    46  printf6.o(i._printf_pre_padding)
    i.asinf                                  0x08004494   Section        0  asinf.o(i.asinf)
    i.atan2f                                 0x080045b8   Section        0  atan2f.o(i.atan2f)
    i.cal_iir_coeff                          0x0800485c   Section        0  filters.o(i.cal_iir_coeff)
    i.cosf                                   0x08004914   Section        0  cosf.o(i.cosf)
    i.data_process                           0x08004a90   Section        0  commu.o(i.data_process)
    i.fputc                                  0x08004af0   Section        0  main.o(i.fputc)
    i.get_iir_output                         0x08004b0c   Section        0  filters.o(i.get_iir_output)
    i.imuCalculateEstimatedAttitude          0x08004b74   Section        0  mahony.o(i.imuCalculateEstimatedAttitude)
    i.imuComputeRotationMatrix               0x08004be0   Section        0  mahony.o(i.imuComputeRotationMatrix)
    imuComputeRotationMatrix                 0x08004be1   Thumb Code   280  mahony.o(i.imuComputeRotationMatrix)
    i.imuInit                                0x08004d00   Section        0  mahony.o(i.imuInit)
    i.imuMahonyAHRSupdate                    0x08004e50   Section        0  mahony.o(i.imuMahonyAHRSupdate)
    imuMahonyAHRSupdate                      0x08004e51   Thumb Code  1142  mahony.o(i.imuMahonyAHRSupdate)
    i.imuUpdateEulerAngles                   0x080052c8   Section        0  mahony.o(i.imuUpdateEulerAngles)
    imuUpdateEulerAngles                     0x080052c9   Thumb Code    60  mahony.o(i.imuUpdateEulerAngles)
    i.invSqrt                                0x0800531c   Section        0  mahony.o(i.invSqrt)
    invSqrt                                  0x0800531d   Thumb Code    20  mahony.o(i.invSqrt)
    i.main                                   0x08005330   Section        0  main.o(i.main)
    i.navi_glory_sum_offset                  0x08005528   Section        0  imu_data.o(i.navi_glory_sum_offset)
    i.navi_prepare_imu_data                  0x080055b8   Section        0  imu_data.o(i.navi_prepare_imu_data)
    i.powf                                   0x080057c8   Section        0  powf.o(i.powf)
    i.sent_data                              0x08005de8   Section        0  commu.o(i.sent_data)
    i.sinf                                   0x08005e2c   Section        0  sinf.o(i.sinf)
    i.sqrtf                                  0x08005fb4   Section        0  sqrtf.o(i.sqrtf)
    i.tanf                                   0x08005fe0   Section        0  tanf.o(i.tanf)
    .constdata                               0x08006154   Section       24  imu_data.o(.constdata)
    .constdata                               0x0800616c   Section       40  fusionahrs.o(.constdata)
    .constdata                               0x08006194   Section     1680  oled.o(.constdata)
    .constdata                               0x08006824   Section       10  nrf24l01.o(.constdata)
    .constdata                               0x0800682e   Section       18  stm32f1xx_hal_rcc.o(.constdata)
    aPredivFactorTable                       0x0800682e   Data           2  stm32f1xx_hal_rcc.o(.constdata)
    aPLLMULFactorTable                       0x08006830   Data          16  stm32f1xx_hal_rcc.o(.constdata)
    .constdata                               0x08006840   Section       16  system_stm32f1xx.o(.constdata)
    .constdata                               0x08006850   Section        8  system_stm32f1xx.o(.constdata)
    .constdata                               0x08006858   Section      320  powf.o(.constdata)
    table                                    0x08006858   Data         128  powf.o(.constdata)
    powersof2to1over16top                    0x080068d8   Data          64  powf.o(.constdata)
    powersof2to1over16bot                    0x08006918   Data          64  powf.o(.constdata)
    powersof2to1over16all                    0x08006958   Data          64  powf.o(.constdata)
    .constdata                               0x08006998   Section       32  rredf.o(.constdata)
    twooverpi                                0x08006998   Data          32  rredf.o(.constdata)
    .data                                    0x20000000   Section        8  main.o(.data)
    .data                                    0x20000008   Section       44  mahony.o(.data)
    q0                                       0x20000008   Data           4  mahony.o(.data)
    q1                                       0x2000000c   Data           4  mahony.o(.data)
    q2                                       0x20000010   Data           4  mahony.o(.data)
    q3                                       0x20000014   Data           4  mahony.o(.data)
    integralFBx                              0x20000020   Data           4  mahony.o(.data)
    integralFBy                              0x20000024   Data           4  mahony.o(.data)
    integralFBz                              0x20000028   Data           4  mahony.o(.data)
    .data                                    0x20000038   Section       96  imu_data.o(.data)
    i                                        0x20000054   Data           4  imu_data.o(.data)
    .data                                    0x20000098   Section        1  imu_data.o(.data)
    .data                                    0x2000009c   Section        4  imu_data.o(.data)
    .data                                    0x200000a0   Section        4  imu_data.o(.data)
    .data                                    0x200000a4   Section        4  imu_data.o(.data)
    .data                                    0x200000a8   Section       13  commu.o(.data)
    .data                                    0x200000b8   Section       20  led.o(.data)
    key_up                                   0x200000b8   Data           1  led.o(.data)
    cur_duty                                 0x200000bc   Data           4  led.o(.data)
    finish_flag                              0x200000c0   Data           4  led.o(.data)
    flag                                     0x200000c4   Data           4  led.o(.data)
    LED_ID                                   0x200000c8   Data           4  led.o(.data)
    .data                                    0x200000cc   Section       12  stm32f1xx_hal.o(.data)
    .data                                    0x200000d8   Section        4  system_stm32f1xx.o(.data)
    .data                                    0x200000dc   Section        4  stdout.o(.data)
    .data                                    0x200000e0   Section        4  errno.o(.data)
    _errno                                   0x200000e0   Data           4  errno.o(.data)
    .bss                                     0x200000e4   Section       84  i2c.o(.bss)
    .bss                                     0x20000138   Section       88  spi.o(.bss)
    .bss                                     0x20000190   Section      216  tim.o(.bss)
    .bss                                     0x20000268   Section       72  usart.o(.bss)
    .bss                                     0x200002b0   Section      116  ahrs.o(.bss)
    .bss                                     0x20000324   Section       36  mahony.o(.bss)
    .bss                                     0x20000348   Section       24  imu_data.o(.bss)
    .bss                                     0x20000360   Section       32  imu_data.o(.bss)
    .bss                                     0x20000380   Section       32  imu_data.o(.bss)
    .bss                                     0x200003a0   Section       32  imu_data.o(.bss)
    .bss                                     0x200003c0   Section       32  imu_data.o(.bss)
    .bss                                     0x200003e0   Section       32  imu_data.o(.bss)
    .bss                                     0x20000400   Section       32  imu_data.o(.bss)
    .bss                                     0x20000420   Section       33  commu.o(.bss)
    STACK                                    0x20000448   Section     1024  startup_stm32f103xb.o(STACK)

    Global Symbols

    Symbol Name                              Value     Ov Type        Size  Object(Section)

    BuildAttributes$$THM_ISAv4$P$D$K$B$S$PE$A:L22UL41UL21$X:L11$S22US41US21$IEEE1$IW$USESV6$~STKCKD$USESV7$~SHL$OTIME$ROPI$IEEEX$EBA8$MICROLIB$REQ8$PRES8$EABIv2 0x00000000   Number         0  anon$$obj.o ABSOLUTE
    __ARM_use_no_argv                        0x00000000   Number         0  main.o ABSOLUTE
    _printf_a                                0x00000000   Number         0  stubs.o ABSOLUTE
    _printf_c                                0x00000000   Number         0  stubs.o ABSOLUTE
    _printf_charcount                        0x00000000   Number         0  stubs.o ABSOLUTE
    _printf_d                                0x00000000   Number         0  stubs.o ABSOLUTE
    _printf_e                                0x00000000   Number         0  stubs.o ABSOLUTE
    _printf_f                                0x00000000   Number         0  stubs.o ABSOLUTE
    _printf_flags                            0x00000000   Number         0  stubs.o ABSOLUTE
    _printf_fp_dec                           0x00000000   Number         0  stubs.o ABSOLUTE
    _printf_fp_hex                           0x00000000   Number         0  stubs.o ABSOLUTE
    _printf_g                                0x00000000   Number         0  stubs.o ABSOLUTE
    _printf_i                                0x00000000   Number         0  stubs.o ABSOLUTE
    _printf_int_dec                          0x00000000   Number         0  stubs.o ABSOLUTE
    _printf_l                                0x00000000   Number         0  stubs.o ABSOLUTE
    _printf_lc                               0x00000000   Number         0  stubs.o ABSOLUTE
    _printf_ll                               0x00000000   Number         0  stubs.o ABSOLUTE
    _printf_lld                              0x00000000   Number         0  stubs.o ABSOLUTE
    _printf_lli                              0x00000000   Number         0  stubs.o ABSOLUTE
    _printf_llo                              0x00000000   Number         0  stubs.o ABSOLUTE
    _printf_llu                              0x00000000   Number         0  stubs.o ABSOLUTE
    _printf_llx                              0x00000000   Number         0  stubs.o ABSOLUTE
    _printf_longlong_dec                     0x00000000   Number         0  stubs.o ABSOLUTE
    _printf_longlong_hex                     0x00000000   Number         0  stubs.o ABSOLUTE
    _printf_longlong_oct                     0x00000000   Number         0  stubs.o ABSOLUTE
    _printf_ls                               0x00000000   Number         0  stubs.o ABSOLUTE
    _printf_mbtowc                           0x00000000   Number         0  stubs.o ABSOLUTE
    _printf_n                                0x00000000   Number         0  stubs.o ABSOLUTE
    _printf_o                                0x00000000   Number         0  stubs.o ABSOLUTE
    _printf_p                                0x00000000   Number         0  stubs.o ABSOLUTE
    _printf_percent                          0x00000000   Number         0  stubs.o ABSOLUTE
    _printf_pre_padding                      0x00000000   Number         0  stubs.o ABSOLUTE
    _printf_return_value                     0x00000000   Number         0  stubs.o ABSOLUTE
    _printf_s                                0x00000000   Number         0  stubs.o ABSOLUTE
    _printf_sizespec                         0x00000000   Number         0  stubs.o ABSOLUTE
    _printf_str                              0x00000000   Number         0  stubs.o ABSOLUTE
    _printf_truncate_signed                  0x00000000   Number         0  stubs.o ABSOLUTE
    _printf_truncate_unsigned                0x00000000   Number         0  stubs.o ABSOLUTE
    _printf_u                                0x00000000   Number         0  stubs.o ABSOLUTE
    _printf_wc                               0x00000000   Number         0  stubs.o ABSOLUTE
    _printf_wctomb                           0x00000000   Number         0  stubs.o ABSOLUTE
    _printf_widthprec                        0x00000000   Number         0  stubs.o ABSOLUTE
    _printf_x                                0x00000000   Number         0  stubs.o ABSOLUTE
    __arm_fini_                               - Undefined Weak Reference
    __cpp_initialize__aeabi_                  - Undefined Weak Reference
    __cxa_finalize                            - Undefined Weak Reference
    __decompress                              - Undefined Weak Reference
    _clock_init                               - Undefined Weak Reference
    _microlib_exit                            - Undefined Weak Reference
    __Vectors_Size                           0x000000ec   Number         0  startup_stm32f103xb.o ABSOLUTE
    __Vectors                                0x08000000   Data           4  startup_stm32f103xb.o(RESET)
    __Vectors_End                            0x080000ec   Data           0  startup_stm32f103xb.o(RESET)
    __main                                   0x080000ed   Thumb Code     0  entry.o(.ARM.Collect$$$$00000000)
    _main_stk                                0x080000ed   Thumb Code     0  entry2.o(.ARM.Collect$$$$00000001)
    _main_scatterload                        0x080000f1   Thumb Code     0  entry5.o(.ARM.Collect$$$$00000004)
    __main_after_scatterload                 0x080000f5   Thumb Code     0  entry5.o(.ARM.Collect$$$$00000004)
    _main_clock                              0x080000f5   Thumb Code     0  entry7b.o(.ARM.Collect$$$$00000008)
    _main_cpp_init                           0x080000f5   Thumb Code     0  entry8b.o(.ARM.Collect$$$$0000000A)
    _main_init                               0x080000f5   Thumb Code     0  entry9a.o(.ARM.Collect$$$$0000000B)
    __rt_lib_shutdown_fini                   0x080000fd   Thumb Code     0  entry12b.o(.ARM.Collect$$$$0000000E)
    __rt_final_cpp                           0x08000101   Thumb Code     0  entry10a.o(.ARM.Collect$$$$0000000F)
    __rt_final_exit                          0x08000101   Thumb Code     0  entry11a.o(.ARM.Collect$$$$00000011)
    Reset_Handler                            0x08000105   Thumb Code     8  startup_stm32f103xb.o(.text)
    ADC1_2_IRQHandler                        0x0800011f   Thumb Code     0  startup_stm32f103xb.o(.text)
    CAN1_RX1_IRQHandler                      0x0800011f   Thumb Code     0  startup_stm32f103xb.o(.text)
    CAN1_SCE_IRQHandler                      0x0800011f   Thumb Code     0  startup_stm32f103xb.o(.text)
    DMA1_Channel1_IRQHandler                 0x0800011f   Thumb Code     0  startup_stm32f103xb.o(.text)
    DMA1_Channel2_IRQHandler                 0x0800011f   Thumb Code     0  startup_stm32f103xb.o(.text)
    DMA1_Channel3_IRQHandler                 0x0800011f   Thumb Code     0  startup_stm32f103xb.o(.text)
    DMA1_Channel4_IRQHandler                 0x0800011f   Thumb Code     0  startup_stm32f103xb.o(.text)
    DMA1_Channel5_IRQHandler                 0x0800011f   Thumb Code     0  startup_stm32f103xb.o(.text)
    DMA1_Channel6_IRQHandler                 0x0800011f   Thumb Code     0  startup_stm32f103xb.o(.text)
    DMA1_Channel7_IRQHandler                 0x0800011f   Thumb Code     0  startup_stm32f103xb.o(.text)
    EXTI0_IRQHandler                         0x0800011f   Thumb Code     0  startup_stm32f103xb.o(.text)
    EXTI15_10_IRQHandler                     0x0800011f   Thumb Code     0  startup_stm32f103xb.o(.text)
    EXTI1_IRQHandler                         0x0800011f   Thumb Code     0  startup_stm32f103xb.o(.text)
    EXTI2_IRQHandler                         0x0800011f   Thumb Code     0  startup_stm32f103xb.o(.text)
    EXTI3_IRQHandler                         0x0800011f   Thumb Code     0  startup_stm32f103xb.o(.text)
    EXTI4_IRQHandler                         0x0800011f   Thumb Code     0  startup_stm32f103xb.o(.text)
    EXTI9_5_IRQHandler                       0x0800011f   Thumb Code     0  startup_stm32f103xb.o(.text)
    FLASH_IRQHandler                         0x0800011f   Thumb Code     0  startup_stm32f103xb.o(.text)
    I2C1_ER_IRQHandler                       0x0800011f   Thumb Code     0  startup_stm32f103xb.o(.text)
    I2C1_EV_IRQHandler                       0x0800011f   Thumb Code     0  startup_stm32f103xb.o(.text)
    I2C2_ER_IRQHandler                       0x0800011f   Thumb Code     0  startup_stm32f103xb.o(.text)
    I2C2_EV_IRQHandler                       0x0800011f   Thumb Code     0  startup_stm32f103xb.o(.text)
    PVD_IRQHandler                           0x0800011f   Thumb Code     0  startup_stm32f103xb.o(.text)
    RCC_IRQHandler                           0x0800011f   Thumb Code     0  startup_stm32f103xb.o(.text)
    RTC_Alarm_IRQHandler                     0x0800011f   Thumb Code     0  startup_stm32f103xb.o(.text)
    RTC_IRQHandler                           0x0800011f   Thumb Code     0  startup_stm32f103xb.o(.text)
    SPI1_IRQHandler                          0x0800011f   Thumb Code     0  startup_stm32f103xb.o(.text)
    TAMPER_IRQHandler                        0x0800011f   Thumb Code     0  startup_stm32f103xb.o(.text)
    TIM1_BRK_IRQHandler                      0x0800011f   Thumb Code     0  startup_stm32f103xb.o(.text)
    TIM1_CC_IRQHandler                       0x0800011f   Thumb Code     0  startup_stm32f103xb.o(.text)
    TIM1_TRG_COM_IRQHandler                  0x0800011f   Thumb Code     0  startup_stm32f103xb.o(.text)
    TIM1_UP_IRQHandler                       0x0800011f   Thumb Code     0  startup_stm32f103xb.o(.text)
    TIM3_IRQHandler                          0x0800011f   Thumb Code     0  startup_stm32f103xb.o(.text)
    TIM4_IRQHandler                          0x0800011f   Thumb Code     0  startup_stm32f103xb.o(.text)
    USART2_IRQHandler                        0x0800011f   Thumb Code     0  startup_stm32f103xb.o(.text)
    USART3_IRQHandler                        0x0800011f   Thumb Code     0  startup_stm32f103xb.o(.text)
    USBWakeUp_IRQHandler                     0x0800011f   Thumb Code     0  startup_stm32f103xb.o(.text)
    USB_HP_CAN1_TX_IRQHandler                0x0800011f   Thumb Code     0  startup_stm32f103xb.o(.text)
    USB_LP_CAN1_RX0_IRQHandler               0x0800011f   Thumb Code     0  startup_stm32f103xb.o(.text)
    WWDG_IRQHandler                          0x0800011f   Thumb Code     0  startup_stm32f103xb.o(.text)
    __aeabi_llsr                             0x08000129   Thumb Code    32  llushr.o(.text)
    _ll_ushift_r                             0x08000129   Thumb Code     0  llushr.o(.text)
    __aeabi_memcpy                           0x08000149   Thumb Code    36  memcpya.o(.text)
    __aeabi_memcpy4                          0x08000149   Thumb Code     0  memcpya.o(.text)
    __aeabi_memcpy8                          0x08000149   Thumb Code     0  memcpya.o(.text)
    __aeabi_memset                           0x0800016d   Thumb Code    14  memseta.o(.text)
    __aeabi_memset4                          0x0800016d   Thumb Code     0  memseta.o(.text)
    __aeabi_memset8                          0x0800016d   Thumb Code     0  memseta.o(.text)
    __aeabi_memclr                           0x0800017b   Thumb Code     4  memseta.o(.text)
    __aeabi_memclr4                          0x0800017b   Thumb Code     0  memseta.o(.text)
    __aeabi_memclr8                          0x0800017b   Thumb Code     0  memseta.o(.text)
    _memset$wrapper                          0x0800017f   Thumb Code    18  memseta.o(.text)
    __aeabi_fadd                             0x08000191   Thumb Code   164  fadd.o(.text)
    __aeabi_fsub                             0x08000235   Thumb Code     6  fadd.o(.text)
    __aeabi_frsub                            0x0800023b   Thumb Code     6  fadd.o(.text)
    __aeabi_fmul                             0x08000241   Thumb Code   100  fmul.o(.text)
    __aeabi_fdiv                             0x080002a5   Thumb Code   124  fdiv.o(.text)
    __ARM_scalbnf                            0x08000321   Thumb Code    24  fscalb.o(.text)
    scalbnf                                  0x08000321   Thumb Code     0  fscalb.o(.text)
    __aeabi_dadd                             0x08000339   Thumb Code   322  dadd.o(.text)
    __aeabi_dsub                             0x0800047b   Thumb Code     6  dadd.o(.text)
    __aeabi_drsub                            0x08000481   Thumb Code     6  dadd.o(.text)
    __aeabi_dmul                             0x08000487   Thumb Code   228  dmul.o(.text)
    __aeabi_ddiv                             0x0800056b   Thumb Code   222  ddiv.o(.text)
    __aeabi_i2f                              0x08000649   Thumb Code    18  fflti.o(.text)
    __aeabi_ui2f                             0x0800065b   Thumb Code    10  ffltui.o(.text)
    __aeabi_i2d                              0x08000665   Thumb Code    34  dflti.o(.text)
    __aeabi_f2iz                             0x08000687   Thumb Code    50  ffixi.o(.text)
    __aeabi_f2d                              0x080006b9   Thumb Code    38  f2d.o(.text)
    __aeabi_d2f                              0x080006df   Thumb Code    56  d2f.o(.text)
    __aeabi_uidiv                            0x08000717   Thumb Code     0  uidiv.o(.text)
    __aeabi_uidivmod                         0x08000717   Thumb Code    44  uidiv.o(.text)
    __aeabi_llsl                             0x08000743   Thumb Code    30  llshl.o(.text)
    _ll_shift_l                              0x08000743   Thumb Code     0  llshl.o(.text)
    __aeabi_lasr                             0x08000761   Thumb Code    36  llsshr.o(.text)
    _ll_sshift_r                             0x08000761   Thumb Code     0  llsshr.o(.text)
    __I$use$fp                               0x08000785   Thumb Code     0  iusefp.o(.text)
    _float_round                             0x08000785   Thumb Code    18  fepilogue.o(.text)
    _float_epilogue                          0x08000797   Thumb Code    92  fepilogue.o(.text)
    _fsqrt                                   0x080007f3   Thumb Code    94  fsqrt.o(.text)
    _frnd                                    0x08000851   Thumb Code    60  frnd.o(.text)
    _double_round                            0x0800088d   Thumb Code    30  depilogue.o(.text)
    _double_epilogue                         0x080008ab   Thumb Code   156  depilogue.o(.text)
    _ffix_r                                  0x08000947   Thumb Code    76  ffixir.o(.text)
    __fp_status                              0x08000993   Thumb Code     4  fpstat.o(.text)
    __ieee_status                            0x08000993   Thumb Code     0  fpstat.o(.text)
    __scatterload                            0x08000999   Thumb Code    28  init.o(.text)
    __scatterload_rt2                        0x08000999   Thumb Code     0  init.o(.text)
    BusFault_Handler                         0x080009bd   Thumb Code     2  stm32f1xx_it.o(i.BusFault_Handler)
    DebugMon_Handler                         0x080009bf   Thumb Code     2  stm32f1xx_it.o(i.DebugMon_Handler)
    Error_Handler                            0x080009c1   Thumb Code     4  main.o(i.Error_Handler)
    Filter_init                              0x080009c5   Thumb Code    72  imu_data.o(i.Filter_init)
    FusionAhrsInitialise                     0x08000a19   Thumb Code    34  fusionahrs.o(i.FusionAhrsInitialise)
    FusionAhrsReset                          0x08000a41   Thumb Code    68  fusionahrs.o(i.FusionAhrsReset)
    FusionAhrsSetSettings                    0x08000a8d   Thumb Code   170  fusionahrs.o(i.FusionAhrsSetSettings)
    HAL_DMA_Abort                            0x08000b55   Thumb Code    70  stm32f1xx_hal_dma.o(i.HAL_DMA_Abort)
    HAL_DMA_Abort_IT                         0x08000b9d   Thumb Code   148  stm32f1xx_hal_dma.o(i.HAL_DMA_Abort_IT)
    HAL_Delay                                0x08000c35   Thumb Code    32  stm32f1xx_hal.o(i.HAL_Delay)
    HAL_GPIO_Init                            0x08000c59   Thumb Code   446  stm32f1xx_hal_gpio.o(i.HAL_GPIO_Init)
    HAL_GPIO_ReadPin                         0x08000e39   Thumb Code    10  stm32f1xx_hal_gpio.o(i.HAL_GPIO_ReadPin)
    HAL_GPIO_TogglePin                       0x08000e43   Thumb Code    16  stm32f1xx_hal_gpio.o(i.HAL_GPIO_TogglePin)
    HAL_GPIO_WritePin                        0x08000e53   Thumb Code    10  stm32f1xx_hal_gpio.o(i.HAL_GPIO_WritePin)
    HAL_GetTick                              0x08000e5d   Thumb Code     6  stm32f1xx_hal.o(i.HAL_GetTick)
    HAL_I2C_Init                             0x08000e69   Thumb Code   376  stm32f1xx_hal_i2c.o(i.HAL_I2C_Init)
    HAL_I2C_Mem_Read                         0x08000ff1   Thumb Code   586  stm32f1xx_hal_i2c.o(i.HAL_I2C_Mem_Read)
    HAL_I2C_Mem_Write                        0x0800124d   Thumb Code   294  stm32f1xx_hal_i2c.o(i.HAL_I2C_Mem_Write)
    HAL_I2C_MspInit                          0x0800137d   Thumb Code    82  i2c.o(i.HAL_I2C_MspInit)
    HAL_IncTick                              0x080013dd   Thumb Code    12  stm32f1xx_hal.o(i.HAL_IncTick)
    HAL_Init                                 0x080013ed   Thumb Code    32  stm32f1xx_hal.o(i.HAL_Init)
    HAL_InitTick                             0x08001411   Thumb Code    54  stm32f1xx_hal.o(i.HAL_InitTick)
    HAL_MspInit                              0x08001451   Thumb Code    52  stm32f1xx_hal_msp.o(i.HAL_MspInit)
    HAL_NVIC_EnableIRQ                       0x0800148d   Thumb Code    26  stm32f1xx_hal_cortex.o(i.HAL_NVIC_EnableIRQ)
    HAL_NVIC_SetPriority                     0x080014a9   Thumb Code    60  stm32f1xx_hal_cortex.o(i.HAL_NVIC_SetPriority)
    HAL_NVIC_SetPriorityGrouping             0x080014e9   Thumb Code    26  stm32f1xx_hal_cortex.o(i.HAL_NVIC_SetPriorityGrouping)
    HAL_RCC_ClockConfig                      0x0800150d   Thumb Code   280  stm32f1xx_hal_rcc.o(i.HAL_RCC_ClockConfig)
    HAL_RCC_GetPCLK1Freq                     0x08001639   Thumb Code    20  stm32f1xx_hal_rcc.o(i.HAL_RCC_GetPCLK1Freq)
    HAL_RCC_GetPCLK2Freq                     0x08001659   Thumb Code    20  stm32f1xx_hal_rcc.o(i.HAL_RCC_GetPCLK2Freq)
    HAL_RCC_GetSysClockFreq                  0x08001679   Thumb Code    58  stm32f1xx_hal_rcc.o(i.HAL_RCC_GetSysClockFreq)
    HAL_RCC_OscConfig                        0x080016c5   Thumb Code   778  stm32f1xx_hal_rcc.o(i.HAL_RCC_OscConfig)
    HAL_SPI_ErrorCallback                    0x080019e5   Thumb Code     2  stm32f1xx_hal_spi.o(i.HAL_SPI_ErrorCallback)
    HAL_SPI_IRQHandler                       0x080019e9   Thumb Code   220  stm32f1xx_hal_spi.o(i.HAL_SPI_IRQHandler)
    HAL_SPI_Init                             0x08001ac9   Thumb Code   178  stm32f1xx_hal_spi.o(i.HAL_SPI_Init)
    HAL_SPI_MspInit                          0x08001b7d   Thumb Code   118  spi.o(i.HAL_SPI_MspInit)
    HAL_SPI_TransmitReceive                  0x08001c01   Thumb Code   496  stm32f1xx_hal_spi.o(i.HAL_SPI_TransmitReceive)
    HAL_SYSTICK_Config                       0x08001df1   Thumb Code    40  stm32f1xx_hal_cortex.o(i.HAL_SYSTICK_Config)
    HAL_TIMEx_BreakCallback                  0x08001e19   Thumb Code     2  stm32f1xx_hal_tim_ex.o(i.HAL_TIMEx_BreakCallback)
    HAL_TIMEx_CommutCallback                 0x08001e1b   Thumb Code     2  stm32f1xx_hal_tim_ex.o(i.HAL_TIMEx_CommutCallback)
    HAL_TIMEx_ConfigBreakDeadTime            0x08001e1d   Thumb Code    84  stm32f1xx_hal_tim_ex.o(i.HAL_TIMEx_ConfigBreakDeadTime)
    HAL_TIMEx_MasterConfigSynchronization    0x08001e71   Thumb Code    92  stm32f1xx_hal_tim_ex.o(i.HAL_TIMEx_MasterConfigSynchronization)
    HAL_TIM_Base_Init                        0x08001ed9   Thumb Code    90  stm32f1xx_hal_tim.o(i.HAL_TIM_Base_Init)
    HAL_TIM_Base_MspInit                     0x08001f35   Thumb Code    50  tim.o(i.HAL_TIM_Base_MspInit)
    HAL_TIM_Base_Start_IT                    0x08001f6d   Thumb Code    76  stm32f1xx_hal_tim.o(i.HAL_TIM_Base_Start_IT)
    HAL_TIM_ConfigClockSource                0x08001fc5   Thumb Code   220  stm32f1xx_hal_tim.o(i.HAL_TIM_ConfigClockSource)
    HAL_TIM_IC_CaptureCallback               0x080020a1   Thumb Code     2  stm32f1xx_hal_tim.o(i.HAL_TIM_IC_CaptureCallback)
    HAL_TIM_IRQHandler                       0x080020a3   Thumb Code   304  stm32f1xx_hal_tim.o(i.HAL_TIM_IRQHandler)
    HAL_TIM_MspPostInit                      0x080021d5   Thumb Code   100  tim.o(i.HAL_TIM_MspPostInit)
    HAL_TIM_OC_DelayElapsedCallback          0x0800224d   Thumb Code     2  stm32f1xx_hal_tim.o(i.HAL_TIM_OC_DelayElapsedCallback)
    HAL_TIM_PWM_ConfigChannel                0x0800224f   Thumb Code   204  stm32f1xx_hal_tim.o(i.HAL_TIM_PWM_ConfigChannel)
    HAL_TIM_PWM_Init                         0x0800231b   Thumb Code    90  stm32f1xx_hal_tim.o(i.HAL_TIM_PWM_Init)
    HAL_TIM_PWM_MspInit                      0x08002375   Thumb Code    52  tim.o(i.HAL_TIM_PWM_MspInit)
    HAL_TIM_PWM_PulseFinishedCallback        0x080023b5   Thumb Code     2  stm32f1xx_hal_tim.o(i.HAL_TIM_PWM_PulseFinishedCallback)
    HAL_TIM_PWM_Start                        0x080023b9   Thumb Code   144  stm32f1xx_hal_tim.o(i.HAL_TIM_PWM_Start)
    HAL_TIM_PeriodElapsedCallback            0x08002455   Thumb Code    28  main.o(i.HAL_TIM_PeriodElapsedCallback)
    HAL_TIM_TriggerCallback                  0x08002475   Thumb Code     2  stm32f1xx_hal_tim.o(i.HAL_TIM_TriggerCallback)
    HAL_UARTEx_RxEventCallback               0x08002477   Thumb Code     2  stm32f1xx_hal_uart.o(i.HAL_UARTEx_RxEventCallback)
    HAL_UART_ErrorCallback                   0x08002479   Thumb Code     2  stm32f1xx_hal_uart.o(i.HAL_UART_ErrorCallback)
    HAL_UART_IRQHandler                      0x0800247d   Thumb Code   616  stm32f1xx_hal_uart.o(i.HAL_UART_IRQHandler)
    HAL_UART_Init                            0x080026e9   Thumb Code   100  stm32f1xx_hal_uart.o(i.HAL_UART_Init)
    HAL_UART_MspInit                         0x0800274d   Thumb Code   116  usart.o(i.HAL_UART_MspInit)
    HAL_UART_RxCpltCallback                  0x080027cd   Thumb Code     2  stm32f1xx_hal_uart.o(i.HAL_UART_RxCpltCallback)
    HAL_UART_Transmit                        0x080027cf   Thumb Code   160  stm32f1xx_hal_uart.o(i.HAL_UART_Transmit)
    HAL_UART_TxCpltCallback                  0x0800286f   Thumb Code     2  stm32f1xx_hal_uart.o(i.HAL_UART_TxCpltCallback)
    HardFault_Handler                        0x08002871   Thumb Code     2  stm32f1xx_it.o(i.HardFault_Handler)
    KEY_Scan                                 0x08002cb1   Thumb Code   170  led.o(i.KEY_Scan)
    LED_Callback                             0x08002d65   Thumb Code   212  led.o(i.LED_Callback)
    MPU_Get_Accelerometer                    0x08002e61   Thumb Code    48  mpu6050driver.o(i.MPU_Get_Accelerometer)
    MPU_Get_Gyroscope                        0x08002e91   Thumb Code    48  mpu6050driver.o(i.MPU_Get_Gyroscope)
    MPU_Init                                 0x08002ec1   Thumb Code   120  mpu6050driver.o(i.MPU_Init)
    MPU_Read_Byte                            0x08002f3d   Thumb Code    46  mpu6050driver.o(i.MPU_Read_Byte)
    MPU_Read_Len                             0x08002f71   Thumb Code    28  mpu6050driver.o(i.MPU_Read_Len)
    MPU_Set_Accel_Fsr                        0x08002f91   Thumb Code    10  mpu6050driver.o(i.MPU_Set_Accel_Fsr)
    MPU_Set_Gyro_Fsr                         0x08002f9b   Thumb Code    10  mpu6050driver.o(i.MPU_Set_Gyro_Fsr)
    MPU_Set_LPF                              0x08002fa5   Thumb Code    48  mpu6050driver.o(i.MPU_Set_LPF)
    MPU_Set_Rate                             0x08002fd5   Thumb Code    46  mpu6050driver.o(i.MPU_Set_Rate)
    MPU_Write_Byte                           0x08003005   Thumb Code    42  mpu6050driver.o(i.MPU_Write_Byte)
    MX_GPIO_Init                             0x08003035   Thumb Code   168  gpio.o(i.MX_GPIO_Init)
    MX_I2C2_Init                             0x080030ed   Thumb Code    50  i2c.o(i.MX_I2C2_Init)
    MX_SPI2_Init                             0x0800312d   Thumb Code    62  spi.o(i.MX_SPI2_Init)
    MX_TIM1_Init                             0x08003175   Thumb Code   152  tim.o(i.MX_TIM1_Init)
    MX_TIM2_Init                             0x08003215   Thumb Code    96  tim.o(i.MX_TIM2_Init)
    MX_TIM4_Init                             0x08003279   Thumb Code   120  tim.o(i.MX_TIM4_Init)
    MX_USART1_UART_Init                      0x080032f9   Thumb Code    48  usart.o(i.MX_USART1_UART_Init)
    MemManage_Handler                        0x08003331   Thumb Code     2  stm32f1xx_it.o(i.MemManage_Handler)
    NMI_Handler                              0x08003333   Thumb Code     2  stm32f1xx_it.o(i.NMI_Handler)
    NRF24L01_Check                           0x08003335   Thumb Code    68  nrf24l01.o(i.NRF24L01_Check)
    NRF24L01_Read_Buf                        0x08003381   Thumb Code    72  nrf24l01.o(i.NRF24L01_Read_Buf)
    NRF24L01_Read_Reg                        0x080033d1   Thumb Code    48  nrf24l01.o(i.NRF24L01_Read_Reg)
    NRF24L01_TX_Mode                         0x08003409   Thumb Code    98  nrf24l01.o(i.NRF24L01_TX_Mode)
    NRF24L01_TxPacket                        0x08003475   Thumb Code   100  nrf24l01.o(i.NRF24L01_TxPacket)
    NRF24L01_Write_Buf                       0x080034e1   Thumb Code    74  nrf24l01.o(i.NRF24L01_Write_Buf)
    NRF24L01_Write_Reg                       0x08003535   Thumb Code    50  nrf24l01.o(i.NRF24L01_Write_Reg)
    OLED_Clear                               0x08003571   Thumb Code    38  oled.o(i.OLED_Clear)
    OLED_I2C_SendByte                        0x08003599   Thumb Code    88  oled.o(i.OLED_I2C_SendByte)
    OLED_I2C_Start                           0x080035f5   Thumb Code    48  oled.o(i.OLED_I2C_Start)
    OLED_I2C_Stop                            0x08003629   Thumb Code    38  oled.o(i.OLED_I2C_Stop)
    OLED_Init                                0x08003655   Thumb Code   168  oled.o(i.OLED_Init)
    OLED_Pow                                 0x080036fd   Thumb Code    14  oled.o(i.OLED_Pow)
    OLED_SetCursor                           0x0800370b   Thumb Code    34  oled.o(i.OLED_SetCursor)
    OLED_ShowChar                            0x0800372d   Thumb Code    98  oled.o(i.OLED_ShowChar)
    OLED_ShowFNum                            0x08003795   Thumb Code   178  oled.o(i.OLED_ShowFNum)
    OLED_ShowString                          0x08003847   Thumb Code    38  oled.o(i.OLED_ShowString)
    OLED_WriteCommand                        0x0800386d   Thumb Code    34  oled.o(i.OLED_WriteCommand)
    OLED_WriteData                           0x0800388f   Thumb Code    34  oled.o(i.OLED_WriteData)
    PendSV_Handler                           0x080038b1   Thumb Code     2  stm32f1xx_it.o(i.PendSV_Handler)
    SPI2_IRQHandler                          0x080038b5   Thumb Code     6  stm32f1xx_it.o(i.SPI2_IRQHandler)
    SPIx_ReadWriteByte                       0x080039f1   Thumb Code    32  nrf24l01.o(i.SPIx_ReadWriteByte)
    SVC_Handler                              0x08003a11   Thumb Code     2  stm32f1xx_it.o(i.SVC_Handler)
    SysTick_Handler                          0x08003a13   Thumb Code     4  stm32f1xx_it.o(i.SysTick_Handler)
    SystemClock_Config                       0x08003a17   Thumb Code    94  main.o(i.SystemClock_Config)
    SystemInit                               0x08003a75   Thumb Code     2  system_stm32f1xx.o(i.SystemInit)
    TIM2_IRQHandler                          0x08003a79   Thumb Code     6  stm32f1xx_it.o(i.TIM2_IRQHandler)
    TIM_Base_SetConfig                       0x08003a85   Thumb Code   108  stm32f1xx_hal_tim.o(i.TIM_Base_SetConfig)
    TIM_CCxChannelCmd                        0x08003afd   Thumb Code    26  stm32f1xx_hal_tim.o(i.TIM_CCxChannelCmd)
    TIM_ETR_SetConfig                        0x08003b17   Thumb Code    20  stm32f1xx_hal_tim.o(i.TIM_ETR_SetConfig)
    TIM_OC2_SetConfig                        0x08003b8d   Thumb Code    84  stm32f1xx_hal_tim.o(i.TIM_OC2_SetConfig)
    USART1_IRQHandler                        0x08003f15   Thumb Code     6  stm32f1xx_it.o(i.USART1_IRQHandler)
    UsageFault_Handler                       0x08003f21   Thumb Code     2  stm32f1xx_it.o(i.UsageFault_Handler)
    __0printf$6                              0x08003f25   Thumb Code    22  printf6.o(i.__0printf$6)
    __1printf$6                              0x08003f25   Thumb Code     0  printf6.o(i.__0printf$6)
    __2printf                                0x08003f25   Thumb Code     0  printf6.o(i.__0printf$6)
    __ARM_fpclassifyf                        0x08003f45   Thumb Code    38  fpclassifyf.o(i.__ARM_fpclassifyf)
    __mathlib_flt_divzero                    0x08003f8b   Thumb Code    10  funder.o(i.__mathlib_flt_divzero)
    __mathlib_flt_infnan                     0x08003f95   Thumb Code     6  funder.o(i.__mathlib_flt_infnan)
    __mathlib_flt_infnan2                    0x08003f9b   Thumb Code     4  funder.o(i.__mathlib_flt_infnan2)
    __mathlib_flt_invalid                    0x08003f9f   Thumb Code     8  funder.o(i.__mathlib_flt_invalid)
    __mathlib_flt_overflow                   0x08003fa7   Thumb Code    10  funder.o(i.__mathlib_flt_overflow)
    __mathlib_flt_underflow                  0x08003fb1   Thumb Code    10  funder.o(i.__mathlib_flt_underflow)
    __mathlib_rredf2                         0x08003fbd   Thumb Code   344  rredf.o(i.__mathlib_rredf2)
    __scatterload_copy                       0x08004125   Thumb Code    14  handlers.o(i.__scatterload_copy)
    __scatterload_null                       0x08004133   Thumb Code     2  handlers.o(i.__scatterload_null)
    __scatterload_zeroinit                   0x08004135   Thumb Code    14  handlers.o(i.__scatterload_zeroinit)
    __set_errno                              0x08004145   Thumb Code     6  errno.o(i.__set_errno)
    asinf                                    0x08004495   Thumb Code   254  asinf.o(i.asinf)
    atan2f                                   0x080045b9   Thumb Code   598  atan2f.o(i.atan2f)
    cal_iir_coeff                            0x0800485d   Thumb Code   174  filters.o(i.cal_iir_coeff)
    cosf                                     0x08004915   Thumb Code   328  cosf.o(i.cosf)
    data_process                             0x08004a91   Thumb Code    82  commu.o(i.data_process)
    fputc                                    0x08004af1   Thumb Code    24  main.o(i.fputc)
    get_iir_output                           0x08004b0d   Thumb Code   104  filters.o(i.get_iir_output)
    imuCalculateEstimatedAttitude            0x08004b75   Thumb Code    92  mahony.o(i.imuCalculateEstimatedAttitude)
    imuInit                                  0x08004d01   Thumb Code   322  mahony.o(i.imuInit)
    main                                     0x08005331   Thumb Code   348  main.o(i.main)
    navi_glory_sum_offset                    0x08005529   Thumb Code   132  imu_data.o(i.navi_glory_sum_offset)
    navi_prepare_imu_data                    0x080055b9   Thumb Code   498  imu_data.o(i.navi_prepare_imu_data)
    __mathlib_powf                           0x080057c9   Thumb Code     0  powf.o(i.powf)
    powf                                     0x080057c9   Thumb Code  1548  powf.o(i.powf)
    sent_data                                0x08005de9   Thumb Code    50  commu.o(i.sent_data)
    sinf                                     0x08005e2d   Thumb Code   338  sinf.o(i.sinf)
    sqrtf                                    0x08005fb5   Thumb Code    44  sqrtf.o(i.sqrtf)
    tanf                                     0x08005fe1   Thumb Code   314  tanf.o(i.tanf)
    OLED_F8x16                               0x08006194   Data        1520  oled.o(.constdata)
    OLED_F16x16                              0x08006784   Data         160  oled.o(.constdata)
    TX_ADDRESS                               0x08006824   Data           5  nrf24l01.o(.constdata)
    RX_ADDRESS                               0x08006829   Data           5  nrf24l01.o(.constdata)
    AHBPrescTable                            0x08006840   Data          16  system_stm32f1xx.o(.constdata)
    APBPrescTable                            0x08006850   Data           8  system_stm32f1xx.o(.constdata)
    Region$$Table$$Base                      0x080069b8   Number         0  anon$$obj.o(Region$$Table)
    Region$$Table$$Limit                     0x080069d8   Number         0  anon$$obj.o(Region$$Table)
    key                                      0x20000000   Data           1  main.o(.data)
    maxduty                                  0x20000004   Data           4  main.o(.data)
    dcm_kp                                   0x20000018   Data           4  mahony.o(.data)
    dcm_ki                                   0x2000001c   Data           4  mahony.o(.data)
    initialRoll                              0x2000002c   Data           4  mahony.o(.data)
    initialPitch                             0x20000030   Data           4  mahony.o(.data)
    imu_offset_flag                          0x20000038   Data           1  imu_data.o(.data)
    pFilter_Param_Gx                         0x2000003c   Data           4  imu_data.o(.data)
    pFilter_Param_Gy                         0x20000040   Data           4  imu_data.o(.data)
    pFilter_Param_Gz                         0x20000044   Data           4  imu_data.o(.data)
    pFilter_Param_Ax                         0x20000048   Data           4  imu_data.o(.data)
    pFilter_Param_Ay                         0x2000004c   Data           4  imu_data.o(.data)
    pFilter_Param_Az                         0x20000050   Data           4  imu_data.o(.data)
    acc_data                                 0x20000058   Data           6  imu_data.o(.data)
    gyro_data                                0x2000005e   Data           6  imu_data.o(.data)
    pitch_offset                             0x20000068   Data           8  imu_data.o(.data)
    roll_offset                              0x20000070   Data           8  imu_data.o(.data)
    yaw_offset                               0x20000078   Data           8  imu_data.o(.data)
    roll_offset_sum                          0x20000080   Data           8  imu_data.o(.data)
    pitch_offset_sum                         0x20000088   Data           8  imu_data.o(.data)
    yaw_offset_sum                           0x20000090   Data           8  imu_data.o(.data)
    imu_init_flag                            0x20000098   Data           1  imu_data.o(.data)
    attitude_roll                            0x2000009c   Data           4  imu_data.o(.data)
    attitude_pitch                           0x200000a0   Data           4  imu_data.o(.data)
    attitude_yaw                             0x200000a4   Data           4  imu_data.o(.data)
    LR                                       0x200000a8   Data           4  commu.o(.data)
    UN                                       0x200000ac   Data           4  commu.o(.data)
    BUF                                      0x200000b0   Data           5  commu.o(.data)
    uwTickFreq                               0x200000cc   Data           1  stm32f1xx_hal.o(.data)
    uwTickPrio                               0x200000d0   Data           4  stm32f1xx_hal.o(.data)
    uwTick                                   0x200000d4   Data           4  stm32f1xx_hal.o(.data)
    SystemCoreClock                          0x200000d8   Data           4  system_stm32f1xx.o(.data)
    __stdout                                 0x200000dc   Data           4  stdout.o(.data)
    hi2c2                                    0x200000e4   Data          84  i2c.o(.bss)
    hspi2                                    0x20000138   Data          88  spi.o(.bss)
    htim1                                    0x20000190   Data          72  tim.o(.bss)
    htim2                                    0x200001d8   Data          72  tim.o(.bss)
    htim4                                    0x20000220   Data          72  tim.o(.bss)
    huart1                                   0x20000268   Data          72  usart.o(.bss)
    ahrs                                     0x200002b0   Data         116  ahrs.o(.bss)
    rMat                                     0x20000324   Data          36  mahony.o(.bss)
    imu_data                                 0x20000348   Data          24  imu_data.o(.bss)
    Filter_Param_Gx                          0x20000360   Data          32  imu_data.o(.bss)
    Filter_Param_Gy                          0x20000380   Data          32  imu_data.o(.bss)
    Filter_Param_Gz                          0x200003a0   Data          32  imu_data.o(.bss)
    Filter_Param_Ax                          0x200003c0   Data          32  imu_data.o(.bss)
    Filter_Param_Ay                          0x200003e0   Data          32  imu_data.o(.bss)
    Filter_Param_Az                          0x20000400   Data          32  imu_data.o(.bss)
    tmp_buf                                  0x20000420   Data          33  commu.o(.bss)
    __initial_sp                             0x20000848   Data           0  startup_stm32f103xb.o(STACK)



==============================================================================

Memory Map of the image

  Image Entry point : 0x080000ed

  Load Region LR_IROM1 (Base: 0x08000000, Size: 0x00006abc, Max: 0x00010000, ABSOLUTE)

    Execution Region ER_IROM1 (Exec base: 0x08000000, Load base: 0x08000000, Size: 0x000069d8, Max: 0x00010000, ABSOLUTE)

    Exec Addr    Load Addr    Size         Type   Attr      Idx    E Section Name        Object

    0x08000000   0x08000000   0x000000ec   Data   RO            3    RESET               startup_stm32f103xb.o
    0x080000ec   0x080000ec   0x00000000   Code   RO         5367  * .ARM.Collect$$$$00000000  mc_w.l(entry.o)
    0x080000ec   0x080000ec   0x00000004   Code   RO         5688    .ARM.Collect$$$$00000001  mc_w.l(entry2.o)
    0x080000f0   0x080000f0   0x00000004   Code   RO         5691    .ARM.Collect$$$$00000004  mc_w.l(entry5.o)
    0x080000f4   0x080000f4   0x00000000   Code   RO         5693    .ARM.Collect$$$$00000008  mc_w.l(entry7b.o)
    0x080000f4   0x080000f4   0x00000000   Code   RO         5695    .ARM.Collect$$$$0000000A  mc_w.l(entry8b.o)
    0x080000f4   0x080000f4   0x00000008   Code   RO         5696    .ARM.Collect$$$$0000000B  mc_w.l(entry9a.o)
    0x080000fc   0x080000fc   0x00000004   Code   RO         5703    .ARM.Collect$$$$0000000E  mc_w.l(entry12b.o)
    0x08000100   0x08000100   0x00000000   Code   RO         5698    .ARM.Collect$$$$0000000F  mc_w.l(entry10a.o)
    0x08000100   0x08000100   0x00000000   Code   RO         5700    .ARM.Collect$$$$00000011  mc_w.l(entry11a.o)
    0x08000100   0x08000100   0x00000004   Code   RO         5689    .ARM.Collect$$$$00002712  mc_w.l(entry2.o)
    0x08000104   0x08000104   0x00000024   Code   RO            4    .text               startup_stm32f103xb.o
    0x08000128   0x08000128   0x00000020   Code   RO         5370    .text               mc_w.l(llushr.o)
    0x08000148   0x08000148   0x00000024   Code   RO         5372    .text               mc_w.l(memcpya.o)
    0x0800016c   0x0800016c   0x00000024   Code   RO         5374    .text               mc_w.l(memseta.o)
    0x08000190   0x08000190   0x000000b0   Code   RO         5639    .text               mf_w.l(fadd.o)
    0x08000240   0x08000240   0x00000064   Code   RO         5641    .text               mf_w.l(fmul.o)
    0x080002a4   0x080002a4   0x0000007c   Code   RO         5643    .text               mf_w.l(fdiv.o)
    0x08000320   0x08000320   0x00000018   Code   RO         5645    .text               mf_w.l(fscalb.o)
    0x08000338   0x08000338   0x0000014e   Code   RO         5647    .text               mf_w.l(dadd.o)
    0x08000486   0x08000486   0x000000e4   Code   RO         5649    .text               mf_w.l(dmul.o)
    0x0800056a   0x0800056a   0x000000de   Code   RO         5651    .text               mf_w.l(ddiv.o)
    0x08000648   0x08000648   0x00000012   Code   RO         5653    .text               mf_w.l(fflti.o)
    0x0800065a   0x0800065a   0x0000000a   Code   RO         5655    .text               mf_w.l(ffltui.o)
    0x08000664   0x08000664   0x00000022   Code   RO         5657    .text               mf_w.l(dflti.o)
    0x08000686   0x08000686   0x00000032   Code   RO         5659    .text               mf_w.l(ffixi.o)
    0x080006b8   0x080006b8   0x00000026   Code   RO         5661    .text               mf_w.l(f2d.o)
    0x080006de   0x080006de   0x00000038   Code   RO         5663    .text               mf_w.l(d2f.o)
    0x08000716   0x08000716   0x0000002c   Code   RO         5705    .text               mc_w.l(uidiv.o)
    0x08000742   0x08000742   0x0000001e   Code   RO         5709    .text               mc_w.l(llshl.o)
    0x08000760   0x08000760   0x00000024   Code   RO         5711    .text               mc_w.l(llsshr.o)
    0x08000784   0x08000784   0x00000000   Code   RO         5720    .text               mc_w.l(iusefp.o)
    0x08000784   0x08000784   0x0000006e   Code   RO         5721    .text               mf_w.l(fepilogue.o)
    0x080007f2   0x080007f2   0x0000005e   Code   RO         5723    .text               mf_w.l(fsqrt.o)
    0x08000850   0x08000850   0x0000003c   Code   RO         5725    .text               mf_w.l(frnd.o)
    0x0800088c   0x0800088c   0x000000ba   Code   RO         5727    .text               mf_w.l(depilogue.o)
    0x08000946   0x08000946   0x0000004c   Code   RO         5731    .text               mf_w.l(ffixir.o)
    0x08000992   0x08000992   0x00000004   Code   RO         5735    .text               mf_w.l(fpstat.o)
    0x08000996   0x08000996   0x00000002   PAD
    0x08000998   0x08000998   0x00000024   Code   RO         5737    .text               mc_w.l(init.o)
    0x080009bc   0x080009bc   0x00000002   Code   RO         1163    i.BusFault_Handler  stm32f1xx_it.o
    0x080009be   0x080009be   0x00000002   Code   RO         1164    i.DebugMon_Handler  stm32f1xx_it.o
    0x080009c0   0x080009c0   0x00000004   Code   RO           13    i.Error_Handler     main.o
    0x080009c4   0x080009c4   0x00000054   Code   RO         1432    i.Filter_init       imu_data.o
    0x08000a18   0x08000a18   0x00000028   Code   RO         1546    i.FusionAhrsInitialise  fusionahrs.o
    0x08000a40   0x08000a40   0x0000004c   Code   RO         1547    i.FusionAhrsReset   fusionahrs.o
    0x08000a8c   0x08000a8c   0x000000bc   Code   RO         1550    i.FusionAhrsSetSettings  fusionahrs.o
    0x08000b48   0x08000b48   0x0000000c   Code   RO         1555    i.FusionDegreesToRadians  fusionahrs.o
    0x08000b54   0x08000b54   0x00000046   Code   RO         3020    i.HAL_DMA_Abort     stm32f1xx_hal_dma.o
    0x08000b9a   0x08000b9a   0x00000002   PAD
    0x08000b9c   0x08000b9c   0x00000098   Code   RO         3021    i.HAL_DMA_Abort_IT  stm32f1xx_hal_dma.o
    0x08000c34   0x08000c34   0x00000024   Code   RO         2646    i.HAL_Delay         stm32f1xx_hal.o
    0x08000c58   0x08000c58   0x000001e0   Code   RO         2956    i.HAL_GPIO_Init     stm32f1xx_hal_gpio.o
    0x08000e38   0x08000e38   0x0000000a   Code   RO         2958    i.HAL_GPIO_ReadPin  stm32f1xx_hal_gpio.o
    0x08000e42   0x08000e42   0x00000010   Code   RO         2959    i.HAL_GPIO_TogglePin  stm32f1xx_hal_gpio.o
    0x08000e52   0x08000e52   0x0000000a   Code   RO         2960    i.HAL_GPIO_WritePin  stm32f1xx_hal_gpio.o
    0x08000e5c   0x08000e5c   0x0000000c   Code   RO         2650    i.HAL_GetTick       stm32f1xx_hal.o
    0x08000e68   0x08000e68   0x00000188   Code   RO         2213    i.HAL_I2C_Init      stm32f1xx_hal_i2c.o
    0x08000ff0   0x08000ff0   0x0000025c   Code   RO         2231    i.HAL_I2C_Mem_Read  stm32f1xx_hal_i2c.o
    0x0800124c   0x0800124c   0x00000130   Code   RO         2234    i.HAL_I2C_Mem_Write  stm32f1xx_hal_i2c.o
    0x0800137c   0x0800137c   0x00000060   Code   RO          966    i.HAL_I2C_MspInit   i2c.o
    0x080013dc   0x080013dc   0x00000010   Code   RO         2656    i.HAL_IncTick       stm32f1xx_hal.o
    0x080013ec   0x080013ec   0x00000024   Code   RO         2657    i.HAL_Init          stm32f1xx_hal.o
    0x08001410   0x08001410   0x00000040   Code   RO         2658    i.HAL_InitTick      stm32f1xx_hal.o
    0x08001450   0x08001450   0x0000003c   Code   RO         1257    i.HAL_MspInit       stm32f1xx_hal_msp.o
    0x0800148c   0x0800148c   0x0000001a   Code   RO         3116    i.HAL_NVIC_EnableIRQ  stm32f1xx_hal_cortex.o
    0x080014a6   0x080014a6   0x00000002   PAD
    0x080014a8   0x080014a8   0x00000040   Code   RO         3122    i.HAL_NVIC_SetPriority  stm32f1xx_hal_cortex.o
    0x080014e8   0x080014e8   0x00000024   Code   RO         3123    i.HAL_NVIC_SetPriorityGrouping  stm32f1xx_hal_cortex.o
    0x0800150c   0x0800150c   0x0000012c   Code   RO         2814    i.HAL_RCC_ClockConfig  stm32f1xx_hal_rcc.o
    0x08001638   0x08001638   0x00000020   Code   RO         2821    i.HAL_RCC_GetPCLK1Freq  stm32f1xx_hal_rcc.o
    0x08001658   0x08001658   0x00000020   Code   RO         2822    i.HAL_RCC_GetPCLK2Freq  stm32f1xx_hal_rcc.o
    0x08001678   0x08001678   0x0000004c   Code   RO         2823    i.HAL_RCC_GetSysClockFreq  stm32f1xx_hal_rcc.o
    0x080016c4   0x080016c4   0x00000320   Code   RO         2826    i.HAL_RCC_OscConfig  stm32f1xx_hal_rcc.o
    0x080019e4   0x080019e4   0x00000002   Code   RO         3623    i.HAL_SPI_ErrorCallback  stm32f1xx_hal_spi.o
    0x080019e6   0x080019e6   0x00000002   PAD
    0x080019e8   0x080019e8   0x000000e0   Code   RO         3626    i.HAL_SPI_IRQHandler  stm32f1xx_hal_spi.o
    0x08001ac8   0x08001ac8   0x000000b2   Code   RO         3627    i.HAL_SPI_Init      stm32f1xx_hal_spi.o
    0x08001b7a   0x08001b7a   0x00000002   PAD
    0x08001b7c   0x08001b7c   0x00000084   Code   RO         1008    i.HAL_SPI_MspInit   spi.o
    0x08001c00   0x08001c00   0x000001f0   Code   RO         3636    i.HAL_SPI_TransmitReceive  stm32f1xx_hal_spi.o
    0x08001df0   0x08001df0   0x00000028   Code   RO         3127    i.HAL_SYSTICK_Config  stm32f1xx_hal_cortex.o
    0x08001e18   0x08001e18   0x00000002   Code   RO         4644    i.HAL_TIMEx_BreakCallback  stm32f1xx_hal_tim_ex.o
    0x08001e1a   0x08001e1a   0x00000002   Code   RO         4645    i.HAL_TIMEx_CommutCallback  stm32f1xx_hal_tim_ex.o
    0x08001e1c   0x08001e1c   0x00000054   Code   RO         4647    i.HAL_TIMEx_ConfigBreakDeadTime  stm32f1xx_hal_tim_ex.o
    0x08001e70   0x08001e70   0x00000068   Code   RO         4663    i.HAL_TIMEx_MasterConfigSynchronization  stm32f1xx_hal_tim_ex.o
    0x08001ed8   0x08001ed8   0x0000005a   Code   RO         3940    i.HAL_TIM_Base_Init  stm32f1xx_hal_tim.o
    0x08001f32   0x08001f32   0x00000002   PAD
    0x08001f34   0x08001f34   0x00000038   Code   RO         1050    i.HAL_TIM_Base_MspInit  tim.o
    0x08001f6c   0x08001f6c   0x00000058   Code   RO         3945    i.HAL_TIM_Base_Start_IT  stm32f1xx_hal_tim.o
    0x08001fc4   0x08001fc4   0x000000dc   Code   RO         3949    i.HAL_TIM_ConfigClockSource  stm32f1xx_hal_tim.o
    0x080020a0   0x080020a0   0x00000002   Code   RO         3974    i.HAL_TIM_IC_CaptureCallback  stm32f1xx_hal_tim.o
    0x080020a2   0x080020a2   0x00000130   Code   RO         3988    i.HAL_TIM_IRQHandler  stm32f1xx_hal_tim.o
    0x080021d2   0x080021d2   0x00000002   PAD
    0x080021d4   0x080021d4   0x00000078   Code   RO         1051    i.HAL_TIM_MspPostInit  tim.o
    0x0800224c   0x0800224c   0x00000002   Code   RO         3991    i.HAL_TIM_OC_DelayElapsedCallback  stm32f1xx_hal_tim.o
    0x0800224e   0x0800224e   0x000000cc   Code   RO         4012    i.HAL_TIM_PWM_ConfigChannel  stm32f1xx_hal_tim.o
    0x0800231a   0x0800231a   0x0000005a   Code   RO         4015    i.HAL_TIM_PWM_Init  stm32f1xx_hal_tim.o
    0x08002374   0x08002374   0x00000040   Code   RO         1053    i.HAL_TIM_PWM_MspInit  tim.o
    0x080023b4   0x080023b4   0x00000002   Code   RO         4018    i.HAL_TIM_PWM_PulseFinishedCallback  stm32f1xx_hal_tim.o
    0x080023b6   0x080023b6   0x00000002   PAD
    0x080023b8   0x080023b8   0x0000009c   Code   RO         4020    i.HAL_TIM_PWM_Start  stm32f1xx_hal_tim.o
    0x08002454   0x08002454   0x00000020   Code   RO           14    i.HAL_TIM_PeriodElapsedCallback  main.o
    0x08002474   0x08002474   0x00000002   Code   RO         4031    i.HAL_TIM_TriggerCallback  stm32f1xx_hal_tim.o
    0x08002476   0x08002476   0x00000002   Code   RO         4923    i.HAL_UARTEx_RxEventCallback  stm32f1xx_hal_uart.o
    0x08002478   0x08002478   0x00000002   Code   RO         4937    i.HAL_UART_ErrorCallback  stm32f1xx_hal_uart.o
    0x0800247a   0x0800247a   0x00000002   PAD
    0x0800247c   0x0800247c   0x0000026c   Code   RO         4940    i.HAL_UART_IRQHandler  stm32f1xx_hal_uart.o
    0x080026e8   0x080026e8   0x00000064   Code   RO         4941    i.HAL_UART_Init     stm32f1xx_hal_uart.o
    0x0800274c   0x0800274c   0x00000080   Code   RO         1122    i.HAL_UART_MspInit  usart.o
    0x080027cc   0x080027cc   0x00000002   Code   RO         4947    i.HAL_UART_RxCpltCallback  stm32f1xx_hal_uart.o
    0x080027ce   0x080027ce   0x000000a0   Code   RO         4949    i.HAL_UART_Transmit  stm32f1xx_hal_uart.o
    0x0800286e   0x0800286e   0x00000002   Code   RO         4952    i.HAL_UART_TxCpltCallback  stm32f1xx_hal_uart.o
    0x08002870   0x08002870   0x00000002   Code   RO         1165    i.HardFault_Handler  stm32f1xx_it.o
    0x08002872   0x08002872   0x0000002e   Code   RO         2256    i.I2C_IsAcknowledgeFailed  stm32f1xx_hal_i2c.o
    0x080028a0   0x080028a0   0x000000fc   Code   RO         2266    i.I2C_RequestMemoryRead  stm32f1xx_hal_i2c.o
    0x0800299c   0x0800299c   0x000000a8   Code   RO         2267    i.I2C_RequestMemoryWrite  stm32f1xx_hal_i2c.o
    0x08002a44   0x08002a44   0x00000056   Code   RO         2271    i.I2C_WaitOnBTFFlagUntilTimeout  stm32f1xx_hal_i2c.o
    0x08002a9a   0x08002a9a   0x00000002   PAD
    0x08002a9c   0x08002a9c   0x00000090   Code   RO         2272    i.I2C_WaitOnFlagUntilTimeout  stm32f1xx_hal_i2c.o
    0x08002b2c   0x08002b2c   0x000000bc   Code   RO         2273    i.I2C_WaitOnMasterAddressFlagUntilTimeout  stm32f1xx_hal_i2c.o
    0x08002be8   0x08002be8   0x00000070   Code   RO         2274    i.I2C_WaitOnRXNEFlagUntilTimeout  stm32f1xx_hal_i2c.o
    0x08002c58   0x08002c58   0x00000056   Code   RO         2275    i.I2C_WaitOnTXEFlagUntilTimeout  stm32f1xx_hal_i2c.o
    0x08002cae   0x08002cae   0x00000002   PAD
    0x08002cb0   0x08002cb0   0x000000b4   Code   RO         2025    i.KEY_Scan          led.o
    0x08002d64   0x08002d64   0x000000fc   Code   RO         2026    i.LED_Callback      led.o
    0x08002e60   0x08002e60   0x00000030   Code   RO         1796    i.MPU_Get_Accelerometer  mpu6050driver.o
    0x08002e90   0x08002e90   0x00000030   Code   RO         1797    i.MPU_Get_Gyroscope  mpu6050driver.o
    0x08002ec0   0x08002ec0   0x0000007c   Code   RO         1799    i.MPU_Init          mpu6050driver.o
    0x08002f3c   0x08002f3c   0x00000034   Code   RO         1800    i.MPU_Read_Byte     mpu6050driver.o
    0x08002f70   0x08002f70   0x00000020   Code   RO         1801    i.MPU_Read_Len      mpu6050driver.o
    0x08002f90   0x08002f90   0x0000000a   Code   RO         1802    i.MPU_Set_Accel_Fsr  mpu6050driver.o
    0x08002f9a   0x08002f9a   0x0000000a   Code   RO         1803    i.MPU_Set_Gyro_Fsr  mpu6050driver.o
    0x08002fa4   0x08002fa4   0x00000030   Code   RO         1804    i.MPU_Set_LPF       mpu6050driver.o
    0x08002fd4   0x08002fd4   0x0000002e   Code   RO         1805    i.MPU_Set_Rate      mpu6050driver.o
    0x08003002   0x08003002   0x00000002   PAD
    0x08003004   0x08003004   0x00000030   Code   RO         1806    i.MPU_Write_Byte    mpu6050driver.o
    0x08003034   0x08003034   0x000000b8   Code   RO          941    i.MX_GPIO_Init      gpio.o
    0x080030ec   0x080030ec   0x00000040   Code   RO          967    i.MX_I2C2_Init      i2c.o
    0x0800312c   0x0800312c   0x00000048   Code   RO         1009    i.MX_SPI2_Init      spi.o
    0x08003174   0x08003174   0x000000a0   Code   RO         1054    i.MX_TIM1_Init      tim.o
    0x08003214   0x08003214   0x00000064   Code   RO         1055    i.MX_TIM2_Init      tim.o
    0x08003278   0x08003278   0x00000080   Code   RO         1056    i.MX_TIM4_Init      tim.o
    0x080032f8   0x080032f8   0x00000038   Code   RO         1123    i.MX_USART1_UART_Init  usart.o
    0x08003330   0x08003330   0x00000002   Code   RO         1166    i.MemManage_Handler  stm32f1xx_it.o
    0x08003332   0x08003332   0x00000002   Code   RO         1167    i.NMI_Handler       stm32f1xx_it.o
    0x08003334   0x08003334   0x0000004c   Code   RO         2059    i.NRF24L01_Check    nrf24l01.o
    0x08003380   0x08003380   0x00000050   Code   RO         2062    i.NRF24L01_Read_Buf  nrf24l01.o
    0x080033d0   0x080033d0   0x00000038   Code   RO         2063    i.NRF24L01_Read_Reg  nrf24l01.o
    0x08003408   0x08003408   0x0000006c   Code   RO         2066    i.NRF24L01_TX_Mode  nrf24l01.o
    0x08003474   0x08003474   0x0000006c   Code   RO         2067    i.NRF24L01_TxPacket  nrf24l01.o
    0x080034e0   0x080034e0   0x00000054   Code   RO         2068    i.NRF24L01_Write_Buf  nrf24l01.o
    0x08003534   0x08003534   0x0000003c   Code   RO         2069    i.NRF24L01_Write_Reg  nrf24l01.o
    0x08003570   0x08003570   0x00000026   Code   RO         1886    i.OLED_Clear        oled.o
    0x08003596   0x08003596   0x00000002   PAD
    0x08003598   0x08003598   0x0000005c   Code   RO         1889    i.OLED_I2C_SendByte  oled.o
    0x080035f4   0x080035f4   0x00000034   Code   RO         1890    i.OLED_I2C_Start    oled.o
    0x08003628   0x08003628   0x0000002c   Code   RO         1891    i.OLED_I2C_Stop     oled.o
    0x08003654   0x08003654   0x000000a8   Code   RO         1892    i.OLED_Init         oled.o
    0x080036fc   0x080036fc   0x0000000e   Code   RO         1893    i.OLED_Pow          oled.o
    0x0800370a   0x0800370a   0x00000022   Code   RO         1894    i.OLED_SetCursor    oled.o
    0x0800372c   0x0800372c   0x00000068   Code   RO         1896    i.OLED_ShowChar     oled.o
    0x08003794   0x08003794   0x000000b2   Code   RO         1898    i.OLED_ShowFNum     oled.o
    0x08003846   0x08003846   0x00000026   Code   RO         1902    i.OLED_ShowString   oled.o
    0x0800386c   0x0800386c   0x00000022   Code   RO         1904    i.OLED_WriteCommand  oled.o
    0x0800388e   0x0800388e   0x00000022   Code   RO         1905    i.OLED_WriteData    oled.o
    0x080038b0   0x080038b0   0x00000002   Code   RO         1168    i.PendSV_Handler    stm32f1xx_it.o
    0x080038b2   0x080038b2   0x00000002   PAD
    0x080038b4   0x080038b4   0x0000000c   Code   RO         1169    i.SPI2_IRQHandler   stm32f1xx_it.o
    0x080038c0   0x080038c0   0x00000034   Code   RO         2071    i.SPI2_SetSpeed     nrf24l01.o
    0x080038f4   0x080038f4   0x00000010   Code   RO         3654    i.SPI_DMAAbortOnError  stm32f1xx_hal_spi.o
    0x08003904   0x08003904   0x00000034   Code   RO         3665    i.SPI_EndRxTxTransaction  stm32f1xx_hal_spi.o
    0x08003938   0x08003938   0x000000b8   Code   RO         3670    i.SPI_WaitFlagStateUntilTimeout  stm32f1xx_hal_spi.o
    0x080039f0   0x080039f0   0x00000020   Code   RO         2072    i.SPIx_ReadWriteByte  nrf24l01.o
    0x08003a10   0x08003a10   0x00000002   Code   RO         1170    i.SVC_Handler       stm32f1xx_it.o
    0x08003a12   0x08003a12   0x00000004   Code   RO         1171    i.SysTick_Handler   stm32f1xx_it.o
    0x08003a16   0x08003a16   0x0000005e   Code   RO           15    i.SystemClock_Config  main.o
    0x08003a74   0x08003a74   0x00000002   Code   RO         5275    i.SystemInit        system_stm32f1xx.o
    0x08003a76   0x08003a76   0x00000002   PAD
    0x08003a78   0x08003a78   0x0000000c   Code   RO         1172    i.TIM2_IRQHandler   stm32f1xx_it.o
    0x08003a84   0x08003a84   0x00000078   Code   RO         4033    i.TIM_Base_SetConfig  stm32f1xx_hal_tim.o
    0x08003afc   0x08003afc   0x0000001a   Code   RO         4034    i.TIM_CCxChannelCmd  stm32f1xx_hal_tim.o
    0x08003b16   0x08003b16   0x00000014   Code   RO         4044    i.TIM_ETR_SetConfig  stm32f1xx_hal_tim.o
    0x08003b2a   0x08003b2a   0x00000010   Code   RO         4045    i.TIM_ITRx_SetConfig  stm32f1xx_hal_tim.o
    0x08003b3a   0x08003b3a   0x00000002   PAD
    0x08003b3c   0x08003b3c   0x00000050   Code   RO         4046    i.TIM_OC1_SetConfig  stm32f1xx_hal_tim.o
    0x08003b8c   0x08003b8c   0x00000058   Code   RO         4047    i.TIM_OC2_SetConfig  stm32f1xx_hal_tim.o
    0x08003be4   0x08003be4   0x00000058   Code   RO         4048    i.TIM_OC3_SetConfig  stm32f1xx_hal_tim.o
    0x08003c3c   0x08003c3c   0x00000044   Code   RO         4049    i.TIM_OC4_SetConfig  stm32f1xx_hal_tim.o
    0x08003c80   0x08003c80   0x00000022   Code   RO         4051    i.TIM_TI1_ConfigInputStage  stm32f1xx_hal_tim.o
    0x08003ca2   0x08003ca2   0x00000024   Code   RO         4053    i.TIM_TI2_ConfigInputStage  stm32f1xx_hal_tim.o
    0x08003cc6   0x08003cc6   0x00000010   Code   RO         4954    i.UART_DMAAbortOnError  stm32f1xx_hal_uart.o
    0x08003cd6   0x08003cd6   0x0000004e   Code   RO         4964    i.UART_EndRxTransfer  stm32f1xx_hal_uart.o
    0x08003d24   0x08003d24   0x000000c2   Code   RO         4966    i.UART_Receive_IT   stm32f1xx_hal_uart.o
    0x08003de6   0x08003de6   0x00000002   PAD
    0x08003de8   0x08003de8   0x000000b8   Code   RO         4967    i.UART_SetConfig    stm32f1xx_hal_uart.o
    0x08003ea0   0x08003ea0   0x00000072   Code   RO         4970    i.UART_WaitOnFlagUntilTimeout  stm32f1xx_hal_uart.o
    0x08003f12   0x08003f12   0x00000002   PAD
    0x08003f14   0x08003f14   0x0000000c   Code   RO         1173    i.USART1_IRQHandler  stm32f1xx_it.o
    0x08003f20   0x08003f20   0x00000002   Code   RO         1174    i.UsageFault_Handler  stm32f1xx_it.o
    0x08003f22   0x08003f22   0x00000002   PAD
    0x08003f24   0x08003f24   0x00000020   Code   RO         5533    i.__0printf$6       mc_w.l(printf6.o)
    0x08003f44   0x08003f44   0x00000026   Code   RO         5669    i.__ARM_fpclassifyf  m_ws.l(fpclassifyf.o)
    0x08003f6a   0x08003f6a   0x00000020   Code   RO         3129    i.__NVIC_SetPriority  stm32f1xx_hal_cortex.o
    0x08003f8a   0x08003f8a   0x0000000a   Code   RO         5671    i.__mathlib_flt_divzero  m_ws.l(funder.o)
    0x08003f94   0x08003f94   0x00000006   Code   RO         5672    i.__mathlib_flt_infnan  m_ws.l(funder.o)
    0x08003f9a   0x08003f9a   0x00000004   Code   RO         5673    i.__mathlib_flt_infnan2  m_ws.l(funder.o)
    0x08003f9e   0x08003f9e   0x00000008   Code   RO         5674    i.__mathlib_flt_invalid  m_ws.l(funder.o)
    0x08003fa6   0x08003fa6   0x0000000a   Code   RO         5675    i.__mathlib_flt_overflow  m_ws.l(funder.o)
    0x08003fb0   0x08003fb0   0x0000000a   Code   RO         5677    i.__mathlib_flt_underflow  m_ws.l(funder.o)
    0x08003fba   0x08003fba   0x00000002   PAD
    0x08003fbc   0x08003fbc   0x00000168   Code   RO         5685    i.__mathlib_rredf2  m_ws.l(rredf.o)
    0x08004124   0x08004124   0x0000000e   Code   RO         5741    i.__scatterload_copy  mc_w.l(handlers.o)
    0x08004132   0x08004132   0x00000002   Code   RO         5742    i.__scatterload_null  mc_w.l(handlers.o)
    0x08004134   0x08004134   0x0000000e   Code   RO         5743    i.__scatterload_zeroinit  mc_w.l(handlers.o)
    0x08004142   0x08004142   0x00000002   PAD
    0x08004144   0x08004144   0x0000000c   Code   RO         5715    i.__set_errno       mc_w.l(errno.o)
    0x08004150   0x08004150   0x000002f0   Code   RO         5540    i._printf_core      mc_w.l(printf6.o)
    0x08004440   0x08004440   0x00000024   Code   RO         5541    i._printf_post_padding  mc_w.l(printf6.o)
    0x08004464   0x08004464   0x0000002e   Code   RO         5542    i._printf_pre_padding  mc_w.l(printf6.o)
    0x08004492   0x08004492   0x00000002   PAD
    0x08004494   0x08004494   0x00000124   Code   RO         5310    i.asinf             m_ws.l(asinf.o)
    0x080045b8   0x080045b8   0x000002a4   Code   RO         5318    i.atan2f            m_ws.l(atan2f.o)
    0x0800485c   0x0800485c   0x000000b8   Code   RO         1282    i.cal_iir_coeff     filters.o
    0x08004914   0x08004914   0x0000017c   Code   RO         5326    i.cosf              m_ws.l(cosf.o)
    0x08004a90   0x08004a90   0x00000060   Code   RO         1486    i.data_process      commu.o
    0x08004af0   0x08004af0   0x0000001c   Code   RO           16    i.fputc             main.o
    0x08004b0c   0x08004b0c   0x00000068   Code   RO         1283    i.get_iir_output    filters.o
    0x08004b74   0x08004b74   0x0000006c   Code   RO         1374    i.imuCalculateEstimatedAttitude  mahony.o
    0x08004be0   0x08004be0   0x00000120   Code   RO         1375    i.imuComputeRotationMatrix  mahony.o
    0x08004d00   0x08004d00   0x00000150   Code   RO         1376    i.imuInit           mahony.o
    0x08004e50   0x08004e50   0x00000476   Code   RO         1377    i.imuMahonyAHRSupdate  mahony.o
    0x080052c6   0x080052c6   0x00000002   PAD
    0x080052c8   0x080052c8   0x00000054   Code   RO         1378    i.imuUpdateEulerAngles  mahony.o
    0x0800531c   0x0800531c   0x00000014   Code   RO         1379    i.invSqrt           mahony.o
    0x08005330   0x08005330   0x000001f8   Code   RO           17    i.main              main.o
    0x08005528   0x08005528   0x00000090   Code   RO         1433    i.navi_glory_sum_offset  imu_data.o
    0x080055b8   0x080055b8   0x00000210   Code   RO         1434    i.navi_prepare_imu_data  imu_data.o
    0x080057c8   0x080057c8   0x00000620   Code   RO         5334    i.powf              m_ws.l(powf.o)
    0x08005de8   0x08005de8   0x00000044   Code   RO         1487    i.sent_data         commu.o
    0x08005e2c   0x08005e2c   0x00000188   Code   RO         5344    i.sinf              m_ws.l(sinf.o)
    0x08005fb4   0x08005fb4   0x0000002c   Code   RO         5352    i.sqrtf             m_ws.l(sqrtf.o)
    0x08005fe0   0x08005fe0   0x00000174   Code   RO         5360    i.tanf              m_ws.l(tanf.o)
    0x08006154   0x08006154   0x00000018   Data   RO         1442    .constdata          imu_data.o
    0x0800616c   0x0800616c   0x00000028   Data   RO         1570    .constdata          fusionahrs.o
    0x08006194   0x08006194   0x00000690   Data   RO         1906    .constdata          oled.o
    0x08006824   0x08006824   0x0000000a   Data   RO         2073    .constdata          nrf24l01.o
    0x0800682e   0x0800682e   0x00000012   Data   RO         2827    .constdata          stm32f1xx_hal_rcc.o
    0x08006840   0x08006840   0x00000010   Data   RO         5276    .constdata          system_stm32f1xx.o
    0x08006850   0x08006850   0x00000008   Data   RO         5277    .constdata          system_stm32f1xx.o
    0x08006858   0x08006858   0x00000140   Data   RO         5335    .constdata          m_ws.l(powf.o)
    0x08006998   0x08006998   0x00000020   Data   RO         5686    .constdata          m_ws.l(rredf.o)
    0x080069b8   0x080069b8   0x00000020   Data   RO         5739    Region$$Table       anon$$obj.o


    Execution Region RW_IRAM1 (Exec base: 0x20000000, Load base: 0x080069d8, Size: 0x00000848, Max: 0x00005000, ABSOLUTE)

    Exec Addr    Load Addr    Size         Type   Attr      Idx    E Section Name        Object

    0x20000000   0x080069d8   0x00000008   Data   RW           18    .data               main.o
    0x20000008   0x080069e0   0x0000002c   Data   RW         1381    .data               mahony.o
    0x20000034   0x08006a0c   0x00000004   PAD
    0x20000038   0x08006a10   0x00000060   Data   RW         1443    .data               imu_data.o
    0x20000098   0x08006a70   0x00000001   Data   RW         1444    .data               imu_data.o
    0x20000099   0x08006a71   0x00000003   PAD
    0x2000009c   0x08006a74   0x00000004   Data   RW         1445    .data               imu_data.o
    0x200000a0   0x08006a78   0x00000004   Data   RW         1446    .data               imu_data.o
    0x200000a4   0x08006a7c   0x00000004   Data   RW         1447    .data               imu_data.o
    0x200000a8   0x08006a80   0x0000000d   Data   RW         1490    .data               commu.o
    0x200000b5   0x08006a8d   0x00000003   PAD
    0x200000b8   0x08006a90   0x00000014   Data   RW         2027    .data               led.o
    0x200000cc   0x08006aa4   0x0000000c   Data   RW         2664    .data               stm32f1xx_hal.o
    0x200000d8   0x08006ab0   0x00000004   Data   RW         5278    .data               system_stm32f1xx.o
    0x200000dc   0x08006ab4   0x00000004   Data   RW         5704    .data               mc_w.l(stdout.o)
    0x200000e0   0x08006ab8   0x00000004   Data   RW         5716    .data               mc_w.l(errno.o)
    0x200000e4        -       0x00000054   Zero   RW          968    .bss                i2c.o
    0x20000138        -       0x00000058   Zero   RW         1010    .bss                spi.o
    0x20000190        -       0x000000d8   Zero   RW         1057    .bss                tim.o
    0x20000268        -       0x00000048   Zero   RW         1124    .bss                usart.o
    0x200002b0        -       0x00000074   Zero   RW         1322    .bss                ahrs.o
    0x20000324        -       0x00000024   Zero   RW         1380    .bss                mahony.o
    0x20000348        -       0x00000018   Zero   RW         1435    .bss                imu_data.o
    0x20000360        -       0x00000020   Zero   RW         1436    .bss                imu_data.o
    0x20000380        -       0x00000020   Zero   RW         1437    .bss                imu_data.o
    0x200003a0        -       0x00000020   Zero   RW         1438    .bss                imu_data.o
    0x200003c0        -       0x00000020   Zero   RW         1439    .bss                imu_data.o
    0x200003e0        -       0x00000020   Zero   RW         1440    .bss                imu_data.o
    0x20000400        -       0x00000020   Zero   RW         1441    .bss                imu_data.o
    0x20000420        -       0x00000021   Zero   RW         1489    .bss                commu.o
    0x20000441   0x08006abc   0x00000007   PAD
    0x20000448        -       0x00000400   Zero   RW            1    STACK               startup_stm32f103xb.o


==============================================================================

Image component sizes


      Code (inc. data)   RO Data    RW Data    ZI Data      Debug   Object Name

         0          0          0          0        116       5151   ahrs.o
       164         32          0         13         33       1741   commu.o
       288         10          0          0          0       2185   filters.o
       316         38         40          0          0       8809   fusionahrs.o
       184         16          0          0          0        963   gpio.o
       160         28          0          0         84       1661   i2c.o
       756         54         24        109        216       4082   imu_data.o
       432         50          0         20          0       1638   led.o
      1978         90          0         44         36       5132   mahony.o
       662        164          0          8          0     450850   main.o
       466         20          0          0          0       6307   mpu6050driver.o
       656         68         10          0          0       6119   nrf24l01.o
       830         20       1680          0          0       8116   oled.o
       204         24          0          0         88       1693   spi.o
        36          8        236          0       1024        804   startup_stm32f103xb.o
       164         28          0         12          0       5965   stm32f1xx_hal.o
       198         14          0          0          0      28991   stm32f1xx_hal_cortex.o
       222          4          0          0          0       1795   stm32f1xx_hal_dma.o
       516         34          0          0          0       4172   stm32f1xx_hal_gpio.o
      2382         56          0          0          0      13102   stm32f1xx_hal_i2c.o
        60          8          0          0          0        886   stm32f1xx_hal_msp.o
      1240         84         18          0          0       5160   stm32f1xx_hal_rcc.o
      1152          8          0          0          0       6786   stm32f1xx_hal_spi.o
      1736         56          0          0          0      15796   stm32f1xx_hal_tim.o
       192         12          0          0          0       3229   stm32f1xx_hal_tim_ex.o
      1474         10          0          0          0      10196   stm32f1xx_hal_uart.o
        56         18          0          0          0       5258   stm32f1xx_it.o
         2          0         24          4          0       1143   system_stm32f1xx.o
       628         58          0          0        216       4308   tim.o
       184         20          0          0         72       1718   usart.o

    ----------------------------------------------------------------------
     17376       1032       2064        220       1892     613756   Object Totals
         0          0         32          0          0          0   (incl. Generated)
        38          0          0         10          7          0   (incl. Padding)

    ----------------------------------------------------------------------

      Code (inc. data)   RO Data    RW Data    ZI Data      Debug   Library Member Name

       292         38          0          0          0        120   asinf.o
       676         78          0          0          0        116   atan2f.o
       380         52          0          0          0        124   cosf.o
        38          0          0          0          0         68   fpclassifyf.o
        48          0          0          0          0        408   funder.o
      1568         80        320          0          0        224   powf.o
       360         16         32          0          0         88   rredf.o
       392         54          0          0          0        124   sinf.o
        44          0          0          0          0         80   sqrtf.o
       372         58          0          0          0        124   tanf.o
         0          0          0          0          0          0   entry.o
         0          0          0          0          0          0   entry10a.o
         0          0          0          0          0          0   entry11a.o
         4          0          0          0          0          0   entry12b.o
         8          4          0          0          0          0   entry2.o
         4          0          0          0          0          0   entry5.o
         0          0          0          0          0          0   entry7b.o
         0          0          0          0          0          0   entry8b.o
         8          4          0          0          0          0   entry9a.o
        12          6          0          4          0         68   errno.o
        30          0          0          0          0          0   handlers.o
        36          8          0          0          0         68   init.o
         0          0          0          0          0          0   iusefp.o
        30          0          0          0          0         68   llshl.o
        36          0          0          0          0         68   llsshr.o
        32          0          0          0          0         68   llushr.o
        36          0          0          0          0         68   memcpya.o
        36          0          0          0          0        108   memseta.o
       866         14          0          0          0        352   printf6.o
         0          0          0          4          0          0   stdout.o
        44          0          0          0          0         80   uidiv.o
        56          0          0          0          0         88   d2f.o
       334          0          0          0          0        148   dadd.o
       222          0          0          0          0        100   ddiv.o
       186          0          0          0          0        176   depilogue.o
        34          0          0          0          0         76   dflti.o
       228          0          0          0          0         96   dmul.o
        38          0          0          0          0         68   f2d.o
       176          0          0          0          0        140   fadd.o
       124          0          0          0          0         88   fdiv.o
       110          0          0          0          0        168   fepilogue.o
        50          0          0          0          0         68   ffixi.o
        76          0          0          0          0         76   ffixir.o
        18          0          0          0          0         68   fflti.o
        10          0          0          0          0         68   ffltui.o
       100          0          0          0          0         76   fmul.o
         4          0          0          0          0         68   fpstat.o
        60          0          0          0          0         76   frnd.o
        24          0          0          0          0         68   fscalb.o
        94          0          0          0          0         96   fsqrt.o

    ----------------------------------------------------------------------
      7304        412        352          8          0       4236   Library Totals
         8          0          0          0          0          0   (incl. Padding)

    ----------------------------------------------------------------------

      Code (inc. data)   RO Data    RW Data    ZI Data      Debug   Library Name

      4170        376        352          0          0       1476   m_ws.l
      1182         36          0          8          0        948   mc_w.l
      1944          0          0          0          0       1812   mf_w.l

    ----------------------------------------------------------------------
      7304        412        352          8          0       4236   Library Totals

    ----------------------------------------------------------------------

==============================================================================


      Code (inc. data)   RO Data    RW Data    ZI Data      Debug   

     24680       1444       2416        228       1892     607796   Grand Totals
     24680       1444       2416        228       1892     607796   ELF Image Totals
     24680       1444       2416        228          0          0   ROM Totals

==============================================================================

    Total RO  Size (Code + RO Data)                27096 (  26.46kB)
    Total RW  Size (RW Data + ZI Data)              2120 (   2.07kB)
    Total ROM Size (Code + RO Data + RW Data)      27324 (  26.68kB)

==============================================================================

